<!doctype html public "-//w3c//dtd html 4.0 transitional//en">
<html><head>
<title>Static Call Graph - [.\Objects\am1815_spi_apollo3.axf]</title></head>
<body><HR>
<H1>Static Call Graph for image .\Objects\am1815_spi_apollo3.axf</H1><HR>
<BR><P>#&#060CALLGRAPH&#062# ARM Linker, 6180002: Last Updated: Fri Mar  3 10:42:04 2023
<BR><P>
<H3>Maximum Stack Usage =        440 bytes + Unknown(Cycles, Untraceable Function Pointers)</H3><H3>
Call chain for Maximum Stack Depth:</H3>
__rt_entry_main &rArr; main &rArr; sleep_loop &rArr; am_util_stdio_printf &rArr; am_util_stdio_vsprintf &rArr; ftoa &rArr; uint64_to_str &rArr; divu64_10
<P>
<H3>
Mutually Recursive functions
</H3> <LI><a href="#[2]">HardFault_Handler</a>&nbsp;&nbsp;&nbsp;&rArr;&nbsp;&nbsp;&nbsp;<a href="#[2]">HardFault_Handler</a><BR>
 <LI><a href="#[1]">NMI_Handler</a>&nbsp;&nbsp;&nbsp;&rArr;&nbsp;&nbsp;&nbsp;<a href="#[1]">NMI_Handler</a><BR>
 <LI><a href="#[3]">MemManage_Handler</a>&nbsp;&nbsp;&nbsp;&rArr;&nbsp;&nbsp;&nbsp;<a href="#[3]">MemManage_Handler</a><BR>
 <LI><a href="#[4]">BusFault_Handler</a>&nbsp;&nbsp;&nbsp;&rArr;&nbsp;&nbsp;&nbsp;<a href="#[4]">BusFault_Handler</a><BR>
 <LI><a href="#[5]">UsageFault_Handler</a>&nbsp;&nbsp;&nbsp;&rArr;&nbsp;&nbsp;&nbsp;<a href="#[5]">UsageFault_Handler</a><BR>
 <LI><a href="#[6]">SVC_Handler</a>&nbsp;&nbsp;&nbsp;&rArr;&nbsp;&nbsp;&nbsp;<a href="#[6]">SVC_Handler</a><BR>
 <LI><a href="#[7]">DebugMon_Handler</a>&nbsp;&nbsp;&nbsp;&rArr;&nbsp;&nbsp;&nbsp;<a href="#[7]">DebugMon_Handler</a><BR>
 <LI><a href="#[8]">PendSV_Handler</a>&nbsp;&nbsp;&nbsp;&rArr;&nbsp;&nbsp;&nbsp;<a href="#[8]">PendSV_Handler</a><BR>
 <LI><a href="#[9]">SysTick_Handler</a>&nbsp;&nbsp;&nbsp;&rArr;&nbsp;&nbsp;&nbsp;<a href="#[9]">SysTick_Handler</a><BR>
 <LI><a href="#[1c]">am_adc_isr</a>&nbsp;&nbsp;&nbsp;&rArr;&nbsp;&nbsp;&nbsp;<a href="#[1c]">am_adc_isr</a><BR>
</UL>
<P>
<H3>
Function Pointers
</H3><UL>
 <LI><a href="#[4]">BusFault_Handler</a> from startup_keil.o(RESET) referenced from startup_keil.o(RESET)
 <LI><a href="#[7]">DebugMon_Handler</a> from startup_keil.o(RESET) referenced from startup_keil.o(RESET)
 <LI><a href="#[2]">HardFault_Handler</a> from startup_keil.o(RESET) referenced from startup_keil.o(RESET)
 <LI><a href="#[3]">MemManage_Handler</a> from startup_keil.o(RESET) referenced from startup_keil.o(RESET)
 <LI><a href="#[1]">NMI_Handler</a> from startup_keil.o(RESET) referenced from startup_keil.o(RESET)
 <LI><a href="#[8]">PendSV_Handler</a> from startup_keil.o(RESET) referenced from startup_keil.o(RESET)
 <LI><a href="#[0]">Reset_Handler</a> from startup_keil.o(RESET) referenced from startup_keil.o(RESET)
 <LI><a href="#[6]">SVC_Handler</a> from startup_keil.o(RESET) referenced from startup_keil.o(RESET)
 <LI><a href="#[9]">SysTick_Handler</a> from startup_keil.o(RESET) referenced from startup_keil.o(RESET)
 <LI><a href="#[5]">UsageFault_Handler</a> from startup_keil.o(RESET) referenced from startup_keil.o(RESET)
 <LI><a href="#[2a]">__main</a> from __main.o(!!!main) referenced from startup_keil.o(RESET)
 <LI><a href="#[1c]">am_adc_isr</a> from startup_keil.o(RESET) referenced from startup_keil.o(RESET)
 <LI><a href="#[16]">am_ble_isr</a> from startup_keil.o(RESET) referenced from startup_keil.o(RESET)
 <LI><a href="#[a]">am_brownout_isr</a> from startup_keil.o(RESET) referenced from startup_keil.o(RESET)
 <LI><a href="#[29]">am_clkgen_isr</a> from startup_keil.o(RESET) referenced from startup_keil.o(RESET)
 <LI><a href="#[18]">am_ctimer_isr</a> from startup_keil.o(RESET) referenced from startup_keil.o(RESET)
 <LI><a href="#[17]">am_gpio_isr</a> from startup_keil.o(RESET) referenced from startup_keil.o(RESET)
 <LI><a href="#[2c]">am_hal_itm_print</a> from am_hal_itm.o(.text.am_hal_itm_print) referenced 2 times from uart_debug.o(.text.itm_printf_enable)
 <LI><a href="#[10]">am_iomaster0_isr</a> from iom_dma.o(.text.am_iomaster0_isr) referenced from startup_keil.o(RESET)
 <LI><a href="#[11]">am_iomaster1_isr</a> from iom_dma.o(.text.am_iomaster1_isr) referenced from startup_keil.o(RESET)
 <LI><a href="#[12]">am_iomaster2_isr</a> from iom_dma.o(.text.am_iomaster2_isr) referenced from startup_keil.o(RESET)
 <LI><a href="#[13]">am_iomaster3_isr</a> from iom_dma.o(.text.am_iomaster3_isr) referenced from startup_keil.o(RESET)
 <LI><a href="#[14]">am_iomaster4_isr</a> from iom_dma.o(.text.am_iomaster4_isr) referenced from startup_keil.o(RESET)
 <LI><a href="#[15]">am_iomaster5_isr</a> from iom_dma.o(.text.am_iomaster5_isr) referenced from startup_keil.o(RESET)
 <LI><a href="#[f]">am_ioslave_acc_isr</a> from startup_keil.o(RESET) referenced from startup_keil.o(RESET)
 <LI><a href="#[e]">am_ioslave_ios_isr</a> from startup_keil.o(RESET) referenced from startup_keil.o(RESET)
 <LI><a href="#[1e]">am_mspi0_isr</a> from startup_keil.o(RESET) referenced from startup_keil.o(RESET)
 <LI><a href="#[1d]">am_pdm0_isr</a> from startup_keil.o(RESET) referenced from startup_keil.o(RESET)
 <LI><a href="#[c]">am_rtc_isr</a> from startup_keil.o(RESET) referenced from startup_keil.o(RESET)
 <LI><a href="#[1b]">am_scard_isr</a> from startup_keil.o(RESET) referenced from startup_keil.o(RESET)
 <LI><a href="#[1f]">am_software0_isr</a> from startup_keil.o(RESET) referenced from startup_keil.o(RESET)
 <LI><a href="#[21]">am_stimer_cmpr0_isr</a> from startup_keil.o(RESET) referenced from startup_keil.o(RESET)
 <LI><a href="#[22]">am_stimer_cmpr1_isr</a> from startup_keil.o(RESET) referenced from startup_keil.o(RESET)
 <LI><a href="#[23]">am_stimer_cmpr2_isr</a> from startup_keil.o(RESET) referenced from startup_keil.o(RESET)
 <LI><a href="#[24]">am_stimer_cmpr3_isr</a> from startup_keil.o(RESET) referenced from startup_keil.o(RESET)
 <LI><a href="#[25]">am_stimer_cmpr4_isr</a> from startup_keil.o(RESET) referenced from startup_keil.o(RESET)
 <LI><a href="#[26]">am_stimer_cmpr5_isr</a> from startup_keil.o(RESET) referenced from startup_keil.o(RESET)
 <LI><a href="#[27]">am_stimer_cmpr6_isr</a> from startup_keil.o(RESET) referenced from startup_keil.o(RESET)
 <LI><a href="#[28]">am_stimer_cmpr7_isr</a> from startup_keil.o(RESET) referenced from startup_keil.o(RESET)
 <LI><a href="#[20]">am_stimer_isr</a> from startup_keil.o(RESET) referenced from startup_keil.o(RESET)
 <LI><a href="#[1a]">am_uart1_isr</a> from startup_keil.o(RESET) referenced from startup_keil.o(RESET)
 <LI><a href="#[19]">am_uart_isr</a> from startup_keil.o(RESET) referenced from startup_keil.o(RESET)
 <LI><a href="#[d]">am_vcomp_isr</a> from startup_keil.o(RESET) referenced from startup_keil.o(RESET)
 <LI><a href="#[b]">am_watchdog_isr</a> from startup_keil.o(RESET) referenced from startup_keil.o(RESET)
 <LI><a href="#[2b]">spi_callback</a> from iom_spi.o(.text.spi_callback) referenced 2 times from iom_spi.o(.text.iom_spi_read)
 <LI><a href="#[2b]">spi_callback</a> from iom_spi.o(.text.spi_callback) referenced 2 times from iom_spi.o(.text.iom_spi_write)
 <LI><a href="#[2d]">uart_string_print</a> from uart_debug.o(.text.uart_string_print) referenced 2 times from uart_debug.o(.text.uart_printf_enable)
</UL>
<P>
<H3>
Global Symbols
</H3>
<P><STRONG><a name="[0]"></a>Reset_Handler</STRONG> (Thumb, 28 bytes, Stack size 0 bytes, startup_keil.o(RESET))
<BR>[Address Reference Count : 1]<UL><LI> startup_keil.o(RESET)
</UL>
<P><STRONG><a name="[2]"></a>HardFault_Handler</STRONG> (Thumb, 2 bytes, Stack size 0 bytes, startup_keil.o(RESET))
<BR><BR>[Calls]<UL><LI><a href="#[2]">&gt;&gt;</a>&nbsp;&nbsp;&nbsp;HardFault_Handler
</UL>
<BR>[Called By]<UL><LI><a href="#[2]">&gt;&gt;</a>&nbsp;&nbsp;&nbsp;HardFault_Handler
</UL>
<BR>[Address Reference Count : 1]<UL><LI> startup_keil.o(RESET)
</UL>
<P><STRONG><a name="[1]"></a>NMI_Handler</STRONG> (Thumb, 2 bytes, Stack size 0 bytes, startup_keil.o(RESET))
<BR><BR>[Calls]<UL><LI><a href="#[1]">&gt;&gt;</a>&nbsp;&nbsp;&nbsp;NMI_Handler
</UL>
<BR>[Called By]<UL><LI><a href="#[1]">&gt;&gt;</a>&nbsp;&nbsp;&nbsp;NMI_Handler
</UL>
<BR>[Address Reference Count : 1]<UL><LI> startup_keil.o(RESET)
</UL>
<P><STRONG><a name="[3]"></a>MemManage_Handler</STRONG> (Thumb, 2 bytes, Stack size 0 bytes, startup_keil.o(RESET))
<BR><BR>[Calls]<UL><LI><a href="#[3]">&gt;&gt;</a>&nbsp;&nbsp;&nbsp;MemManage_Handler
</UL>
<BR>[Called By]<UL><LI><a href="#[3]">&gt;&gt;</a>&nbsp;&nbsp;&nbsp;MemManage_Handler
</UL>
<BR>[Address Reference Count : 1]<UL><LI> startup_keil.o(RESET)
</UL>
<P><STRONG><a name="[4]"></a>BusFault_Handler</STRONG> (Thumb, 2 bytes, Stack size 0 bytes, startup_keil.o(RESET))
<BR><BR>[Calls]<UL><LI><a href="#[4]">&gt;&gt;</a>&nbsp;&nbsp;&nbsp;BusFault_Handler
</UL>
<BR>[Called By]<UL><LI><a href="#[4]">&gt;&gt;</a>&nbsp;&nbsp;&nbsp;BusFault_Handler
</UL>
<BR>[Address Reference Count : 1]<UL><LI> startup_keil.o(RESET)
</UL>
<P><STRONG><a name="[5]"></a>UsageFault_Handler</STRONG> (Thumb, 2 bytes, Stack size 0 bytes, startup_keil.o(RESET))
<BR><BR>[Calls]<UL><LI><a href="#[5]">&gt;&gt;</a>&nbsp;&nbsp;&nbsp;UsageFault_Handler
</UL>
<BR>[Called By]<UL><LI><a href="#[5]">&gt;&gt;</a>&nbsp;&nbsp;&nbsp;UsageFault_Handler
</UL>
<BR>[Address Reference Count : 1]<UL><LI> startup_keil.o(RESET)
</UL>
<P><STRONG><a name="[6]"></a>SVC_Handler</STRONG> (Thumb, 2 bytes, Stack size 0 bytes, startup_keil.o(RESET))
<BR><BR>[Calls]<UL><LI><a href="#[6]">&gt;&gt;</a>&nbsp;&nbsp;&nbsp;SVC_Handler
</UL>
<BR>[Called By]<UL><LI><a href="#[6]">&gt;&gt;</a>&nbsp;&nbsp;&nbsp;SVC_Handler
</UL>
<BR>[Address Reference Count : 1]<UL><LI> startup_keil.o(RESET)
</UL>
<P><STRONG><a name="[7]"></a>DebugMon_Handler</STRONG> (Thumb, 2 bytes, Stack size 0 bytes, startup_keil.o(RESET))
<BR><BR>[Calls]<UL><LI><a href="#[7]">&gt;&gt;</a>&nbsp;&nbsp;&nbsp;DebugMon_Handler
</UL>
<BR>[Called By]<UL><LI><a href="#[7]">&gt;&gt;</a>&nbsp;&nbsp;&nbsp;DebugMon_Handler
</UL>
<BR>[Address Reference Count : 1]<UL><LI> startup_keil.o(RESET)
</UL>
<P><STRONG><a name="[8]"></a>PendSV_Handler</STRONG> (Thumb, 2 bytes, Stack size 0 bytes, startup_keil.o(RESET))
<BR><BR>[Calls]<UL><LI><a href="#[8]">&gt;&gt;</a>&nbsp;&nbsp;&nbsp;PendSV_Handler
</UL>
<BR>[Called By]<UL><LI><a href="#[8]">&gt;&gt;</a>&nbsp;&nbsp;&nbsp;PendSV_Handler
</UL>
<BR>[Address Reference Count : 1]<UL><LI> startup_keil.o(RESET)
</UL>
<P><STRONG><a name="[9]"></a>SysTick_Handler</STRONG> (Thumb, 2 bytes, Stack size 0 bytes, startup_keil.o(RESET))
<BR><BR>[Calls]<UL><LI><a href="#[9]">&gt;&gt;</a>&nbsp;&nbsp;&nbsp;SysTick_Handler
</UL>
<BR>[Called By]<UL><LI><a href="#[9]">&gt;&gt;</a>&nbsp;&nbsp;&nbsp;SysTick_Handler
</UL>
<BR>[Address Reference Count : 1]<UL><LI> startup_keil.o(RESET)
</UL>
<P><STRONG><a name="[1c]"></a>am_adc_isr</STRONG> (Thumb, 0 bytes, Stack size 0 bytes, startup_keil.o(RESET))
<BR><BR>[Calls]<UL><LI><a href="#[1c]">&gt;&gt;</a>&nbsp;&nbsp;&nbsp;am_adc_isr
</UL>
<BR>[Called By]<UL><LI><a href="#[1c]">&gt;&gt;</a>&nbsp;&nbsp;&nbsp;am_adc_isr
</UL>
<BR>[Address Reference Count : 1]<UL><LI> startup_keil.o(RESET)
</UL>
<P><STRONG><a name="[16]"></a>am_ble_isr</STRONG> (Thumb, 0 bytes, Stack size 0 bytes, startup_keil.o(RESET))
<BR>[Address Reference Count : 1]<UL><LI> startup_keil.o(RESET)
</UL>
<P><STRONG><a name="[a]"></a>am_brownout_isr</STRONG> (Thumb, 0 bytes, Stack size 0 bytes, startup_keil.o(RESET))
<BR>[Address Reference Count : 1]<UL><LI> startup_keil.o(RESET)
</UL>
<P><STRONG><a name="[29]"></a>am_clkgen_isr</STRONG> (Thumb, 0 bytes, Stack size 0 bytes, startup_keil.o(RESET))
<BR>[Address Reference Count : 1]<UL><LI> startup_keil.o(RESET)
</UL>
<P><STRONG><a name="[18]"></a>am_ctimer_isr</STRONG> (Thumb, 0 bytes, Stack size 0 bytes, startup_keil.o(RESET))
<BR>[Address Reference Count : 1]<UL><LI> startup_keil.o(RESET)
</UL>
<P><STRONG><a name="[17]"></a>am_gpio_isr</STRONG> (Thumb, 0 bytes, Stack size 0 bytes, startup_keil.o(RESET))
<BR>[Address Reference Count : 1]<UL><LI> startup_keil.o(RESET)
</UL>
<P><STRONG><a name="[f]"></a>am_ioslave_acc_isr</STRONG> (Thumb, 0 bytes, Stack size 0 bytes, startup_keil.o(RESET))
<BR>[Address Reference Count : 1]<UL><LI> startup_keil.o(RESET)
</UL>
<P><STRONG><a name="[e]"></a>am_ioslave_ios_isr</STRONG> (Thumb, 0 bytes, Stack size 0 bytes, startup_keil.o(RESET))
<BR>[Address Reference Count : 1]<UL><LI> startup_keil.o(RESET)
</UL>
<P><STRONG><a name="[1e]"></a>am_mspi0_isr</STRONG> (Thumb, 0 bytes, Stack size 0 bytes, startup_keil.o(RESET))
<BR>[Address Reference Count : 1]<UL><LI> startup_keil.o(RESET)
</UL>
<P><STRONG><a name="[1d]"></a>am_pdm0_isr</STRONG> (Thumb, 0 bytes, Stack size 0 bytes, startup_keil.o(RESET))
<BR>[Address Reference Count : 1]<UL><LI> startup_keil.o(RESET)
</UL>
<P><STRONG><a name="[c]"></a>am_rtc_isr</STRONG> (Thumb, 0 bytes, Stack size 0 bytes, startup_keil.o(RESET))
<BR>[Address Reference Count : 1]<UL><LI> startup_keil.o(RESET)
</UL>
<P><STRONG><a name="[1b]"></a>am_scard_isr</STRONG> (Thumb, 0 bytes, Stack size 0 bytes, startup_keil.o(RESET))
<BR>[Address Reference Count : 1]<UL><LI> startup_keil.o(RESET)
</UL>
<P><STRONG><a name="[1f]"></a>am_software0_isr</STRONG> (Thumb, 0 bytes, Stack size 0 bytes, startup_keil.o(RESET))
<BR>[Address Reference Count : 1]<UL><LI> startup_keil.o(RESET)
</UL>
<P><STRONG><a name="[21]"></a>am_stimer_cmpr0_isr</STRONG> (Thumb, 0 bytes, Stack size 0 bytes, startup_keil.o(RESET))
<BR>[Address Reference Count : 1]<UL><LI> startup_keil.o(RESET)
</UL>
<P><STRONG><a name="[22]"></a>am_stimer_cmpr1_isr</STRONG> (Thumb, 0 bytes, Stack size 0 bytes, startup_keil.o(RESET))
<BR>[Address Reference Count : 1]<UL><LI> startup_keil.o(RESET)
</UL>
<P><STRONG><a name="[23]"></a>am_stimer_cmpr2_isr</STRONG> (Thumb, 0 bytes, Stack size 0 bytes, startup_keil.o(RESET))
<BR>[Address Reference Count : 1]<UL><LI> startup_keil.o(RESET)
</UL>
<P><STRONG><a name="[24]"></a>am_stimer_cmpr3_isr</STRONG> (Thumb, 0 bytes, Stack size 0 bytes, startup_keil.o(RESET))
<BR>[Address Reference Count : 1]<UL><LI> startup_keil.o(RESET)
</UL>
<P><STRONG><a name="[25]"></a>am_stimer_cmpr4_isr</STRONG> (Thumb, 0 bytes, Stack size 0 bytes, startup_keil.o(RESET))
<BR>[Address Reference Count : 1]<UL><LI> startup_keil.o(RESET)
</UL>
<P><STRONG><a name="[26]"></a>am_stimer_cmpr5_isr</STRONG> (Thumb, 0 bytes, Stack size 0 bytes, startup_keil.o(RESET))
<BR>[Address Reference Count : 1]<UL><LI> startup_keil.o(RESET)
</UL>
<P><STRONG><a name="[27]"></a>am_stimer_cmpr6_isr</STRONG> (Thumb, 0 bytes, Stack size 0 bytes, startup_keil.o(RESET))
<BR>[Address Reference Count : 1]<UL><LI> startup_keil.o(RESET)
</UL>
<P><STRONG><a name="[28]"></a>am_stimer_cmpr7_isr</STRONG> (Thumb, 0 bytes, Stack size 0 bytes, startup_keil.o(RESET))
<BR>[Address Reference Count : 1]<UL><LI> startup_keil.o(RESET)
</UL>
<P><STRONG><a name="[20]"></a>am_stimer_isr</STRONG> (Thumb, 0 bytes, Stack size 0 bytes, startup_keil.o(RESET))
<BR>[Address Reference Count : 1]<UL><LI> startup_keil.o(RESET)
</UL>
<P><STRONG><a name="[2e]"></a>am_uart0_isr</STRONG> (Thumb, 0 bytes, Stack size 0 bytes, startup_keil.o(RESET), UNUSED, KEPT)

<P><STRONG><a name="[1a]"></a>am_uart1_isr</STRONG> (Thumb, 0 bytes, Stack size 0 bytes, startup_keil.o(RESET))
<BR>[Address Reference Count : 1]<UL><LI> startup_keil.o(RESET)
</UL>
<P><STRONG><a name="[19]"></a>am_uart_isr</STRONG> (Thumb, 0 bytes, Stack size 0 bytes, startup_keil.o(RESET))
<BR>[Address Reference Count : 1]<UL><LI> startup_keil.o(RESET)
</UL>
<P><STRONG><a name="[d]"></a>am_vcomp_isr</STRONG> (Thumb, 0 bytes, Stack size 0 bytes, startup_keil.o(RESET))
<BR>[Address Reference Count : 1]<UL><LI> startup_keil.o(RESET)
</UL>
<P><STRONG><a name="[b]"></a>am_watchdog_isr</STRONG> (Thumb, 0 bytes, Stack size 0 bytes, startup_keil.o(RESET))
<BR>[Address Reference Count : 1]<UL><LI> startup_keil.o(RESET)
</UL>
<P><STRONG><a name="[2a]"></a>__main</STRONG> (Thumb, 8 bytes, Stack size 0 bytes, __main.o(!!!main))
<BR><BR>[Calls]<UL><LI><a href="#[30]">&gt;&gt;</a>&nbsp;&nbsp;&nbsp;__rt_entry
<LI><a href="#[2f]">&gt;&gt;</a>&nbsp;&nbsp;&nbsp;__scatterload
</UL>
<BR>[Address Reference Count : 1]<UL><LI> startup_keil.o(RESET)
</UL>
<P><STRONG><a name="[2f]"></a>__scatterload</STRONG> (Thumb, 0 bytes, Stack size unknown bytes, __scatter.o(!!!scatter))
<BR><BR>[Called By]<UL><LI><a href="#[2a]">&gt;&gt;</a>&nbsp;&nbsp;&nbsp;__main
</UL>

<P><STRONG><a name="[31]"></a>__scatterload_rt2</STRONG> (Thumb, 44 bytes, Stack size unknown bytes, __scatter.o(!!!scatter), UNUSED)
<BR><BR>[Calls]<UL><LI><a href="#[30]">&gt;&gt;</a>&nbsp;&nbsp;&nbsp;__rt_entry
</UL>

<P><STRONG><a name="[b5]"></a>__scatterload_rt2_thumb_only</STRONG> (Thumb, 0 bytes, Stack size unknown bytes, __scatter.o(!!!scatter), UNUSED)

<P><STRONG><a name="[b6]"></a>__scatterload_null</STRONG> (Thumb, 0 bytes, Stack size unknown bytes, __scatter.o(!!!scatter), UNUSED)

<P><STRONG><a name="[32]"></a>__scatterload_copy</STRONG> (Thumb, 26 bytes, Stack size unknown bytes, __scatter_copy.o(!!handler_copy), UNUSED)
<BR><BR>[Calls]<UL><LI><a href="#[32]">&gt;&gt;</a>&nbsp;&nbsp;&nbsp;__scatterload_copy
</UL>
<BR>[Called By]<UL><LI><a href="#[32]">&gt;&gt;</a>&nbsp;&nbsp;&nbsp;__scatterload_copy
</UL>

<P><STRONG><a name="[b7]"></a>__scatterload_zeroinit</STRONG> (Thumb, 28 bytes, Stack size unknown bytes, __scatter_zi.o(!!handler_zi), UNUSED)

<P><STRONG><a name="[38]"></a>__rt_lib_init</STRONG> (Thumb, 0 bytes, Stack size unknown bytes, libinit.o(.ARM.Collect$$libinit$$00000000))
<BR><BR>[Called By]<UL><LI><a href="#[37]">&gt;&gt;</a>&nbsp;&nbsp;&nbsp;__rt_entry_li
</UL>

<P><STRONG><a name="[33]"></a>__rt_lib_init_fp_1</STRONG> (Thumb, 0 bytes, Stack size unknown bytes, libinit2.o(.ARM.Collect$$libinit$$00000001))
<BR><BR>[Calls]<UL><LI><a href="#[34]">&gt;&gt;</a>&nbsp;&nbsp;&nbsp;_fp_init
</UL>

<P><STRONG><a name="[b8]"></a>__rt_lib_init_alloca_1</STRONG> (Thumb, 0 bytes, Stack size unknown bytes, libinit2.o(.ARM.Collect$$libinit$$00000030))

<P><STRONG><a name="[b9]"></a>__rt_lib_init_argv_1</STRONG> (Thumb, 0 bytes, Stack size unknown bytes, libinit2.o(.ARM.Collect$$libinit$$0000002E))

<P><STRONG><a name="[ba]"></a>__rt_lib_init_atexit_1</STRONG> (Thumb, 0 bytes, Stack size unknown bytes, libinit2.o(.ARM.Collect$$libinit$$0000001D))

<P><STRONG><a name="[bb]"></a>__rt_lib_init_clock_1</STRONG> (Thumb, 0 bytes, Stack size unknown bytes, libinit2.o(.ARM.Collect$$libinit$$00000023))

<P><STRONG><a name="[bc]"></a>__rt_lib_init_cpp_1</STRONG> (Thumb, 0 bytes, Stack size unknown bytes, libinit2.o(.ARM.Collect$$libinit$$00000034))

<P><STRONG><a name="[bd]"></a>__rt_lib_init_exceptions_1</STRONG> (Thumb, 0 bytes, Stack size unknown bytes, libinit2.o(.ARM.Collect$$libinit$$00000032))

<P><STRONG><a name="[be]"></a>__rt_lib_init_fp_trap_1</STRONG> (Thumb, 0 bytes, Stack size unknown bytes, libinit2.o(.ARM.Collect$$libinit$$00000021))

<P><STRONG><a name="[bf]"></a>__rt_lib_init_getenv_1</STRONG> (Thumb, 0 bytes, Stack size unknown bytes, libinit2.o(.ARM.Collect$$libinit$$00000025))

<P><STRONG><a name="[c0]"></a>__rt_lib_init_heap_1</STRONG> (Thumb, 0 bytes, Stack size unknown bytes, libinit2.o(.ARM.Collect$$libinit$$0000000C))

<P><STRONG><a name="[c1]"></a>__rt_lib_init_lc_collate_1</STRONG> (Thumb, 0 bytes, Stack size unknown bytes, libinit2.o(.ARM.Collect$$libinit$$00000013))

<P><STRONG><a name="[c2]"></a>__rt_lib_init_lc_ctype_1</STRONG> (Thumb, 0 bytes, Stack size unknown bytes, libinit2.o(.ARM.Collect$$libinit$$00000015))

<P><STRONG><a name="[c3]"></a>__rt_lib_init_lc_monetary_1</STRONG> (Thumb, 0 bytes, Stack size unknown bytes, libinit2.o(.ARM.Collect$$libinit$$00000017))

<P><STRONG><a name="[c4]"></a>__rt_lib_init_lc_numeric_1</STRONG> (Thumb, 0 bytes, Stack size unknown bytes, libinit2.o(.ARM.Collect$$libinit$$00000019))

<P><STRONG><a name="[c5]"></a>__rt_lib_init_lc_time_1</STRONG> (Thumb, 0 bytes, Stack size unknown bytes, libinit2.o(.ARM.Collect$$libinit$$0000001B))

<P><STRONG><a name="[c6]"></a>__rt_lib_init_preinit_1</STRONG> (Thumb, 0 bytes, Stack size unknown bytes, libinit2.o(.ARM.Collect$$libinit$$00000006))

<P><STRONG><a name="[c7]"></a>__rt_lib_init_rand_1</STRONG> (Thumb, 0 bytes, Stack size unknown bytes, libinit2.o(.ARM.Collect$$libinit$$00000010))

<P><STRONG><a name="[c8]"></a>__rt_lib_init_relocate_pie_1</STRONG> (Thumb, 0 bytes, Stack size unknown bytes, libinit2.o(.ARM.Collect$$libinit$$00000004))

<P><STRONG><a name="[c9]"></a>__rt_lib_init_return</STRONG> (Thumb, 0 bytes, Stack size unknown bytes, libinit2.o(.ARM.Collect$$libinit$$00000035))

<P><STRONG><a name="[ca]"></a>__rt_lib_init_signal_1</STRONG> (Thumb, 0 bytes, Stack size unknown bytes, libinit2.o(.ARM.Collect$$libinit$$0000001F))

<P><STRONG><a name="[cb]"></a>__rt_lib_init_stdio_1</STRONG> (Thumb, 0 bytes, Stack size unknown bytes, libinit2.o(.ARM.Collect$$libinit$$00000027))

<P><STRONG><a name="[cc]"></a>__rt_lib_init_user_alloc_1</STRONG> (Thumb, 0 bytes, Stack size unknown bytes, libinit2.o(.ARM.Collect$$libinit$$0000000E))

<P><STRONG><a name="[3d]"></a>__rt_lib_shutdown</STRONG> (Thumb, 0 bytes, Stack size unknown bytes, libshutdown.o(.ARM.Collect$$libshutdown$$00000000))
<BR><BR>[Called By]<UL><LI><a href="#[3c]">&gt;&gt;</a>&nbsp;&nbsp;&nbsp;__rt_exit_ls
</UL>

<P><STRONG><a name="[cd]"></a>__rt_lib_shutdown_cpp_1</STRONG> (Thumb, 0 bytes, Stack size unknown bytes, libshutdown2.o(.ARM.Collect$$libshutdown$$00000002))

<P><STRONG><a name="[ce]"></a>__rt_lib_shutdown_fp_trap_1</STRONG> (Thumb, 0 bytes, Stack size unknown bytes, libshutdown2.o(.ARM.Collect$$libshutdown$$00000007))

<P><STRONG><a name="[cf]"></a>__rt_lib_shutdown_heap_1</STRONG> (Thumb, 0 bytes, Stack size unknown bytes, libshutdown2.o(.ARM.Collect$$libshutdown$$0000000F))

<P><STRONG><a name="[d0]"></a>__rt_lib_shutdown_return</STRONG> (Thumb, 0 bytes, Stack size unknown bytes, libshutdown2.o(.ARM.Collect$$libshutdown$$00000010))

<P><STRONG><a name="[d1]"></a>__rt_lib_shutdown_signal_1</STRONG> (Thumb, 0 bytes, Stack size unknown bytes, libshutdown2.o(.ARM.Collect$$libshutdown$$0000000A))

<P><STRONG><a name="[d2]"></a>__rt_lib_shutdown_stdio_1</STRONG> (Thumb, 0 bytes, Stack size unknown bytes, libshutdown2.o(.ARM.Collect$$libshutdown$$00000004))

<P><STRONG><a name="[d3]"></a>__rt_lib_shutdown_user_alloc_1</STRONG> (Thumb, 0 bytes, Stack size unknown bytes, libshutdown2.o(.ARM.Collect$$libshutdown$$0000000C))

<P><STRONG><a name="[30]"></a>__rt_entry</STRONG> (Thumb, 0 bytes, Stack size unknown bytes, __rtentry.o(.ARM.Collect$$rtentry$$00000000))
<BR><BR>[Called By]<UL><LI><a href="#[2a]">&gt;&gt;</a>&nbsp;&nbsp;&nbsp;__main
<LI><a href="#[31]">&gt;&gt;</a>&nbsp;&nbsp;&nbsp;__scatterload_rt2
</UL>

<P><STRONG><a name="[d4]"></a>__rt_entry_presh_1</STRONG> (Thumb, 0 bytes, Stack size unknown bytes, __rtentry2.o(.ARM.Collect$$rtentry$$00000002))

<P><STRONG><a name="[35]"></a>__rt_entry_sh</STRONG> (Thumb, 0 bytes, Stack size unknown bytes, __rtentry4.o(.ARM.Collect$$rtentry$$00000004))
<BR><BR>[Stack]<UL><LI>Max Depth = 8 + Unknown Stack Size
<LI>Call Chain = __rt_entry_sh &rArr; __user_setup_stackheap
</UL>
<BR>[Calls]<UL><LI><a href="#[36]">&gt;&gt;</a>&nbsp;&nbsp;&nbsp;__user_setup_stackheap
</UL>

<P><STRONG><a name="[37]"></a>__rt_entry_li</STRONG> (Thumb, 0 bytes, Stack size unknown bytes, __rtentry2.o(.ARM.Collect$$rtentry$$0000000A))
<BR><BR>[Calls]<UL><LI><a href="#[38]">&gt;&gt;</a>&nbsp;&nbsp;&nbsp;__rt_lib_init
</UL>

<P><STRONG><a name="[d5]"></a>__rt_entry_postsh_1</STRONG> (Thumb, 0 bytes, Stack size unknown bytes, __rtentry2.o(.ARM.Collect$$rtentry$$00000009))

<P><STRONG><a name="[39]"></a>__rt_entry_main</STRONG> (Thumb, 0 bytes, Stack size unknown bytes, __rtentry2.o(.ARM.Collect$$rtentry$$0000000D))
<BR><BR>[Stack]<UL><LI>Max Depth = 440 + Unknown Stack Size
<LI>Call Chain = __rt_entry_main &rArr; main &rArr; sleep_loop &rArr; am_util_stdio_printf &rArr; am_util_stdio_vsprintf &rArr; ftoa &rArr; uint64_to_str &rArr; divu64_10
</UL>
<BR>[Calls]<UL><LI><a href="#[3a]">&gt;&gt;</a>&nbsp;&nbsp;&nbsp;main
<LI><a href="#[3b]">&gt;&gt;</a>&nbsp;&nbsp;&nbsp;exit
</UL>

<P><STRONG><a name="[d6]"></a>__rt_entry_postli_1</STRONG> (Thumb, 0 bytes, Stack size unknown bytes, __rtentry2.o(.ARM.Collect$$rtentry$$0000000C))

<P><STRONG><a name="[42]"></a>__rt_exit</STRONG> (Thumb, 0 bytes, Stack size unknown bytes, rtexit.o(.ARM.Collect$$rtexit$$00000000))
<BR><BR>[Called By]<UL><LI><a href="#[3b]">&gt;&gt;</a>&nbsp;&nbsp;&nbsp;exit
</UL>

<P><STRONG><a name="[3c]"></a>__rt_exit_ls</STRONG> (Thumb, 0 bytes, Stack size unknown bytes, rtexit2.o(.ARM.Collect$$rtexit$$00000003))
<BR><BR>[Calls]<UL><LI><a href="#[3d]">&gt;&gt;</a>&nbsp;&nbsp;&nbsp;__rt_lib_shutdown
</UL>

<P><STRONG><a name="[d7]"></a>__rt_exit_prels_1</STRONG> (Thumb, 0 bytes, Stack size unknown bytes, rtexit2.o(.ARM.Collect$$rtexit$$00000002))

<P><STRONG><a name="[3e]"></a>__rt_exit_exit</STRONG> (Thumb, 0 bytes, Stack size unknown bytes, rtexit2.o(.ARM.Collect$$rtexit$$00000004))
<BR><BR>[Calls]<UL><LI><a href="#[3f]">&gt;&gt;</a>&nbsp;&nbsp;&nbsp;_sys_exit
</UL>

<P><STRONG><a name="[41]"></a>__user_initial_stackheap</STRONG> (Thumb, 10 bytes, Stack size 0 bytes, startup_keil.o(.text))
<BR><BR>[Called By]<UL><LI><a href="#[36]">&gt;&gt;</a>&nbsp;&nbsp;&nbsp;__user_setup_stackheap
</UL>

<P><STRONG><a name="[d8]"></a>__use_two_region_memory</STRONG> (Thumb, 2 bytes, Stack size 0 bytes, heapauxi.o(.text), UNUSED)

<P><STRONG><a name="[d9]"></a>__rt_heap_escrow$2region</STRONG> (Thumb, 2 bytes, Stack size 0 bytes, heapauxi.o(.text), UNUSED)

<P><STRONG><a name="[da]"></a>__rt_heap_expand$2region</STRONG> (Thumb, 2 bytes, Stack size 0 bytes, heapauxi.o(.text), UNUSED)

<P><STRONG><a name="[36]"></a>__user_setup_stackheap</STRONG> (Thumb, 74 bytes, Stack size 8 bytes, sys_stackheap_outer.o(.text))
<BR><BR>[Stack]<UL><LI>Max Depth = 8<LI>Call Chain = __user_setup_stackheap
</UL>
<BR>[Calls]<UL><LI><a href="#[41]">&gt;&gt;</a>&nbsp;&nbsp;&nbsp;__user_initial_stackheap
<LI><a href="#[40]">&gt;&gt;</a>&nbsp;&nbsp;&nbsp;__user_perproc_libspace
</UL>
<BR>[Called By]<UL><LI><a href="#[35]">&gt;&gt;</a>&nbsp;&nbsp;&nbsp;__rt_entry_sh
</UL>

<P><STRONG><a name="[3b]"></a>exit</STRONG> (Thumb, 18 bytes, Stack size 8 bytes, exit.o(.text))
<BR><BR>[Stack]<UL><LI>Max Depth = 8 + Unknown Stack Size
<LI>Call Chain = exit
</UL>
<BR>[Calls]<UL><LI><a href="#[42]">&gt;&gt;</a>&nbsp;&nbsp;&nbsp;__rt_exit
</UL>
<BR>[Called By]<UL><LI><a href="#[39]">&gt;&gt;</a>&nbsp;&nbsp;&nbsp;__rt_entry_main
</UL>

<P><STRONG><a name="[db]"></a>__user_libspace</STRONG> (Thumb, 8 bytes, Stack size 0 bytes, libspace.o(.text), UNUSED)

<P><STRONG><a name="[40]"></a>__user_perproc_libspace</STRONG> (Thumb, 0 bytes, Stack size 0 bytes, libspace.o(.text))
<BR><BR>[Called By]<UL><LI><a href="#[36]">&gt;&gt;</a>&nbsp;&nbsp;&nbsp;__user_setup_stackheap
</UL>

<P><STRONG><a name="[dc]"></a>__user_perthread_libspace</STRONG> (Thumb, 0 bytes, Stack size 0 bytes, libspace.o(.text), UNUSED)

<P><STRONG><a name="[3f]"></a>_sys_exit</STRONG> (Thumb, 8 bytes, Stack size 0 bytes, sys_exit.o(.text))
<BR><BR>[Called By]<UL><LI><a href="#[3e]">&gt;&gt;</a>&nbsp;&nbsp;&nbsp;__rt_exit_exit
</UL>

<P><STRONG><a name="[dd]"></a>__I$use$semihosting</STRONG> (Thumb, 0 bytes, Stack size 0 bytes, use_no_semi.o(.text), UNUSED)

<P><STRONG><a name="[de]"></a>__use_no_semihosting_swi</STRONG> (Thumb, 2 bytes, Stack size 0 bytes, use_no_semi.o(.text), UNUSED)

<P><STRONG><a name="[df]"></a>__semihosting_library_function</STRONG> (Thumb, 0 bytes, Stack size unknown bytes, indicate_semi.o(.text), UNUSED)

<P><STRONG><a name="[43]"></a>am_hal_cachectrl_config</STRONG> (Thumb, 84 bytes, Stack size 24 bytes, am_hal_cachectrl.o(.text.am_hal_cachectrl_config))
<BR><BR>[Stack]<UL><LI>Max Depth = 24<LI>Call Chain = am_hal_cachectrl_config
</UL>
<BR>[Calls]<UL><LI><a href="#[45]">&gt;&gt;</a>&nbsp;&nbsp;&nbsp;am_hal_interrupt_master_set
<LI><a href="#[44]">&gt;&gt;</a>&nbsp;&nbsp;&nbsp;am_hal_interrupt_master_disable
</UL>
<BR>[Called By]<UL><LI><a href="#[3a]">&gt;&gt;</a>&nbsp;&nbsp;&nbsp;main
</UL>

<P><STRONG><a name="[46]"></a>am_hal_cachectrl_control</STRONG> (Thumb, 672 bytes, Stack size 48 bytes, am_hal_cachectrl.o(.text.am_hal_cachectrl_control))
<BR><BR>[Stack]<UL><LI>Max Depth = 120<LI>Call Chain = am_hal_cachectrl_control &rArr; set_RDWAIT &rArr; am_hal_flash_store_ui32
</UL>
<BR>[Calls]<UL><LI><a href="#[45]">&gt;&gt;</a>&nbsp;&nbsp;&nbsp;am_hal_interrupt_master_set
<LI><a href="#[44]">&gt;&gt;</a>&nbsp;&nbsp;&nbsp;am_hal_interrupt_master_disable
<LI><a href="#[49]">&gt;&gt;</a>&nbsp;&nbsp;&nbsp;set_RDWAIT
<LI><a href="#[48]">&gt;&gt;</a>&nbsp;&nbsp;&nbsp;set_SEDELAY
<LI><a href="#[47]">&gt;&gt;</a>&nbsp;&nbsp;&nbsp;set_LPMMODE
</UL>
<BR>[Called By]<UL><LI><a href="#[59]">&gt;&gt;</a>&nbsp;&nbsp;&nbsp;am_hal_pwrctrl_low_power_init
</UL>

<P><STRONG><a name="[a1]"></a>am_hal_cachectrl_enable</STRONG> (Thumb, 20 bytes, Stack size 0 bytes, am_hal_cachectrl.o(.text.am_hal_cachectrl_enable))
<BR><BR>[Called By]<UL><LI><a href="#[3a]">&gt;&gt;</a>&nbsp;&nbsp;&nbsp;main
</UL>

<P><STRONG><a name="[4a]"></a>am_hal_clkgen_control</STRONG> (Thumb, 404 bytes, Stack size 32 bytes, am_hal_clkgen.o(.text.am_hal_clkgen_control))
<BR><BR>[Stack]<UL><LI>Max Depth = 48<LI>Call Chain = am_hal_clkgen_control &rArr; am_hal_flash_delay
</UL>
<BR>[Calls]<UL><LI><a href="#[4b]">&gt;&gt;</a>&nbsp;&nbsp;&nbsp;am_hal_flash_delay
</UL>
<BR>[Called By]<UL><LI><a href="#[3a]">&gt;&gt;</a>&nbsp;&nbsp;&nbsp;main
</UL>

<P><STRONG><a name="[5f]"></a>am_hal_clkgen_status_get</STRONG> (Thumb, 98 bytes, Stack size 12 bytes, am_hal_clkgen.o(.text.am_hal_clkgen_status_get))
<BR><BR>[Stack]<UL><LI>Max Depth = 12<LI>Call Chain = am_hal_clkgen_status_get
</UL>
<BR>[Called By]<UL><LI><a href="#[5e]">&gt;&gt;</a>&nbsp;&nbsp;&nbsp;am_hal_tpiu_enable
<LI><a href="#[68]">&gt;&gt;</a>&nbsp;&nbsp;&nbsp;am_util_delay_ms
<LI><a href="#[69]">&gt;&gt;</a>&nbsp;&nbsp;&nbsp;am_util_delay_us
</UL>

<P><STRONG><a name="[51]"></a>am_hal_cmdq_disable</STRONG> (Thumb, 108 bytes, Stack size 12 bytes, am_hal_cmdq.o(.text.am_hal_cmdq_disable))
<BR><BR>[Stack]<UL><LI>Max Depth = 12<LI>Call Chain = am_hal_cmdq_disable
</UL>
<BR>[Called By]<UL><LI><a href="#[50]">&gt;&gt;</a>&nbsp;&nbsp;&nbsp;am_hal_iom_CQDisable
</UL>

<P><STRONG><a name="[53]"></a>am_hal_cmdq_enable</STRONG> (Thumb, 108 bytes, Stack size 12 bytes, am_hal_cmdq.o(.text.am_hal_cmdq_enable))
<BR><BR>[Stack]<UL><LI>Max Depth = 12<LI>Call Chain = am_hal_cmdq_enable
</UL>
<BR>[Called By]<UL><LI><a href="#[52]">&gt;&gt;</a>&nbsp;&nbsp;&nbsp;am_hal_iom_CQEnable
</UL>

<P><STRONG><a name="[4b]"></a>am_hal_flash_delay</STRONG> (Thumb, 80 bytes, Stack size 16 bytes, am_hal_flash.o(.text.am_hal_flash_delay))
<BR><BR>[Stack]<UL><LI>Max Depth = 16<LI>Call Chain = am_hal_flash_delay
</UL>
<BR>[Called By]<UL><LI><a href="#[4c]">&gt;&gt;</a>&nbsp;&nbsp;&nbsp;am_hal_flash_delay_status_check
<LI><a href="#[56]">&gt;&gt;</a>&nbsp;&nbsp;&nbsp;am_hal_pwrctrl_periph_disable
<LI><a href="#[55]">&gt;&gt;</a>&nbsp;&nbsp;&nbsp;am_hal_pwrctrl_periph_enable
<LI><a href="#[5e]">&gt;&gt;</a>&nbsp;&nbsp;&nbsp;am_hal_tpiu_enable
<LI><a href="#[4a]">&gt;&gt;</a>&nbsp;&nbsp;&nbsp;am_hal_clkgen_control
<LI><a href="#[68]">&gt;&gt;</a>&nbsp;&nbsp;&nbsp;am_util_delay_ms
<LI><a href="#[69]">&gt;&gt;</a>&nbsp;&nbsp;&nbsp;am_util_delay_us
<LI><a href="#[67]">&gt;&gt;</a>&nbsp;&nbsp;&nbsp;read_timeout
<LI><a href="#[66]">&gt;&gt;</a>&nbsp;&nbsp;&nbsp;write_timeout
</UL>

<P><STRONG><a name="[4c]"></a>am_hal_flash_delay_status_check</STRONG> (Thumb, 116 bytes, Stack size 32 bytes, am_hal_flash.o(.text.am_hal_flash_delay_status_check))
<BR><BR>[Stack]<UL><LI>Max Depth = 48<LI>Call Chain = am_hal_flash_delay_status_check &rArr; am_hal_flash_delay
</UL>
<BR>[Calls]<UL><LI><a href="#[4b]">&gt;&gt;</a>&nbsp;&nbsp;&nbsp;am_hal_flash_delay
</UL>
<BR>[Called By]<UL><LI><a href="#[59]">&gt;&gt;</a>&nbsp;&nbsp;&nbsp;am_hal_pwrctrl_low_power_init
</UL>

<P><STRONG><a name="[aa]"></a>am_hal_flash_load_ui32</STRONG> (Thumb, 24 bytes, Stack size 16 bytes, am_hal_flash.o(.text.am_hal_flash_load_ui32))
<BR><BR>[Stack]<UL><LI>Max Depth = 16<LI>Call Chain = am_hal_flash_load_ui32
</UL>
<BR>[Called By]<UL><LI><a href="#[49]">&gt;&gt;</a>&nbsp;&nbsp;&nbsp;set_RDWAIT
<LI><a href="#[48]">&gt;&gt;</a>&nbsp;&nbsp;&nbsp;set_SEDELAY
<LI><a href="#[47]">&gt;&gt;</a>&nbsp;&nbsp;&nbsp;set_LPMMODE
</UL>

<P><STRONG><a name="[ab]"></a>am_hal_flash_store_ui32</STRONG> (Thumb, 50 bytes, Stack size 40 bytes, am_hal_flash.o(.text.am_hal_flash_store_ui32))
<BR><BR>[Stack]<UL><LI>Max Depth = 40<LI>Call Chain = am_hal_flash_store_ui32
</UL>
<BR>[Called By]<UL><LI><a href="#[49]">&gt;&gt;</a>&nbsp;&nbsp;&nbsp;set_RDWAIT
<LI><a href="#[48]">&gt;&gt;</a>&nbsp;&nbsp;&nbsp;set_SEDELAY
<LI><a href="#[47]">&gt;&gt;</a>&nbsp;&nbsp;&nbsp;set_LPMMODE
</UL>

<P><STRONG><a name="[4d]"></a>am_hal_gpio_pinconfig</STRONG> (Thumb, 964 bytes, Stack size 96 bytes, am_hal_gpio.o(.text.am_hal_gpio_pinconfig))
<BR><BR>[Stack]<UL><LI>Max Depth = 112<LI>Call Chain = am_hal_gpio_pinconfig &rArr; pincfg_equ
</UL>
<BR>[Calls]<UL><LI><a href="#[4e]">&gt;&gt;</a>&nbsp;&nbsp;&nbsp;pincfg_equ
<LI><a href="#[45]">&gt;&gt;</a>&nbsp;&nbsp;&nbsp;am_hal_interrupt_master_set
<LI><a href="#[44]">&gt;&gt;</a>&nbsp;&nbsp;&nbsp;am_hal_interrupt_master_disable
</UL>
<BR>[Called By]<UL><LI><a href="#[98]">&gt;&gt;</a>&nbsp;&nbsp;&nbsp;iom_gpio_config
<LI><a href="#[8f]">&gt;&gt;</a>&nbsp;&nbsp;&nbsp;uart_printf_enable
<LI><a href="#[8e]">&gt;&gt;</a>&nbsp;&nbsp;&nbsp;itm_printf_enable
</UL>

<P><STRONG><a name="[89]"></a>am_hal_gpio_state_read</STRONG> (Thumb, 196 bytes, Stack size 32 bytes, am_hal_gpio.o(.text.am_hal_gpio_state_read))
<BR><BR>[Stack]<UL><LI>Max Depth = 32<LI>Call Chain = am_hal_gpio_state_read
</UL>
<BR>[Called By]<UL><LI><a href="#[88]">&gt;&gt;</a>&nbsp;&nbsp;&nbsp;amx8x5_wait_por_ready
</UL>

<P><STRONG><a name="[4f]"></a>am_hal_gpio_state_write</STRONG> (Thumb, 212 bytes, Stack size 40 bytes, am_hal_gpio.o(.text.am_hal_gpio_state_write))
<BR><BR>[Stack]<UL><LI>Max Depth = 40<LI>Call Chain = am_hal_gpio_state_write
</UL>
<BR>[Calls]<UL><LI><a href="#[45]">&gt;&gt;</a>&nbsp;&nbsp;&nbsp;am_hal_interrupt_master_set
<LI><a href="#[44]">&gt;&gt;</a>&nbsp;&nbsp;&nbsp;am_hal_interrupt_master_disable
</UL>
<BR>[Called By]<UL><LI><a href="#[77]">&gt;&gt;</a>&nbsp;&nbsp;&nbsp;amx8x5_ext_reset
<LI><a href="#[76]">&gt;&gt;</a>&nbsp;&nbsp;&nbsp;amx8x5_ext1_gen
</UL>

<P><STRONG><a name="[44]"></a>am_hal_interrupt_master_disable</STRONG> (Thumb, 8 bytes, Stack size 0 bytes, am_hal_interrupt.o(.text.am_hal_interrupt_master_disable))
<BR><BR>[Called By]<UL><LI><a href="#[5c]">&gt;&gt;</a>&nbsp;&nbsp;&nbsp;am_hal_queue_item_add
<LI><a href="#[58]">&gt;&gt;</a>&nbsp;&nbsp;&nbsp;am_hal_pwrctrl_blebuck_trim
<LI><a href="#[56]">&gt;&gt;</a>&nbsp;&nbsp;&nbsp;am_hal_pwrctrl_periph_disable
<LI><a href="#[55]">&gt;&gt;</a>&nbsp;&nbsp;&nbsp;am_hal_pwrctrl_periph_enable
<LI><a href="#[46]">&gt;&gt;</a>&nbsp;&nbsp;&nbsp;am_hal_cachectrl_control
<LI><a href="#[49]">&gt;&gt;</a>&nbsp;&nbsp;&nbsp;set_RDWAIT
<LI><a href="#[48]">&gt;&gt;</a>&nbsp;&nbsp;&nbsp;set_SEDELAY
<LI><a href="#[47]">&gt;&gt;</a>&nbsp;&nbsp;&nbsp;set_LPMMODE
<LI><a href="#[60]">&gt;&gt;</a>&nbsp;&nbsp;&nbsp;am_hal_uart_configure
<LI><a href="#[63]">&gt;&gt;</a>&nbsp;&nbsp;&nbsp;am_hal_uart_power_control
<LI><a href="#[4d]">&gt;&gt;</a>&nbsp;&nbsp;&nbsp;am_hal_gpio_pinconfig
<LI><a href="#[43]">&gt;&gt;</a>&nbsp;&nbsp;&nbsp;am_hal_cachectrl_config
<LI><a href="#[4f]">&gt;&gt;</a>&nbsp;&nbsp;&nbsp;am_hal_gpio_state_write
<LI><a href="#[ae]">&gt;&gt;</a>&nbsp;&nbsp;&nbsp;tx_queue_update
<LI><a href="#[a8]">&gt;&gt;</a>&nbsp;&nbsp;&nbsp;rx_queue_update
<LI><a href="#[5d]">&gt;&gt;</a>&nbsp;&nbsp;&nbsp;am_hal_queue_item_get
</UL>

<P><STRONG><a name="[a2]"></a>am_hal_interrupt_master_enable</STRONG> (Thumb, 8 bytes, Stack size 0 bytes, am_hal_interrupt.o(.text.am_hal_interrupt_master_enable))
<BR><BR>[Called By]<UL><LI><a href="#[3a]">&gt;&gt;</a>&nbsp;&nbsp;&nbsp;main
</UL>

<P><STRONG><a name="[45]"></a>am_hal_interrupt_master_set</STRONG> (Thumb, 6 bytes, Stack size 0 bytes, am_hal_interrupt.o(.text.am_hal_interrupt_master_set))
<BR><BR>[Called By]<UL><LI><a href="#[5c]">&gt;&gt;</a>&nbsp;&nbsp;&nbsp;am_hal_queue_item_add
<LI><a href="#[58]">&gt;&gt;</a>&nbsp;&nbsp;&nbsp;am_hal_pwrctrl_blebuck_trim
<LI><a href="#[56]">&gt;&gt;</a>&nbsp;&nbsp;&nbsp;am_hal_pwrctrl_periph_disable
<LI><a href="#[55]">&gt;&gt;</a>&nbsp;&nbsp;&nbsp;am_hal_pwrctrl_periph_enable
<LI><a href="#[46]">&gt;&gt;</a>&nbsp;&nbsp;&nbsp;am_hal_cachectrl_control
<LI><a href="#[49]">&gt;&gt;</a>&nbsp;&nbsp;&nbsp;set_RDWAIT
<LI><a href="#[48]">&gt;&gt;</a>&nbsp;&nbsp;&nbsp;set_SEDELAY
<LI><a href="#[47]">&gt;&gt;</a>&nbsp;&nbsp;&nbsp;set_LPMMODE
<LI><a href="#[60]">&gt;&gt;</a>&nbsp;&nbsp;&nbsp;am_hal_uart_configure
<LI><a href="#[63]">&gt;&gt;</a>&nbsp;&nbsp;&nbsp;am_hal_uart_power_control
<LI><a href="#[4d]">&gt;&gt;</a>&nbsp;&nbsp;&nbsp;am_hal_gpio_pinconfig
<LI><a href="#[43]">&gt;&gt;</a>&nbsp;&nbsp;&nbsp;am_hal_cachectrl_config
<LI><a href="#[4f]">&gt;&gt;</a>&nbsp;&nbsp;&nbsp;am_hal_gpio_state_write
<LI><a href="#[ae]">&gt;&gt;</a>&nbsp;&nbsp;&nbsp;tx_queue_update
<LI><a href="#[a8]">&gt;&gt;</a>&nbsp;&nbsp;&nbsp;rx_queue_update
<LI><a href="#[5d]">&gt;&gt;</a>&nbsp;&nbsp;&nbsp;am_hal_queue_item_get
</UL>

<P><STRONG><a name="[50]"></a>am_hal_iom_CQDisable</STRONG> (Thumb, 24 bytes, Stack size 16 bytes, am_hal_iom.o(.text.am_hal_iom_CQDisable))
<BR><BR>[Stack]<UL><LI>Max Depth = 28<LI>Call Chain = am_hal_iom_CQDisable &rArr; am_hal_cmdq_disable
</UL>
<BR>[Calls]<UL><LI><a href="#[51]">&gt;&gt;</a>&nbsp;&nbsp;&nbsp;am_hal_cmdq_disable
</UL>
<BR>[Called By]<UL><LI><a href="#[54]">&gt;&gt;</a>&nbsp;&nbsp;&nbsp;am_hal_iom_power_ctrl
</UL>

<P><STRONG><a name="[52]"></a>am_hal_iom_CQEnable</STRONG> (Thumb, 68 bytes, Stack size 24 bytes, am_hal_iom.o(.text.am_hal_iom_CQEnable))
<BR><BR>[Stack]<UL><LI>Max Depth = 36<LI>Call Chain = am_hal_iom_CQEnable &rArr; am_hal_cmdq_enable
</UL>
<BR>[Calls]<UL><LI><a href="#[53]">&gt;&gt;</a>&nbsp;&nbsp;&nbsp;am_hal_cmdq_enable
</UL>
<BR>[Called By]<UL><LI><a href="#[54]">&gt;&gt;</a>&nbsp;&nbsp;&nbsp;am_hal_iom_power_ctrl
</UL>

<P><STRONG><a name="[9a]"></a>am_hal_iom_initialize</STRONG> (Thumb, 158 bytes, Stack size 16 bytes, am_hal_iom.o(.text.am_hal_iom_initialize))
<BR><BR>[Stack]<UL><LI>Max Depth = 16<LI>Call Chain = am_hal_iom_initialize
</UL>
<BR>[Called By]<UL><LI><a href="#[99]">&gt;&gt;</a>&nbsp;&nbsp;&nbsp;iom_spi_init
</UL>

<P><STRONG><a name="[54]"></a>am_hal_iom_power_ctrl</STRONG> (Thumb, 874 bytes, Stack size 32 bytes, am_hal_iom.o(.text.am_hal_iom_power_ctrl))
<BR><BR>[Stack]<UL><LI>Max Depth = 80<LI>Call Chain = am_hal_iom_power_ctrl &rArr; am_hal_pwrctrl_periph_enable &rArr; am_hal_flash_delay
</UL>
<BR>[Calls]<UL><LI><a href="#[56]">&gt;&gt;</a>&nbsp;&nbsp;&nbsp;am_hal_pwrctrl_periph_disable
<LI><a href="#[55]">&gt;&gt;</a>&nbsp;&nbsp;&nbsp;am_hal_pwrctrl_periph_enable
<LI><a href="#[50]">&gt;&gt;</a>&nbsp;&nbsp;&nbsp;am_hal_iom_CQDisable
<LI><a href="#[52]">&gt;&gt;</a>&nbsp;&nbsp;&nbsp;am_hal_iom_CQEnable
</UL>
<BR>[Called By]<UL><LI><a href="#[99]">&gt;&gt;</a>&nbsp;&nbsp;&nbsp;iom_spi_init
</UL>

<P><STRONG><a name="[9d]"></a>am_hal_itm_enable</STRONG> (Thumb, 102 bytes, Stack size 0 bytes, am_hal_itm.o(.text.am_hal_itm_enable))
<BR><BR>[Called By]<UL><LI><a href="#[8e]">&gt;&gt;</a>&nbsp;&nbsp;&nbsp;itm_printf_enable
</UL>

<P><STRONG><a name="[2c]"></a>am_hal_itm_print</STRONG> (Thumb, 64 bytes, Stack size 16 bytes, am_hal_itm.o(.text.am_hal_itm_print))
<BR><BR>[Stack]<UL><LI>Max Depth = 28<LI>Call Chain = am_hal_itm_print &rArr; am_hal_itm_stimulus_reg_byte_write
</UL>
<BR>[Calls]<UL><LI><a href="#[57]">&gt;&gt;</a>&nbsp;&nbsp;&nbsp;am_hal_itm_stimulus_reg_byte_write
</UL>
<BR>[Address Reference Count : 1]<UL><LI> uart_debug.o(.text.itm_printf_enable)
</UL>
<P><STRONG><a name="[57]"></a>am_hal_itm_stimulus_reg_byte_write</STRONG> (Thumb, 44 bytes, Stack size 12 bytes, am_hal_itm.o(.text.am_hal_itm_stimulus_reg_byte_write))
<BR><BR>[Stack]<UL><LI>Max Depth = 12<LI>Call Chain = am_hal_itm_stimulus_reg_byte_write
</UL>
<BR>[Called By]<UL><LI><a href="#[2c]">&gt;&gt;</a>&nbsp;&nbsp;&nbsp;am_hal_itm_print
</UL>

<P><STRONG><a name="[58]"></a>am_hal_pwrctrl_blebuck_trim</STRONG> (Thumb, 82 bytes, Stack size 16 bytes, am_hal_pwrctrl.o(.text.am_hal_pwrctrl_blebuck_trim))
<BR><BR>[Stack]<UL><LI>Max Depth = 16<LI>Call Chain = am_hal_pwrctrl_blebuck_trim
</UL>
<BR>[Calls]<UL><LI><a href="#[45]">&gt;&gt;</a>&nbsp;&nbsp;&nbsp;am_hal_interrupt_master_set
<LI><a href="#[44]">&gt;&gt;</a>&nbsp;&nbsp;&nbsp;am_hal_interrupt_master_disable
</UL>
<BR>[Called By]<UL><LI><a href="#[59]">&gt;&gt;</a>&nbsp;&nbsp;&nbsp;am_hal_pwrctrl_low_power_init
</UL>

<P><STRONG><a name="[59]"></a>am_hal_pwrctrl_low_power_init</STRONG> (Thumb, 282 bytes, Stack size 24 bytes, am_hal_pwrctrl.o(.text.am_hal_pwrctrl_low_power_init))
<BR><BR>[Stack]<UL><LI>Max Depth = 144<LI>Call Chain = am_hal_pwrctrl_low_power_init &rArr; am_hal_cachectrl_control &rArr; set_RDWAIT &rArr; am_hal_flash_store_ui32
</UL>
<BR>[Calls]<UL><LI><a href="#[58]">&gt;&gt;</a>&nbsp;&nbsp;&nbsp;am_hal_pwrctrl_blebuck_trim
<LI><a href="#[5a]">&gt;&gt;</a>&nbsp;&nbsp;&nbsp;simobuck_updates
<LI><a href="#[4c]">&gt;&gt;</a>&nbsp;&nbsp;&nbsp;am_hal_flash_delay_status_check
<LI><a href="#[55]">&gt;&gt;</a>&nbsp;&nbsp;&nbsp;am_hal_pwrctrl_periph_enable
<LI><a href="#[46]">&gt;&gt;</a>&nbsp;&nbsp;&nbsp;am_hal_cachectrl_control
</UL>
<BR>[Called By]<UL><LI><a href="#[9f]">&gt;&gt;</a>&nbsp;&nbsp;&nbsp;low_power_init
</UL>

<P><STRONG><a name="[56]"></a>am_hal_pwrctrl_periph_disable</STRONG> (Thumb, 186 bytes, Stack size 24 bytes, am_hal_pwrctrl.o(.text.am_hal_pwrctrl_periph_disable))
<BR><BR>[Stack]<UL><LI>Max Depth = 40<LI>Call Chain = am_hal_pwrctrl_periph_disable &rArr; pwrctrl_periph_disable_msk_check
</UL>
<BR>[Calls]<UL><LI><a href="#[5b]">&gt;&gt;</a>&nbsp;&nbsp;&nbsp;pwrctrl_periph_disable_msk_check
<LI><a href="#[45]">&gt;&gt;</a>&nbsp;&nbsp;&nbsp;am_hal_interrupt_master_set
<LI><a href="#[44]">&gt;&gt;</a>&nbsp;&nbsp;&nbsp;am_hal_interrupt_master_disable
<LI><a href="#[4b]">&gt;&gt;</a>&nbsp;&nbsp;&nbsp;am_hal_flash_delay
</UL>
<BR>[Called By]<UL><LI><a href="#[54]">&gt;&gt;</a>&nbsp;&nbsp;&nbsp;am_hal_iom_power_ctrl
<LI><a href="#[63]">&gt;&gt;</a>&nbsp;&nbsp;&nbsp;am_hal_uart_power_control
</UL>

<P><STRONG><a name="[55]"></a>am_hal_pwrctrl_periph_enable</STRONG> (Thumb, 226 bytes, Stack size 32 bytes, am_hal_pwrctrl.o(.text.am_hal_pwrctrl_periph_enable))
<BR><BR>[Stack]<UL><LI>Max Depth = 48<LI>Call Chain = am_hal_pwrctrl_periph_enable &rArr; am_hal_flash_delay
</UL>
<BR>[Calls]<UL><LI><a href="#[45]">&gt;&gt;</a>&nbsp;&nbsp;&nbsp;am_hal_interrupt_master_set
<LI><a href="#[44]">&gt;&gt;</a>&nbsp;&nbsp;&nbsp;am_hal_interrupt_master_disable
<LI><a href="#[4b]">&gt;&gt;</a>&nbsp;&nbsp;&nbsp;am_hal_flash_delay
</UL>
<BR>[Called By]<UL><LI><a href="#[54]">&gt;&gt;</a>&nbsp;&nbsp;&nbsp;am_hal_iom_power_ctrl
<LI><a href="#[63]">&gt;&gt;</a>&nbsp;&nbsp;&nbsp;am_hal_uart_power_control
<LI><a href="#[59]">&gt;&gt;</a>&nbsp;&nbsp;&nbsp;am_hal_pwrctrl_low_power_init
</UL>

<P><STRONG><a name="[8a]"></a>am_hal_queue_init</STRONG> (Thumb, 46 bytes, Stack size 16 bytes, am_hal_queue.o(.text.am_hal_queue_init))
<BR><BR>[Stack]<UL><LI>Max Depth = 16<LI>Call Chain = am_hal_queue_init
</UL>
<BR>[Called By]<UL><LI><a href="#[62]">&gt;&gt;</a>&nbsp;&nbsp;&nbsp;buffer_configure
</UL>

<P><STRONG><a name="[5c]"></a>am_hal_queue_item_add</STRONG> (Thumb, 162 bytes, Stack size 40 bytes, am_hal_queue.o(.text.am_hal_queue_item_add))
<BR><BR>[Stack]<UL><LI>Max Depth = 40<LI>Call Chain = am_hal_queue_item_add
</UL>
<BR>[Calls]<UL><LI><a href="#[45]">&gt;&gt;</a>&nbsp;&nbsp;&nbsp;am_hal_interrupt_master_set
<LI><a href="#[44]">&gt;&gt;</a>&nbsp;&nbsp;&nbsp;am_hal_interrupt_master_disable
</UL>
<BR>[Called By]<UL><LI><a href="#[a8]">&gt;&gt;</a>&nbsp;&nbsp;&nbsp;rx_queue_update
<LI><a href="#[b1]">&gt;&gt;</a>&nbsp;&nbsp;&nbsp;write_nonblocking
</UL>

<P><STRONG><a name="[5d]"></a>am_hal_queue_item_get</STRONG> (Thumb, 158 bytes, Stack size 40 bytes, am_hal_queue.o(.text.am_hal_queue_item_get))
<BR><BR>[Stack]<UL><LI>Max Depth = 40<LI>Call Chain = am_hal_queue_item_get
</UL>
<BR>[Calls]<UL><LI><a href="#[45]">&gt;&gt;</a>&nbsp;&nbsp;&nbsp;am_hal_interrupt_master_set
<LI><a href="#[44]">&gt;&gt;</a>&nbsp;&nbsp;&nbsp;am_hal_interrupt_master_disable
</UL>
<BR>[Called By]<UL><LI><a href="#[ae]">&gt;&gt;</a>&nbsp;&nbsp;&nbsp;tx_queue_update
<LI><a href="#[a7]">&gt;&gt;</a>&nbsp;&nbsp;&nbsp;read_nonblocking
</UL>

<P><STRONG><a name="[a0]"></a>am_hal_rtc_osc_disable</STRONG> (Thumb, 18 bytes, Stack size 0 bytes, am_hal_rtc.o(.text.am_hal_rtc_osc_disable))
<BR><BR>[Called By]<UL><LI><a href="#[9f]">&gt;&gt;</a>&nbsp;&nbsp;&nbsp;low_power_init
</UL>

<P><STRONG><a name="[5e]"></a>am_hal_tpiu_enable</STRONG> (Thumb, 252 bytes, Stack size 40 bytes, am_hal_tpiu.o(.text.am_hal_tpiu_enable))
<BR><BR>[Stack]<UL><LI>Max Depth = 56<LI>Call Chain = am_hal_tpiu_enable &rArr; am_hal_flash_delay
</UL>
<BR>[Calls]<UL><LI><a href="#[5f]">&gt;&gt;</a>&nbsp;&nbsp;&nbsp;am_hal_clkgen_status_get
<LI><a href="#[4b]">&gt;&gt;</a>&nbsp;&nbsp;&nbsp;am_hal_flash_delay
</UL>
<BR>[Called By]<UL><LI><a href="#[8e]">&gt;&gt;</a>&nbsp;&nbsp;&nbsp;itm_printf_enable
</UL>

<P><STRONG><a name="[60]"></a>am_hal_uart_configure</STRONG> (Thumb, 464 bytes, Stack size 64 bytes, am_hal_uart.o(.text.am_hal_uart_configure))
<BR><BR>[Stack]<UL><LI>Max Depth = 124<LI>Call Chain = am_hal_uart_configure &rArr; buffer_configure &rArr; am_hal_uart_interrupt_disable
</UL>
<BR>[Calls]<UL><LI><a href="#[45]">&gt;&gt;</a>&nbsp;&nbsp;&nbsp;am_hal_interrupt_master_set
<LI><a href="#[44]">&gt;&gt;</a>&nbsp;&nbsp;&nbsp;am_hal_interrupt_master_disable
<LI><a href="#[62]">&gt;&gt;</a>&nbsp;&nbsp;&nbsp;buffer_configure
<LI><a href="#[61]">&gt;&gt;</a>&nbsp;&nbsp;&nbsp;config_baudrate
</UL>
<BR>[Called By]<UL><LI><a href="#[8f]">&gt;&gt;</a>&nbsp;&nbsp;&nbsp;uart_printf_enable
</UL>

<P><STRONG><a name="[b0]"></a>am_hal_uart_initialize</STRONG> (Thumb, 156 bytes, Stack size 16 bytes, am_hal_uart.o(.text.am_hal_uart_initialize))
<BR><BR>[Stack]<UL><LI>Max Depth = 16<LI>Call Chain = am_hal_uart_initialize
</UL>
<BR>[Called By]<UL><LI><a href="#[8f]">&gt;&gt;</a>&nbsp;&nbsp;&nbsp;uart_printf_enable
</UL>

<P><STRONG><a name="[64]"></a>am_hal_uart_interrupt_clear</STRONG> (Thumb, 90 bytes, Stack size 20 bytes, am_hal_uart.o(.text.am_hal_uart_interrupt_clear))
<BR><BR>[Stack]<UL><LI>Max Depth = 20<LI>Call Chain = am_hal_uart_interrupt_clear
</UL>
<BR>[Called By]<UL><LI><a href="#[63]">&gt;&gt;</a>&nbsp;&nbsp;&nbsp;am_hal_uart_power_control
</UL>

<P><STRONG><a name="[8c]"></a>am_hal_uart_interrupt_disable</STRONG> (Thumb, 94 bytes, Stack size 20 bytes, am_hal_uart.o(.text.am_hal_uart_interrupt_disable))
<BR><BR>[Stack]<UL><LI>Max Depth = 20<LI>Call Chain = am_hal_uart_interrupt_disable
</UL>
<BR>[Called By]<UL><LI><a href="#[62]">&gt;&gt;</a>&nbsp;&nbsp;&nbsp;buffer_configure
</UL>

<P><STRONG><a name="[8b]"></a>am_hal_uart_interrupt_enable</STRONG> (Thumb, 94 bytes, Stack size 20 bytes, am_hal_uart.o(.text.am_hal_uart_interrupt_enable))
<BR><BR>[Stack]<UL><LI>Max Depth = 20<LI>Call Chain = am_hal_uart_interrupt_enable
</UL>
<BR>[Called By]<UL><LI><a href="#[62]">&gt;&gt;</a>&nbsp;&nbsp;&nbsp;buffer_configure
</UL>

<P><STRONG><a name="[63]"></a>am_hal_uart_power_control</STRONG> (Thumb, 506 bytes, Stack size 48 bytes, am_hal_uart.o(.text.am_hal_uart_power_control))
<BR><BR>[Stack]<UL><LI>Max Depth = 96<LI>Call Chain = am_hal_uart_power_control &rArr; am_hal_pwrctrl_periph_enable &rArr; am_hal_flash_delay
</UL>
<BR>[Calls]<UL><LI><a href="#[56]">&gt;&gt;</a>&nbsp;&nbsp;&nbsp;am_hal_pwrctrl_periph_disable
<LI><a href="#[55]">&gt;&gt;</a>&nbsp;&nbsp;&nbsp;am_hal_pwrctrl_periph_enable
<LI><a href="#[45]">&gt;&gt;</a>&nbsp;&nbsp;&nbsp;am_hal_interrupt_master_set
<LI><a href="#[44]">&gt;&gt;</a>&nbsp;&nbsp;&nbsp;am_hal_interrupt_master_disable
<LI><a href="#[64]">&gt;&gt;</a>&nbsp;&nbsp;&nbsp;am_hal_uart_interrupt_clear
</UL>
<BR>[Called By]<UL><LI><a href="#[8f]">&gt;&gt;</a>&nbsp;&nbsp;&nbsp;uart_printf_enable
</UL>

<P><STRONG><a name="[65]"></a>am_hal_uart_transfer</STRONG> (Thumb, 96 bytes, Stack size 24 bytes, am_hal_uart.o(.text.am_hal_uart_transfer))
<BR><BR>[Stack]<UL><LI>Max Depth = 232<LI>Call Chain = am_hal_uart_transfer &rArr; read_timeout &rArr; read_nonblocking &rArr; rx_queue_update &rArr; am_hal_queue_item_add
</UL>
<BR>[Calls]<UL><LI><a href="#[67]">&gt;&gt;</a>&nbsp;&nbsp;&nbsp;read_timeout
<LI><a href="#[66]">&gt;&gt;</a>&nbsp;&nbsp;&nbsp;write_timeout
</UL>
<BR>[Called By]<UL><LI><a href="#[2d]">&gt;&gt;</a>&nbsp;&nbsp;&nbsp;uart_string_print
</UL>

<P><STRONG><a name="[10]"></a>am_iomaster0_isr</STRONG> (Thumb, 92 bytes, Stack size 16 bytes, iom_dma.o(.text.am_iomaster0_isr))
<BR><BR>[Stack]<UL><LI>Max Depth = 16<LI>Call Chain = am_iomaster0_isr
</UL>
<BR>[Address Reference Count : 1]<UL><LI> startup_keil.o(RESET)
</UL>
<P><STRONG><a name="[11]"></a>am_iomaster1_isr</STRONG> (Thumb, 110 bytes, Stack size 16 bytes, iom_dma.o(.text.am_iomaster1_isr))
<BR><BR>[Stack]<UL><LI>Max Depth = 16<LI>Call Chain = am_iomaster1_isr
</UL>
<BR>[Address Reference Count : 1]<UL><LI> startup_keil.o(RESET)
</UL>
<P><STRONG><a name="[12]"></a>am_iomaster2_isr</STRONG> (Thumb, 94 bytes, Stack size 16 bytes, iom_dma.o(.text.am_iomaster2_isr))
<BR><BR>[Stack]<UL><LI>Max Depth = 16<LI>Call Chain = am_iomaster2_isr
</UL>
<BR>[Address Reference Count : 1]<UL><LI> startup_keil.o(RESET)
</UL>
<P><STRONG><a name="[13]"></a>am_iomaster3_isr</STRONG> (Thumb, 94 bytes, Stack size 16 bytes, iom_dma.o(.text.am_iomaster3_isr))
<BR><BR>[Stack]<UL><LI>Max Depth = 16<LI>Call Chain = am_iomaster3_isr
</UL>
<BR>[Address Reference Count : 1]<UL><LI> startup_keil.o(RESET)
</UL>
<P><STRONG><a name="[14]"></a>am_iomaster4_isr</STRONG> (Thumb, 94 bytes, Stack size 16 bytes, iom_dma.o(.text.am_iomaster4_isr))
<BR><BR>[Stack]<UL><LI>Max Depth = 16<LI>Call Chain = am_iomaster4_isr
</UL>
<BR>[Address Reference Count : 1]<UL><LI> startup_keil.o(RESET)
</UL>
<P><STRONG><a name="[15]"></a>am_iomaster5_isr</STRONG> (Thumb, 94 bytes, Stack size 16 bytes, iom_dma.o(.text.am_iomaster5_isr))
<BR><BR>[Stack]<UL><LI>Max Depth = 16<LI>Call Chain = am_iomaster5_isr
</UL>
<BR>[Address Reference Count : 1]<UL><LI> startup_keil.o(RESET)
</UL>
<P><STRONG><a name="[68]"></a>am_util_delay_ms</STRONG> (Thumb, 48 bytes, Stack size 32 bytes, am_util_delay.o(.text.am_util_delay_ms))
<BR><BR>[Stack]<UL><LI>Max Depth = 48<LI>Call Chain = am_util_delay_ms &rArr; am_hal_flash_delay
</UL>
<BR>[Calls]<UL><LI><a href="#[5f]">&gt;&gt;</a>&nbsp;&nbsp;&nbsp;am_hal_clkgen_status_get
<LI><a href="#[4b]">&gt;&gt;</a>&nbsp;&nbsp;&nbsp;am_hal_flash_delay
</UL>
<BR>[Called By]<UL><LI><a href="#[3a]">&gt;&gt;</a>&nbsp;&nbsp;&nbsp;main
<LI><a href="#[a3]">&gt;&gt;</a>&nbsp;&nbsp;&nbsp;sleep_loop
<LI><a href="#[88]">&gt;&gt;</a>&nbsp;&nbsp;&nbsp;amx8x5_wait_por_ready
<LI><a href="#[77]">&gt;&gt;</a>&nbsp;&nbsp;&nbsp;amx8x5_ext_reset
</UL>

<P><STRONG><a name="[69]"></a>am_util_delay_us</STRONG> (Thumb, 48 bytes, Stack size 32 bytes, am_util_delay.o(.text.am_util_delay_us))
<BR><BR>[Stack]<UL><LI>Max Depth = 48<LI>Call Chain = am_util_delay_us &rArr; am_hal_flash_delay
</UL>
<BR>[Calls]<UL><LI><a href="#[5f]">&gt;&gt;</a>&nbsp;&nbsp;&nbsp;am_hal_clkgen_status_get
<LI><a href="#[4b]">&gt;&gt;</a>&nbsp;&nbsp;&nbsp;am_hal_flash_delay
</UL>
<BR>[Called By]<UL><LI><a href="#[3a]">&gt;&gt;</a>&nbsp;&nbsp;&nbsp;main
<LI><a href="#[a3]">&gt;&gt;</a>&nbsp;&nbsp;&nbsp;sleep_loop
<LI><a href="#[78]">&gt;&gt;</a>&nbsp;&nbsp;&nbsp;amx8x5_init
<LI><a href="#[76]">&gt;&gt;</a>&nbsp;&nbsp;&nbsp;amx8x5_ext1_gen
</UL>

<P><STRONG><a name="[6a]"></a>am_util_stdio_printf</STRONG> (Thumb, 92 bytes, Stack size 40 bytes, am_util_stdio.o(.text.am_util_stdio_printf))
<BR><BR>[Stack]<UL><LI>Max Depth = 360<LI>Call Chain = am_util_stdio_printf &rArr; am_util_stdio_vsprintf &rArr; ftoa &rArr; uint64_to_str &rArr; divu64_10
</UL>
<BR>[Calls]<UL><LI><a href="#[6b]">&gt;&gt;</a>&nbsp;&nbsp;&nbsp;am_util_stdio_vsprintf
</UL>
<BR>[Called By]<UL><LI><a href="#[3a]">&gt;&gt;</a>&nbsp;&nbsp;&nbsp;main
<LI><a href="#[a3]">&gt;&gt;</a>&nbsp;&nbsp;&nbsp;sleep_loop
</UL>

<P><STRONG><a name="[9e]"></a>am_util_stdio_printf_init</STRONG> (Thumb, 20 bytes, Stack size 4 bytes, am_util_stdio.o(.text.am_util_stdio_printf_init))
<BR><BR>[Stack]<UL><LI>Max Depth = 4<LI>Call Chain = am_util_stdio_printf_init
</UL>
<BR>[Called By]<UL><LI><a href="#[8f]">&gt;&gt;</a>&nbsp;&nbsp;&nbsp;uart_printf_enable
<LI><a href="#[8e]">&gt;&gt;</a>&nbsp;&nbsp;&nbsp;itm_printf_enable
</UL>

<P><STRONG><a name="[6b]"></a>am_util_stdio_vsprintf</STRONG> (Thumb, 1620 bytes, Stack size 128 bytes, am_util_stdio.o(.text.am_util_stdio_vsprintf))
<BR><BR>[Stack]<UL><LI>Max Depth = 320<LI>Call Chain = am_util_stdio_vsprintf &rArr; ftoa &rArr; uint64_to_str &rArr; divu64_10
</UL>
<BR>[Calls]<UL><LI><a href="#[75]">&gt;&gt;</a>&nbsp;&nbsp;&nbsp;ftoa
<LI><a href="#[73]">&gt;&gt;</a>&nbsp;&nbsp;&nbsp;ndigits_in_i64
<LI><a href="#[72]">&gt;&gt;</a>&nbsp;&nbsp;&nbsp;uint64_to_str
<LI><a href="#[71]">&gt;&gt;</a>&nbsp;&nbsp;&nbsp;ndigits_in_u64
<LI><a href="#[70]">&gt;&gt;</a>&nbsp;&nbsp;&nbsp;uint64_to_hexstr
<LI><a href="#[6f]">&gt;&gt;</a>&nbsp;&nbsp;&nbsp;ndigits_in_hex
<LI><a href="#[6e]">&gt;&gt;</a>&nbsp;&nbsp;&nbsp;padbuffer
<LI><a href="#[6d]">&gt;&gt;</a>&nbsp;&nbsp;&nbsp;simple_strlen
<LI><a href="#[6c]">&gt;&gt;</a>&nbsp;&nbsp;&nbsp;decstr_to_int
<LI><a href="#[74]">&gt;&gt;</a>&nbsp;&nbsp;&nbsp;__aeabi_d2f
</UL>
<BR>[Called By]<UL><LI><a href="#[6a]">&gt;&gt;</a>&nbsp;&nbsp;&nbsp;am_util_stdio_printf
</UL>

<P><STRONG><a name="[a5]"></a>am_util_string_strnicmp</STRONG> (Thumb, 182 bytes, Stack size 24 bytes, am_util_string.o(.text.am_util_string_strnicmp))
<BR><BR>[Stack]<UL><LI>Max Depth = 24<LI>Call Chain = am_util_string_strnicmp
</UL>
<BR>[Called By]<UL><LI><a href="#[a4]">&gt;&gt;</a>&nbsp;&nbsp;&nbsp;mthToIndex
</UL>

<P><STRONG><a name="[ad]"></a>am_util_time_computeDayofWeek</STRONG> (Thumb, 462 bytes, Stack size 36 bytes, am_util_time.o(.text.am_util_time_computeDayofWeek))
<BR><BR>[Stack]<UL><LI>Max Depth = 36<LI>Call Chain = am_util_time_computeDayofWeek
</UL>
<BR>[Called By]<UL><LI><a href="#[a3]">&gt;&gt;</a>&nbsp;&nbsp;&nbsp;sleep_loop
</UL>

<P><STRONG><a name="[76]"></a>amx8x5_ext1_gen</STRONG> (Thumb, 40 bytes, Stack size 16 bytes, main.o(.text.amx8x5_ext1_gen))
<BR><BR>[Stack]<UL><LI>Max Depth = 64<LI>Call Chain = amx8x5_ext1_gen &rArr; am_util_delay_us &rArr; am_hal_flash_delay
</UL>
<BR>[Calls]<UL><LI><a href="#[69]">&gt;&gt;</a>&nbsp;&nbsp;&nbsp;am_util_delay_us
<LI><a href="#[4f]">&gt;&gt;</a>&nbsp;&nbsp;&nbsp;am_hal_gpio_state_write
</UL>
<BR>[Called By]<UL><LI><a href="#[a3]">&gt;&gt;</a>&nbsp;&nbsp;&nbsp;sleep_loop
</UL>

<P><STRONG><a name="[77]"></a>amx8x5_ext_reset</STRONG> (Thumb, 90 bytes, Stack size 16 bytes, main.o(.text.amx8x5_ext_reset))
<BR><BR>[Stack]<UL><LI>Max Depth = 64<LI>Call Chain = amx8x5_ext_reset &rArr; am_util_delay_ms &rArr; am_hal_flash_delay
</UL>
<BR>[Calls]<UL><LI><a href="#[68]">&gt;&gt;</a>&nbsp;&nbsp;&nbsp;am_util_delay_ms
<LI><a href="#[4f]">&gt;&gt;</a>&nbsp;&nbsp;&nbsp;am_hal_gpio_state_write
</UL>
<BR>[Called By]<UL><LI><a href="#[3a]">&gt;&gt;</a>&nbsp;&nbsp;&nbsp;main
</UL>

<P><STRONG><a name="[78]"></a>amx8x5_init</STRONG> (Thumb, 152 bytes, Stack size 24 bytes, main.o(.text.amx8x5_init))
<BR><BR>[Stack]<UL><LI>Max Depth = 136<LI>Call Chain = amx8x5_init &rArr; amx8x5_reg_write &rArr; iom_spi_write &rArr; iom_dma_start
</UL>
<BR>[Calls]<UL><LI><a href="#[79]">&gt;&gt;</a>&nbsp;&nbsp;&nbsp;amx8x5_reg_write
<LI><a href="#[69]">&gt;&gt;</a>&nbsp;&nbsp;&nbsp;am_util_delay_us
</UL>
<BR>[Called By]<UL><LI><a href="#[3a]">&gt;&gt;</a>&nbsp;&nbsp;&nbsp;main
</UL>

<P><STRONG><a name="[7a]"></a>amx8x5_int_clear</STRONG> (Thumb, 62 bytes, Stack size 24 bytes, main.o(.text.amx8x5_int_clear))
<BR><BR>[Stack]<UL><LI>Max Depth = 144<LI>Call Chain = amx8x5_int_clear &rArr; amx8x5_reg_read &rArr; iom_spi_read &rArr; iom_dma_start
</UL>
<BR>[Calls]<UL><LI><a href="#[7b]">&gt;&gt;</a>&nbsp;&nbsp;&nbsp;amx8x5_reg_read
<LI><a href="#[79]">&gt;&gt;</a>&nbsp;&nbsp;&nbsp;amx8x5_reg_write
</UL>
<BR>[Called By]<UL><LI><a href="#[a3]">&gt;&gt;</a>&nbsp;&nbsp;&nbsp;sleep_loop
</UL>

<P><STRONG><a name="[7c]"></a>amx8x5_reg_block_read</STRONG> (Thumb, 100 bytes, Stack size 40 bytes, amx8x5_device.o(.text.amx8x5_reg_block_read))
<BR><BR>[Stack]<UL><LI>Max Depth = 128<LI>Call Chain = amx8x5_reg_block_read &rArr; iom_spi_read &rArr; iom_dma_start
</UL>
<BR>[Calls]<UL><LI><a href="#[7e]">&gt;&gt;</a>&nbsp;&nbsp;&nbsp;iom_spi_read
<LI><a href="#[7d]">&gt;&gt;</a>&nbsp;&nbsp;&nbsp;iom_spi_write
</UL>
<BR>[Called By]<UL><LI><a href="#[84]">&gt;&gt;</a>&nbsp;&nbsp;&nbsp;amx8x5_time_get
</UL>

<P><STRONG><a name="[7f]"></a>amx8x5_reg_block_write</STRONG> (Thumb, 100 bytes, Stack size 40 bytes, amx8x5_device.o(.text.amx8x5_reg_block_write))
<BR><BR>[Stack]<UL><LI>Max Depth = 128<LI>Call Chain = amx8x5_reg_block_write &rArr; iom_spi_write &rArr; iom_dma_start
</UL>
<BR>[Calls]<UL><LI><a href="#[7d]">&gt;&gt;</a>&nbsp;&nbsp;&nbsp;iom_spi_write
</UL>
<BR>[Called By]<UL><LI><a href="#[86]">&gt;&gt;</a>&nbsp;&nbsp;&nbsp;amx8x5_time_set
</UL>

<P><STRONG><a name="[80]"></a>amx8x5_reg_clear</STRONG> (Thumb, 82 bytes, Stack size 24 bytes, amx8x5_device.o(.text.amx8x5_reg_clear))
<BR><BR>[Stack]<UL><LI>Max Depth = 144<LI>Call Chain = amx8x5_reg_clear &rArr; amx8x5_reg_read &rArr; iom_spi_read &rArr; iom_dma_start
</UL>
<BR>[Calls]<UL><LI><a href="#[7b]">&gt;&gt;</a>&nbsp;&nbsp;&nbsp;amx8x5_reg_read
<LI><a href="#[79]">&gt;&gt;</a>&nbsp;&nbsp;&nbsp;amx8x5_reg_write
</UL>
<BR>[Called By]<UL><LI><a href="#[86]">&gt;&gt;</a>&nbsp;&nbsp;&nbsp;amx8x5_time_set
</UL>

<P><STRONG><a name="[7b]"></a>amx8x5_reg_read</STRONG> (Thumb, 106 bytes, Stack size 32 bytes, amx8x5_device.o(.text.amx8x5_reg_read))
<BR><BR>[Stack]<UL><LI>Max Depth = 120<LI>Call Chain = amx8x5_reg_read &rArr; iom_spi_read &rArr; iom_dma_start
</UL>
<BR>[Calls]<UL><LI><a href="#[7e]">&gt;&gt;</a>&nbsp;&nbsp;&nbsp;iom_spi_read
<LI><a href="#[7d]">&gt;&gt;</a>&nbsp;&nbsp;&nbsp;iom_spi_write
</UL>
<BR>[Called By]<UL><LI><a href="#[80]">&gt;&gt;</a>&nbsp;&nbsp;&nbsp;amx8x5_reg_clear
<LI><a href="#[84]">&gt;&gt;</a>&nbsp;&nbsp;&nbsp;amx8x5_time_get
<LI><a href="#[83]">&gt;&gt;</a>&nbsp;&nbsp;&nbsp;amx8x5_sleep_set
<LI><a href="#[81]">&gt;&gt;</a>&nbsp;&nbsp;&nbsp;amx8x5_reg_set
<LI><a href="#[86]">&gt;&gt;</a>&nbsp;&nbsp;&nbsp;amx8x5_time_set
<LI><a href="#[7a]">&gt;&gt;</a>&nbsp;&nbsp;&nbsp;amx8x5_int_clear
</UL>

<P><STRONG><a name="[81]"></a>amx8x5_reg_set</STRONG> (Thumb, 82 bytes, Stack size 24 bytes, amx8x5_device.o(.text.amx8x5_reg_set))
<BR><BR>[Stack]<UL><LI>Max Depth = 144<LI>Call Chain = amx8x5_reg_set &rArr; amx8x5_reg_read &rArr; iom_spi_read &rArr; iom_dma_start
</UL>
<BR>[Calls]<UL><LI><a href="#[7b]">&gt;&gt;</a>&nbsp;&nbsp;&nbsp;amx8x5_reg_read
<LI><a href="#[79]">&gt;&gt;</a>&nbsp;&nbsp;&nbsp;amx8x5_reg_write
</UL>
<BR>[Called By]<UL><LI><a href="#[86]">&gt;&gt;</a>&nbsp;&nbsp;&nbsp;amx8x5_time_set
<LI><a href="#[a3]">&gt;&gt;</a>&nbsp;&nbsp;&nbsp;sleep_loop
</UL>

<P><STRONG><a name="[79]"></a>amx8x5_reg_write</STRONG> (Thumb, 68 bytes, Stack size 24 bytes, amx8x5_device.o(.text.amx8x5_reg_write))
<BR><BR>[Stack]<UL><LI>Max Depth = 112<LI>Call Chain = amx8x5_reg_write &rArr; iom_spi_write &rArr; iom_dma_start
</UL>
<BR>[Calls]<UL><LI><a href="#[7d]">&gt;&gt;</a>&nbsp;&nbsp;&nbsp;iom_spi_write
</UL>
<BR>[Called By]<UL><LI><a href="#[80]">&gt;&gt;</a>&nbsp;&nbsp;&nbsp;amx8x5_reg_clear
<LI><a href="#[83]">&gt;&gt;</a>&nbsp;&nbsp;&nbsp;amx8x5_sleep_set
<LI><a href="#[81]">&gt;&gt;</a>&nbsp;&nbsp;&nbsp;amx8x5_reg_set
<LI><a href="#[86]">&gt;&gt;</a>&nbsp;&nbsp;&nbsp;amx8x5_time_set
<LI><a href="#[7a]">&gt;&gt;</a>&nbsp;&nbsp;&nbsp;amx8x5_int_clear
<LI><a href="#[78]">&gt;&gt;</a>&nbsp;&nbsp;&nbsp;amx8x5_init
</UL>

<P><STRONG><a name="[82]"></a>amx8x5_reset</STRONG> (Thumb, 58 bytes, Stack size 24 bytes, amx8x5_device.o(.text.amx8x5_reset))
<BR><BR>[Stack]<UL><LI>Max Depth = 112<LI>Call Chain = amx8x5_reset &rArr; iom_spi_write &rArr; iom_dma_start
</UL>
<BR>[Calls]<UL><LI><a href="#[7d]">&gt;&gt;</a>&nbsp;&nbsp;&nbsp;iom_spi_write
</UL>
<BR>[Called By]<UL><LI><a href="#[3a]">&gt;&gt;</a>&nbsp;&nbsp;&nbsp;main
</UL>

<P><STRONG><a name="[83]"></a>amx8x5_sleep_set</STRONG> (Thumb, 330 bytes, Stack size 32 bytes, amx8x5_device.o(.text.amx8x5_sleep_set))
<BR><BR>[Stack]<UL><LI>Max Depth = 152<LI>Call Chain = amx8x5_sleep_set &rArr; amx8x5_reg_read &rArr; iom_spi_read &rArr; iom_dma_start
</UL>
<BR>[Calls]<UL><LI><a href="#[7b]">&gt;&gt;</a>&nbsp;&nbsp;&nbsp;amx8x5_reg_read
<LI><a href="#[79]">&gt;&gt;</a>&nbsp;&nbsp;&nbsp;amx8x5_reg_write
</UL>
<BR>[Called By]<UL><LI><a href="#[a3]">&gt;&gt;</a>&nbsp;&nbsp;&nbsp;sleep_loop
</UL>

<P><STRONG><a name="[84]"></a>amx8x5_time_get</STRONG> (Thumb, 254 bytes, Stack size 32 bytes, amx8x5_device.o(.text.amx8x5_time_get))
<BR><BR>[Stack]<UL><LI>Max Depth = 160<LI>Call Chain = amx8x5_time_get &rArr; amx8x5_reg_block_read &rArr; iom_spi_read &rArr; iom_dma_start
</UL>
<BR>[Calls]<UL><LI><a href="#[7c]">&gt;&gt;</a>&nbsp;&nbsp;&nbsp;amx8x5_reg_block_read
<LI><a href="#[85]">&gt;&gt;</a>&nbsp;&nbsp;&nbsp;bcd_to_dec
<LI><a href="#[7b]">&gt;&gt;</a>&nbsp;&nbsp;&nbsp;amx8x5_reg_read
</UL>
<BR>[Called By]<UL><LI><a href="#[a3]">&gt;&gt;</a>&nbsp;&nbsp;&nbsp;sleep_loop
</UL>

<P><STRONG><a name="[86]"></a>amx8x5_time_set</STRONG> (Thumb, 472 bytes, Stack size 40 bytes, amx8x5_device.o(.text.amx8x5_time_set))
<BR><BR>[Stack]<UL><LI>Max Depth = 184<LI>Call Chain = amx8x5_time_set &rArr; amx8x5_reg_clear &rArr; amx8x5_reg_read &rArr; iom_spi_read &rArr; iom_dma_start
</UL>
<BR>[Calls]<UL><LI><a href="#[7f]">&gt;&gt;</a>&nbsp;&nbsp;&nbsp;amx8x5_reg_block_write
<LI><a href="#[80]">&gt;&gt;</a>&nbsp;&nbsp;&nbsp;amx8x5_reg_clear
<LI><a href="#[87]">&gt;&gt;</a>&nbsp;&nbsp;&nbsp;dec_to_bcd
<LI><a href="#[81]">&gt;&gt;</a>&nbsp;&nbsp;&nbsp;amx8x5_reg_set
<LI><a href="#[7b]">&gt;&gt;</a>&nbsp;&nbsp;&nbsp;amx8x5_reg_read
<LI><a href="#[79]">&gt;&gt;</a>&nbsp;&nbsp;&nbsp;amx8x5_reg_write
</UL>
<BR>[Called By]<UL><LI><a href="#[a3]">&gt;&gt;</a>&nbsp;&nbsp;&nbsp;sleep_loop
</UL>

<P><STRONG><a name="[88]"></a>amx8x5_wait_por_ready</STRONG> (Thumb, 86 bytes, Stack size 24 bytes, main.o(.text.amx8x5_wait_por_ready))
<BR><BR>[Stack]<UL><LI>Max Depth = 72<LI>Call Chain = amx8x5_wait_por_ready &rArr; am_util_delay_ms &rArr; am_hal_flash_delay
</UL>
<BR>[Calls]<UL><LI><a href="#[89]">&gt;&gt;</a>&nbsp;&nbsp;&nbsp;am_hal_gpio_state_read
<LI><a href="#[68]">&gt;&gt;</a>&nbsp;&nbsp;&nbsp;am_util_delay_ms
</UL>
<BR>[Called By]<UL><LI><a href="#[3a]">&gt;&gt;</a>&nbsp;&nbsp;&nbsp;main
</UL>

<P><STRONG><a name="[8d]"></a>debug_printf_enable</STRONG> (Thumb, 50 bytes, Stack size 8 bytes, uart_debug.o(.text.debug_printf_enable))
<BR><BR>[Stack]<UL><LI>Max Depth = 152<LI>Call Chain = debug_printf_enable &rArr; itm_printf_enable &rArr; am_hal_gpio_pinconfig &rArr; pincfg_equ
</UL>
<BR>[Calls]<UL><LI><a href="#[8f]">&gt;&gt;</a>&nbsp;&nbsp;&nbsp;uart_printf_enable
<LI><a href="#[8e]">&gt;&gt;</a>&nbsp;&nbsp;&nbsp;itm_printf_enable
</UL>
<BR>[Called By]<UL><LI><a href="#[3a]">&gt;&gt;</a>&nbsp;&nbsp;&nbsp;main
</UL>

<P><STRONG><a name="[90]"></a>iom_dma_configure</STRONG> (Thumb, 64 bytes, Stack size 24 bytes, iom_dma.o(.text.iom_dma_configure))
<BR><BR>[Stack]<UL><LI>Max Depth = 184<LI>Call Chain = iom_dma_configure &rArr; iom_dma_spi_configure &rArr; iom_get_interface_clock_cfg &rArr; compute_freq
</UL>
<BR>[Calls]<UL><LI><a href="#[91]">&gt;&gt;</a>&nbsp;&nbsp;&nbsp;iom_dma_i2c_configure
<LI><a href="#[92]">&gt;&gt;</a>&nbsp;&nbsp;&nbsp;iom_dma_spi_configure
</UL>
<BR>[Called By]<UL><LI><a href="#[99]">&gt;&gt;</a>&nbsp;&nbsp;&nbsp;iom_spi_init
</UL>

<P><STRONG><a name="[9b]"></a>iom_dma_enable</STRONG> (Thumb, 104 bytes, Stack size 12 bytes, iom_dma.o(.text.iom_dma_enable))
<BR><BR>[Stack]<UL><LI>Max Depth = 12<LI>Call Chain = iom_dma_enable
</UL>
<BR>[Called By]<UL><LI><a href="#[99]">&gt;&gt;</a>&nbsp;&nbsp;&nbsp;iom_spi_init
</UL>

<P><STRONG><a name="[91]"></a>iom_dma_i2c_configure</STRONG> (Thumb, 260 bytes, Stack size 32 bytes, iom_dma.o(.text.iom_dma_i2c_configure))
<BR><BR>[Stack]<UL><LI>Max Depth = 32<LI>Call Chain = iom_dma_i2c_configure
</UL>
<BR>[Called By]<UL><LI><a href="#[90]">&gt;&gt;</a>&nbsp;&nbsp;&nbsp;iom_dma_configure
</UL>

<P><STRONG><a name="[93]"></a>iom_dma_int_enable</STRONG> (Thumb, 78 bytes, Stack size 16 bytes, iom_dma.o(.text.iom_dma_int_enable))
<BR><BR>[Stack]<UL><LI>Max Depth = 20<LI>Call Chain = iom_dma_int_enable &rArr; __NVIC_EnableIRQ
</UL>
<BR>[Calls]<UL><LI><a href="#[94]">&gt;&gt;</a>&nbsp;&nbsp;&nbsp;__NVIC_EnableIRQ
</UL>
<BR>[Called By]<UL><LI><a href="#[99]">&gt;&gt;</a>&nbsp;&nbsp;&nbsp;iom_spi_init
</UL>

<P><STRONG><a name="[92]"></a>iom_dma_spi_configure</STRONG> (Thumb, 178 bytes, Stack size 40 bytes, iom_dma.o(.text.iom_dma_spi_configure))
<BR><BR>[Stack]<UL><LI>Max Depth = 160<LI>Call Chain = iom_dma_spi_configure &rArr; iom_get_interface_clock_cfg &rArr; compute_freq
</UL>
<BR>[Calls]<UL><LI><a href="#[95]">&gt;&gt;</a>&nbsp;&nbsp;&nbsp;iom_get_interface_clock_cfg
</UL>
<BR>[Called By]<UL><LI><a href="#[90]">&gt;&gt;</a>&nbsp;&nbsp;&nbsp;iom_dma_configure
</UL>

<P><STRONG><a name="[9c]"></a>iom_dma_start</STRONG> (Thumb, 796 bytes, Stack size 24 bytes, iom_dma.o(.text.iom_dma_start))
<BR><BR>[Stack]<UL><LI>Max Depth = 24<LI>Call Chain = iom_dma_start
</UL>
<BR>[Called By]<UL><LI><a href="#[7e]">&gt;&gt;</a>&nbsp;&nbsp;&nbsp;iom_spi_read
<LI><a href="#[7d]">&gt;&gt;</a>&nbsp;&nbsp;&nbsp;iom_spi_write
</UL>

<P><STRONG><a name="[98]"></a>iom_gpio_config</STRONG> (Thumb, 180 bytes, Stack size 8 bytes, iom_spi.o(.text.iom_gpio_config))
<BR><BR>[Stack]<UL><LI>Max Depth = 120<LI>Call Chain = iom_gpio_config &rArr; am_hal_gpio_pinconfig &rArr; pincfg_equ
</UL>
<BR>[Calls]<UL><LI><a href="#[4d]">&gt;&gt;</a>&nbsp;&nbsp;&nbsp;am_hal_gpio_pinconfig
</UL>
<BR>[Called By]<UL><LI><a href="#[99]">&gt;&gt;</a>&nbsp;&nbsp;&nbsp;iom_spi_init
</UL>

<P><STRONG><a name="[99]"></a>iom_spi_init</STRONG> (Thumb, 138 bytes, Stack size 16 bytes, iom_spi.o(.text.iom_spi_init))
<BR><BR>[Stack]<UL><LI>Max Depth = 200<LI>Call Chain = iom_spi_init &rArr; iom_dma_configure &rArr; iom_dma_spi_configure &rArr; iom_get_interface_clock_cfg &rArr; compute_freq
</UL>
<BR>[Calls]<UL><LI><a href="#[54]">&gt;&gt;</a>&nbsp;&nbsp;&nbsp;am_hal_iom_power_ctrl
<LI><a href="#[9a]">&gt;&gt;</a>&nbsp;&nbsp;&nbsp;am_hal_iom_initialize
<LI><a href="#[98]">&gt;&gt;</a>&nbsp;&nbsp;&nbsp;iom_gpio_config
<LI><a href="#[93]">&gt;&gt;</a>&nbsp;&nbsp;&nbsp;iom_dma_int_enable
<LI><a href="#[9b]">&gt;&gt;</a>&nbsp;&nbsp;&nbsp;iom_dma_enable
<LI><a href="#[90]">&gt;&gt;</a>&nbsp;&nbsp;&nbsp;iom_dma_configure
</UL>
<BR>[Called By]<UL><LI><a href="#[3a]">&gt;&gt;</a>&nbsp;&nbsp;&nbsp;main
</UL>

<P><STRONG><a name="[7e]"></a>iom_spi_read</STRONG> (Thumb, 248 bytes, Stack size 64 bytes, iom_spi.o(.text.iom_spi_read))
<BR><BR>[Stack]<UL><LI>Max Depth = 88<LI>Call Chain = iom_spi_read &rArr; iom_dma_start
</UL>
<BR>[Calls]<UL><LI><a href="#[9c]">&gt;&gt;</a>&nbsp;&nbsp;&nbsp;iom_dma_start
</UL>
<BR>[Called By]<UL><LI><a href="#[7c]">&gt;&gt;</a>&nbsp;&nbsp;&nbsp;amx8x5_reg_block_read
<LI><a href="#[7b]">&gt;&gt;</a>&nbsp;&nbsp;&nbsp;amx8x5_reg_read
</UL>

<P><STRONG><a name="[7d]"></a>iom_spi_write</STRONG> (Thumb, 246 bytes, Stack size 64 bytes, iom_spi.o(.text.iom_spi_write))
<BR><BR>[Stack]<UL><LI>Max Depth = 88<LI>Call Chain = iom_spi_write &rArr; iom_dma_start
</UL>
<BR>[Calls]<UL><LI><a href="#[9c]">&gt;&gt;</a>&nbsp;&nbsp;&nbsp;iom_dma_start
</UL>
<BR>[Called By]<UL><LI><a href="#[7f]">&gt;&gt;</a>&nbsp;&nbsp;&nbsp;amx8x5_reg_block_write
<LI><a href="#[7c]">&gt;&gt;</a>&nbsp;&nbsp;&nbsp;amx8x5_reg_block_read
<LI><a href="#[82]">&gt;&gt;</a>&nbsp;&nbsp;&nbsp;amx8x5_reset
<LI><a href="#[7b]">&gt;&gt;</a>&nbsp;&nbsp;&nbsp;amx8x5_reg_read
<LI><a href="#[79]">&gt;&gt;</a>&nbsp;&nbsp;&nbsp;amx8x5_reg_write
</UL>

<P><STRONG><a name="[8e]"></a>itm_printf_enable</STRONG> (Thumb, 68 bytes, Stack size 32 bytes, uart_debug.o(.text.itm_printf_enable))
<BR><BR>[Stack]<UL><LI>Max Depth = 144<LI>Call Chain = itm_printf_enable &rArr; am_hal_gpio_pinconfig &rArr; pincfg_equ
</UL>
<BR>[Calls]<UL><LI><a href="#[9e]">&gt;&gt;</a>&nbsp;&nbsp;&nbsp;am_util_stdio_printf_init
<LI><a href="#[4d]">&gt;&gt;</a>&nbsp;&nbsp;&nbsp;am_hal_gpio_pinconfig
<LI><a href="#[5e]">&gt;&gt;</a>&nbsp;&nbsp;&nbsp;am_hal_tpiu_enable
<LI><a href="#[9d]">&gt;&gt;</a>&nbsp;&nbsp;&nbsp;am_hal_itm_enable
</UL>
<BR>[Called By]<UL><LI><a href="#[8d]">&gt;&gt;</a>&nbsp;&nbsp;&nbsp;debug_printf_enable
</UL>

<P><STRONG><a name="[9f]"></a>low_power_init</STRONG> (Thumb, 12 bytes, Stack size 8 bytes, main.o(.text.low_power_init))
<BR><BR>[Stack]<UL><LI>Max Depth = 152<LI>Call Chain = low_power_init &rArr; am_hal_pwrctrl_low_power_init &rArr; am_hal_cachectrl_control &rArr; set_RDWAIT &rArr; am_hal_flash_store_ui32
</UL>
<BR>[Calls]<UL><LI><a href="#[a0]">&gt;&gt;</a>&nbsp;&nbsp;&nbsp;am_hal_rtc_osc_disable
<LI><a href="#[59]">&gt;&gt;</a>&nbsp;&nbsp;&nbsp;am_hal_pwrctrl_low_power_init
</UL>
<BR>[Called By]<UL><LI><a href="#[3a]">&gt;&gt;</a>&nbsp;&nbsp;&nbsp;main
</UL>

<P><STRONG><a name="[3a]"></a>main</STRONG> (Thumb, 156 bytes, Stack size 24 bytes, main.o(.text.main))
<BR><BR>[Stack]<UL><LI>Max Depth = 440<LI>Call Chain = main &rArr; sleep_loop &rArr; am_util_stdio_printf &rArr; am_util_stdio_vsprintf &rArr; ftoa &rArr; uint64_to_str &rArr; divu64_10
</UL>
<BR>[Calls]<UL><LI><a href="#[82]">&gt;&gt;</a>&nbsp;&nbsp;&nbsp;amx8x5_reset
<LI><a href="#[a2]">&gt;&gt;</a>&nbsp;&nbsp;&nbsp;am_hal_interrupt_master_enable
<LI><a href="#[8d]">&gt;&gt;</a>&nbsp;&nbsp;&nbsp;debug_printf_enable
<LI><a href="#[99]">&gt;&gt;</a>&nbsp;&nbsp;&nbsp;iom_spi_init
<LI><a href="#[a1]">&gt;&gt;</a>&nbsp;&nbsp;&nbsp;am_hal_cachectrl_enable
<LI><a href="#[43]">&gt;&gt;</a>&nbsp;&nbsp;&nbsp;am_hal_cachectrl_config
<LI><a href="#[4a]">&gt;&gt;</a>&nbsp;&nbsp;&nbsp;am_hal_clkgen_control
<LI><a href="#[6a]">&gt;&gt;</a>&nbsp;&nbsp;&nbsp;am_util_stdio_printf
<LI><a href="#[a3]">&gt;&gt;</a>&nbsp;&nbsp;&nbsp;sleep_loop
<LI><a href="#[88]">&gt;&gt;</a>&nbsp;&nbsp;&nbsp;amx8x5_wait_por_ready
<LI><a href="#[68]">&gt;&gt;</a>&nbsp;&nbsp;&nbsp;am_util_delay_ms
<LI><a href="#[77]">&gt;&gt;</a>&nbsp;&nbsp;&nbsp;amx8x5_ext_reset
<LI><a href="#[78]">&gt;&gt;</a>&nbsp;&nbsp;&nbsp;amx8x5_init
<LI><a href="#[69]">&gt;&gt;</a>&nbsp;&nbsp;&nbsp;am_util_delay_us
<LI><a href="#[9f]">&gt;&gt;</a>&nbsp;&nbsp;&nbsp;low_power_init
</UL>
<BR>[Called By]<UL><LI><a href="#[39]">&gt;&gt;</a>&nbsp;&nbsp;&nbsp;__rt_entry_main
</UL>

<P><STRONG><a name="[a4]"></a>mthToIndex</STRONG> (Thumb, 74 bytes, Stack size 24 bytes, main.o(.text.mthToIndex))
<BR><BR>[Stack]<UL><LI>Max Depth = 48<LI>Call Chain = mthToIndex &rArr; am_util_string_strnicmp
</UL>
<BR>[Calls]<UL><LI><a href="#[a5]">&gt;&gt;</a>&nbsp;&nbsp;&nbsp;am_util_string_strnicmp
</UL>
<BR>[Called By]<UL><LI><a href="#[a3]">&gt;&gt;</a>&nbsp;&nbsp;&nbsp;sleep_loop
</UL>

<P><STRONG><a name="[a3]"></a>sleep_loop</STRONG> (Thumb, 528 bytes, Stack size 56 bytes, main.o(.text.sleep_loop))
<BR><BR>[Stack]<UL><LI>Max Depth = 416<LI>Call Chain = sleep_loop &rArr; am_util_stdio_printf &rArr; am_util_stdio_vsprintf &rArr; ftoa &rArr; uint64_to_str &rArr; divu64_10
</UL>
<BR>[Calls]<UL><LI><a href="#[6a]">&gt;&gt;</a>&nbsp;&nbsp;&nbsp;am_util_stdio_printf
<LI><a href="#[84]">&gt;&gt;</a>&nbsp;&nbsp;&nbsp;amx8x5_time_get
<LI><a href="#[83]">&gt;&gt;</a>&nbsp;&nbsp;&nbsp;amx8x5_sleep_set
<LI><a href="#[81]">&gt;&gt;</a>&nbsp;&nbsp;&nbsp;amx8x5_reg_set
<LI><a href="#[86]">&gt;&gt;</a>&nbsp;&nbsp;&nbsp;amx8x5_time_set
<LI><a href="#[ad]">&gt;&gt;</a>&nbsp;&nbsp;&nbsp;am_util_time_computeDayofWeek
<LI><a href="#[7a]">&gt;&gt;</a>&nbsp;&nbsp;&nbsp;amx8x5_int_clear
<LI><a href="#[68]">&gt;&gt;</a>&nbsp;&nbsp;&nbsp;am_util_delay_ms
<LI><a href="#[69]">&gt;&gt;</a>&nbsp;&nbsp;&nbsp;am_util_delay_us
<LI><a href="#[76]">&gt;&gt;</a>&nbsp;&nbsp;&nbsp;amx8x5_ext1_gen
<LI><a href="#[a4]">&gt;&gt;</a>&nbsp;&nbsp;&nbsp;mthToIndex
<LI><a href="#[ac]">&gt;&gt;</a>&nbsp;&nbsp;&nbsp;toVal
</UL>
<BR>[Called By]<UL><LI><a href="#[3a]">&gt;&gt;</a>&nbsp;&nbsp;&nbsp;main
</UL>

<P><STRONG><a name="[2b]"></a>spi_callback</STRONG> (Thumb, 246 bytes, Stack size 16 bytes, iom_spi.o(.text.spi_callback))
<BR><BR>[Stack]<UL><LI>Max Depth = 16<LI>Call Chain = spi_callback
</UL>
<BR>[Address Reference Count : 2]<UL><LI> iom_spi.o(.text.iom_spi_write)
<LI> iom_spi.o(.text.iom_spi_read)
</UL>
<P><STRONG><a name="[ac]"></a>toVal</STRONG> (Thumb, 74 bytes, Stack size 12 bytes, main.o(.text.toVal))
<BR><BR>[Stack]<UL><LI>Max Depth = 12<LI>Call Chain = toVal
</UL>
<BR>[Called By]<UL><LI><a href="#[a3]">&gt;&gt;</a>&nbsp;&nbsp;&nbsp;sleep_loop
</UL>

<P><STRONG><a name="[8f]"></a>uart_printf_enable</STRONG> (Thumb, 110 bytes, Stack size 16 bytes, uart_debug.o(.text.uart_printf_enable))
<BR><BR>[Stack]<UL><LI>Max Depth = 140<LI>Call Chain = uart_printf_enable &rArr; am_hal_uart_configure &rArr; buffer_configure &rArr; am_hal_uart_interrupt_disable
</UL>
<BR>[Calls]<UL><LI><a href="#[60]">&gt;&gt;</a>&nbsp;&nbsp;&nbsp;am_hal_uart_configure
<LI><a href="#[63]">&gt;&gt;</a>&nbsp;&nbsp;&nbsp;am_hal_uart_power_control
<LI><a href="#[b0]">&gt;&gt;</a>&nbsp;&nbsp;&nbsp;am_hal_uart_initialize
<LI><a href="#[9e]">&gt;&gt;</a>&nbsp;&nbsp;&nbsp;am_util_stdio_printf_init
<LI><a href="#[4d]">&gt;&gt;</a>&nbsp;&nbsp;&nbsp;am_hal_gpio_pinconfig
</UL>
<BR>[Called By]<UL><LI><a href="#[8d]">&gt;&gt;</a>&nbsp;&nbsp;&nbsp;debug_printf_enable
</UL>

<P><STRONG><a name="[2d]"></a>uart_string_print</STRONG> (Thumb, 74 bytes, Stack size 40 bytes, uart_debug.o(.text.uart_string_print))
<BR><BR>[Stack]<UL><LI>Max Depth = 272<LI>Call Chain = uart_string_print &rArr; am_hal_uart_transfer &rArr; read_timeout &rArr; read_nonblocking &rArr; rx_queue_update &rArr; am_hal_queue_item_add
</UL>
<BR>[Calls]<UL><LI><a href="#[65]">&gt;&gt;</a>&nbsp;&nbsp;&nbsp;am_hal_uart_transfer
</UL>
<BR>[Address Reference Count : 1]<UL><LI> uart_debug.o(.text.uart_printf_enable)
</UL>
<P><STRONG><a name="[74]"></a>__aeabi_d2f</STRONG> (Thumb, 0 bytes, Stack size 32 bytes, d2f.o(x$fpl$d2f))
<BR><BR>[Stack]<UL><LI>Max Depth = 32<LI>Call Chain = __aeabi_d2f
</UL>
<BR>[Called By]<UL><LI><a href="#[6b]">&gt;&gt;</a>&nbsp;&nbsp;&nbsp;am_util_stdio_vsprintf
</UL>

<P><STRONG><a name="[b2]"></a>_d2f</STRONG> (Thumb, 98 bytes, Stack size 32 bytes, d2f.o(x$fpl$d2f), UNUSED)
<BR><BR>[Calls]<UL><LI><a href="#[b3]">&gt;&gt;</a>&nbsp;&nbsp;&nbsp;__fpl_fretinf
<LI><a href="#[b4]">&gt;&gt;</a>&nbsp;&nbsp;&nbsp;__fpl_dnaninf
</UL>

<P><STRONG><a name="[b4]"></a>__fpl_dnaninf</STRONG> (Thumb, 156 bytes, Stack size 16 bytes, dnaninf.o(x$fpl$dnaninf), UNUSED)
<BR><BR>[Called By]<UL><LI><a href="#[b2]">&gt;&gt;</a>&nbsp;&nbsp;&nbsp;_d2f
</UL>

<P><STRONG><a name="[34]"></a>_fp_init</STRONG> (Thumb, 26 bytes, Stack size 0 bytes, fpinit.o(x$fpl$fpinit))
<BR><BR>[Called By]<UL><LI><a href="#[33]">&gt;&gt;</a>&nbsp;&nbsp;&nbsp;__rt_lib_init_fp_1
</UL>

<P><STRONG><a name="[e0]"></a>__fplib_config_fpu_vfp</STRONG> (Thumb, 0 bytes, Stack size unknown bytes, fpinit.o(x$fpl$fpinit), UNUSED)

<P><STRONG><a name="[e1]"></a>__fplib_config_pureend_doubles</STRONG> (Thumb, 0 bytes, Stack size unknown bytes, fpinit.o(x$fpl$fpinit), UNUSED)

<P><STRONG><a name="[b3]"></a>__fpl_fretinf</STRONG> (Thumb, 10 bytes, Stack size 0 bytes, fretinf.o(x$fpl$fretinf), UNUSED)
<BR><BR>[Called By]<UL><LI><a href="#[b2]">&gt;&gt;</a>&nbsp;&nbsp;&nbsp;_d2f
</UL>
<P>
<H3>
Local Symbols
</H3>
<P><STRONG><a name="[95]"></a>iom_get_interface_clock_cfg</STRONG> (Thumb, 602 bytes, Stack size 96 bytes, iom_dma.o(.text.iom_get_interface_clock_cfg))
<BR><BR>[Stack]<UL><LI>Max Depth = 120<LI>Call Chain = iom_get_interface_clock_cfg &rArr; compute_freq
</UL>
<BR>[Calls]<UL><LI><a href="#[97]">&gt;&gt;</a>&nbsp;&nbsp;&nbsp;onebit
<LI><a href="#[96]">&gt;&gt;</a>&nbsp;&nbsp;&nbsp;compute_freq
</UL>
<BR>[Called By]<UL><LI><a href="#[92]">&gt;&gt;</a>&nbsp;&nbsp;&nbsp;iom_dma_spi_configure
</UL>

<P><STRONG><a name="[96]"></a>compute_freq</STRONG> (Thumb, 84 bytes, Stack size 24 bytes, iom_dma.o(.text.compute_freq))
<BR><BR>[Stack]<UL><LI>Max Depth = 24<LI>Call Chain = compute_freq
</UL>
<BR>[Called By]<UL><LI><a href="#[95]">&gt;&gt;</a>&nbsp;&nbsp;&nbsp;iom_get_interface_clock_cfg
</UL>

<P><STRONG><a name="[97]"></a>onebit</STRONG> (Thumb, 40 bytes, Stack size 8 bytes, iom_dma.o(.text.onebit))
<BR><BR>[Stack]<UL><LI>Max Depth = 8<LI>Call Chain = onebit
</UL>
<BR>[Called By]<UL><LI><a href="#[95]">&gt;&gt;</a>&nbsp;&nbsp;&nbsp;iom_get_interface_clock_cfg
</UL>

<P><STRONG><a name="[94]"></a>__NVIC_EnableIRQ</STRONG> (Thumb, 48 bytes, Stack size 4 bytes, iom_dma.o(.text.__NVIC_EnableIRQ))
<BR><BR>[Stack]<UL><LI>Max Depth = 4<LI>Call Chain = __NVIC_EnableIRQ
</UL>
<BR>[Called By]<UL><LI><a href="#[93]">&gt;&gt;</a>&nbsp;&nbsp;&nbsp;iom_dma_int_enable
</UL>

<P><STRONG><a name="[85]"></a>bcd_to_dec</STRONG> (Thumb, 30 bytes, Stack size 4 bytes, amx8x5_device.o(.text.bcd_to_dec))
<BR><BR>[Stack]<UL><LI>Max Depth = 4<LI>Call Chain = bcd_to_dec
</UL>
<BR>[Called By]<UL><LI><a href="#[84]">&gt;&gt;</a>&nbsp;&nbsp;&nbsp;amx8x5_time_get
</UL>

<P><STRONG><a name="[87]"></a>dec_to_bcd</STRONG> (Thumb, 46 bytes, Stack size 4 bytes, amx8x5_device.o(.text.dec_to_bcd))
<BR><BR>[Stack]<UL><LI>Max Depth = 4<LI>Call Chain = dec_to_bcd
</UL>
<BR>[Called By]<UL><LI><a href="#[86]">&gt;&gt;</a>&nbsp;&nbsp;&nbsp;amx8x5_time_set
</UL>

<P><STRONG><a name="[6c]"></a>decstr_to_int</STRONG> (Thumb, 166 bytes, Stack size 28 bytes, am_util_stdio.o(.text.decstr_to_int))
<BR><BR>[Stack]<UL><LI>Max Depth = 28<LI>Call Chain = decstr_to_int
</UL>
<BR>[Called By]<UL><LI><a href="#[6b]">&gt;&gt;</a>&nbsp;&nbsp;&nbsp;am_util_stdio_vsprintf
</UL>

<P><STRONG><a name="[6d]"></a>simple_strlen</STRONG> (Thumb, 54 bytes, Stack size 12 bytes, am_util_stdio.o(.text.simple_strlen))
<BR><BR>[Stack]<UL><LI>Max Depth = 12<LI>Call Chain = simple_strlen
</UL>
<BR>[Called By]<UL><LI><a href="#[6b]">&gt;&gt;</a>&nbsp;&nbsp;&nbsp;am_util_stdio_vsprintf
</UL>

<P><STRONG><a name="[6e]"></a>padbuffer</STRONG> (Thumb, 80 bytes, Stack size 20 bytes, am_util_stdio.o(.text.padbuffer))
<BR><BR>[Stack]<UL><LI>Max Depth = 20<LI>Call Chain = padbuffer
</UL>
<BR>[Called By]<UL><LI><a href="#[6b]">&gt;&gt;</a>&nbsp;&nbsp;&nbsp;am_util_stdio_vsprintf
</UL>

<P><STRONG><a name="[6f]"></a>ndigits_in_hex</STRONG> (Thumb, 62 bytes, Stack size 16 bytes, am_util_stdio.o(.text.ndigits_in_hex))
<BR><BR>[Stack]<UL><LI>Max Depth = 16<LI>Call Chain = ndigits_in_hex
</UL>
<BR>[Called By]<UL><LI><a href="#[6b]">&gt;&gt;</a>&nbsp;&nbsp;&nbsp;am_util_stdio_vsprintf
</UL>

<P><STRONG><a name="[70]"></a>uint64_to_hexstr</STRONG> (Thumb, 192 bytes, Stack size 48 bytes, am_util_stdio.o(.text.uint64_to_hexstr))
<BR><BR>[Stack]<UL><LI>Max Depth = 48<LI>Call Chain = uint64_to_hexstr
</UL>
<BR>[Called By]<UL><LI><a href="#[6b]">&gt;&gt;</a>&nbsp;&nbsp;&nbsp;am_util_stdio_vsprintf
</UL>

<P><STRONG><a name="[71]"></a>ndigits_in_u64</STRONG> (Thumb, 60 bytes, Stack size 24 bytes, am_util_stdio.o(.text.ndigits_in_u64))
<BR><BR>[Stack]<UL><LI>Max Depth = 72<LI>Call Chain = ndigits_in_u64 &rArr; divu64_10
</UL>
<BR>[Calls]<UL><LI><a href="#[a6]">&gt;&gt;</a>&nbsp;&nbsp;&nbsp;divu64_10
</UL>
<BR>[Called By]<UL><LI><a href="#[6b]">&gt;&gt;</a>&nbsp;&nbsp;&nbsp;am_util_stdio_vsprintf
<LI><a href="#[73]">&gt;&gt;</a>&nbsp;&nbsp;&nbsp;ndigits_in_i64
</UL>

<P><STRONG><a name="[72]"></a>uint64_to_str</STRONG> (Thumb, 136 bytes, Stack size 72 bytes, am_util_stdio.o(.text.uint64_to_str))
<BR><BR>[Stack]<UL><LI>Max Depth = 120<LI>Call Chain = uint64_to_str &rArr; divu64_10
</UL>
<BR>[Calls]<UL><LI><a href="#[a6]">&gt;&gt;</a>&nbsp;&nbsp;&nbsp;divu64_10
</UL>
<BR>[Called By]<UL><LI><a href="#[6b]">&gt;&gt;</a>&nbsp;&nbsp;&nbsp;am_util_stdio_vsprintf
<LI><a href="#[75]">&gt;&gt;</a>&nbsp;&nbsp;&nbsp;ftoa
</UL>

<P><STRONG><a name="[73]"></a>ndigits_in_i64</STRONG> (Thumb, 48 bytes, Stack size 16 bytes, am_util_stdio.o(.text.ndigits_in_i64))
<BR><BR>[Stack]<UL><LI>Max Depth = 88<LI>Call Chain = ndigits_in_i64 &rArr; ndigits_in_u64 &rArr; divu64_10
</UL>
<BR>[Calls]<UL><LI><a href="#[71]">&gt;&gt;</a>&nbsp;&nbsp;&nbsp;ndigits_in_u64
</UL>
<BR>[Called By]<UL><LI><a href="#[6b]">&gt;&gt;</a>&nbsp;&nbsp;&nbsp;am_util_stdio_vsprintf
</UL>

<P><STRONG><a name="[75]"></a>ftoa</STRONG> (Thumb, 560 bytes, Stack size 72 bytes, am_util_stdio.o(.text.ftoa))
<BR><BR>[Stack]<UL><LI>Max Depth = 192<LI>Call Chain = ftoa &rArr; uint64_to_str &rArr; divu64_10
</UL>
<BR>[Calls]<UL><LI><a href="#[72]">&gt;&gt;</a>&nbsp;&nbsp;&nbsp;uint64_to_str
</UL>
<BR>[Called By]<UL><LI><a href="#[6b]">&gt;&gt;</a>&nbsp;&nbsp;&nbsp;am_util_stdio_vsprintf
</UL>

<P><STRONG><a name="[a6]"></a>divu64_10</STRONG> (Thumb, 280 bytes, Stack size 48 bytes, am_util_stdio.o(.text.divu64_10))
<BR><BR>[Stack]<UL><LI>Max Depth = 48<LI>Call Chain = divu64_10
</UL>
<BR>[Called By]<UL><LI><a href="#[72]">&gt;&gt;</a>&nbsp;&nbsp;&nbsp;uint64_to_str
<LI><a href="#[71]">&gt;&gt;</a>&nbsp;&nbsp;&nbsp;ndigits_in_u64
</UL>

<P><STRONG><a name="[47]"></a>set_LPMMODE</STRONG> (Thumb, 102 bytes, Stack size 32 bytes, am_hal_cachectrl.o(.text.set_LPMMODE))
<BR><BR>[Stack]<UL><LI>Max Depth = 72<LI>Call Chain = set_LPMMODE &rArr; am_hal_flash_store_ui32
</UL>
<BR>[Calls]<UL><LI><a href="#[ab]">&gt;&gt;</a>&nbsp;&nbsp;&nbsp;am_hal_flash_store_ui32
<LI><a href="#[aa]">&gt;&gt;</a>&nbsp;&nbsp;&nbsp;am_hal_flash_load_ui32
<LI><a href="#[45]">&gt;&gt;</a>&nbsp;&nbsp;&nbsp;am_hal_interrupt_master_set
<LI><a href="#[44]">&gt;&gt;</a>&nbsp;&nbsp;&nbsp;am_hal_interrupt_master_disable
</UL>
<BR>[Called By]<UL><LI><a href="#[46]">&gt;&gt;</a>&nbsp;&nbsp;&nbsp;am_hal_cachectrl_control
</UL>

<P><STRONG><a name="[48]"></a>set_SEDELAY</STRONG> (Thumb, 102 bytes, Stack size 32 bytes, am_hal_cachectrl.o(.text.set_SEDELAY))
<BR><BR>[Stack]<UL><LI>Max Depth = 72<LI>Call Chain = set_SEDELAY &rArr; am_hal_flash_store_ui32
</UL>
<BR>[Calls]<UL><LI><a href="#[ab]">&gt;&gt;</a>&nbsp;&nbsp;&nbsp;am_hal_flash_store_ui32
<LI><a href="#[aa]">&gt;&gt;</a>&nbsp;&nbsp;&nbsp;am_hal_flash_load_ui32
<LI><a href="#[45]">&gt;&gt;</a>&nbsp;&nbsp;&nbsp;am_hal_interrupt_master_set
<LI><a href="#[44]">&gt;&gt;</a>&nbsp;&nbsp;&nbsp;am_hal_interrupt_master_disable
</UL>
<BR>[Called By]<UL><LI><a href="#[46]">&gt;&gt;</a>&nbsp;&nbsp;&nbsp;am_hal_cachectrl_control
</UL>

<P><STRONG><a name="[49]"></a>set_RDWAIT</STRONG> (Thumb, 102 bytes, Stack size 32 bytes, am_hal_cachectrl.o(.text.set_RDWAIT))
<BR><BR>[Stack]<UL><LI>Max Depth = 72<LI>Call Chain = set_RDWAIT &rArr; am_hal_flash_store_ui32
</UL>
<BR>[Calls]<UL><LI><a href="#[ab]">&gt;&gt;</a>&nbsp;&nbsp;&nbsp;am_hal_flash_store_ui32
<LI><a href="#[aa]">&gt;&gt;</a>&nbsp;&nbsp;&nbsp;am_hal_flash_load_ui32
<LI><a href="#[45]">&gt;&gt;</a>&nbsp;&nbsp;&nbsp;am_hal_interrupt_master_set
<LI><a href="#[44]">&gt;&gt;</a>&nbsp;&nbsp;&nbsp;am_hal_interrupt_master_disable
</UL>
<BR>[Called By]<UL><LI><a href="#[46]">&gt;&gt;</a>&nbsp;&nbsp;&nbsp;am_hal_cachectrl_control
</UL>

<P><STRONG><a name="[4e]"></a>pincfg_equ</STRONG> (Thumb, 34 bytes, Stack size 16 bytes, am_hal_gpio.o(.text.pincfg_equ))
<BR><BR>[Stack]<UL><LI>Max Depth = 16<LI>Call Chain = pincfg_equ
</UL>
<BR>[Called By]<UL><LI><a href="#[4d]">&gt;&gt;</a>&nbsp;&nbsp;&nbsp;am_hal_gpio_pinconfig
</UL>

<P><STRONG><a name="[5b]"></a>pwrctrl_periph_disable_msk_check</STRONG> (Thumb, 222 bytes, Stack size 16 bytes, am_hal_pwrctrl.o(.text.pwrctrl_periph_disable_msk_check))
<BR><BR>[Stack]<UL><LI>Max Depth = 16<LI>Call Chain = pwrctrl_periph_disable_msk_check
</UL>
<BR>[Called By]<UL><LI><a href="#[56]">&gt;&gt;</a>&nbsp;&nbsp;&nbsp;am_hal_pwrctrl_periph_disable
</UL>

<P><STRONG><a name="[5a]"></a>simobuck_updates</STRONG> (Thumb, 160 bytes, Stack size 4 bytes, am_hal_pwrctrl.o(.text.simobuck_updates))
<BR><BR>[Stack]<UL><LI>Max Depth = 4<LI>Call Chain = simobuck_updates
</UL>
<BR>[Called By]<UL><LI><a href="#[59]">&gt;&gt;</a>&nbsp;&nbsp;&nbsp;am_hal_pwrctrl_low_power_init
</UL>

<P><STRONG><a name="[61]"></a>config_baudrate</STRONG> (Thumb, 340 bytes, Stack size 56 bytes, am_hal_uart.o(.text.config_baudrate))
<BR><BR>[Stack]<UL><LI>Max Depth = 56<LI>Call Chain = config_baudrate
</UL>
<BR>[Called By]<UL><LI><a href="#[60]">&gt;&gt;</a>&nbsp;&nbsp;&nbsp;am_hal_uart_configure
</UL>

<P><STRONG><a name="[62]"></a>buffer_configure</STRONG> (Thumb, 254 bytes, Stack size 40 bytes, am_hal_uart.o(.text.buffer_configure))
<BR><BR>[Stack]<UL><LI>Max Depth = 60<LI>Call Chain = buffer_configure &rArr; am_hal_uart_interrupt_disable
</UL>
<BR>[Calls]<UL><LI><a href="#[8a]">&gt;&gt;</a>&nbsp;&nbsp;&nbsp;am_hal_queue_init
<LI><a href="#[8c]">&gt;&gt;</a>&nbsp;&nbsp;&nbsp;am_hal_uart_interrupt_disable
<LI><a href="#[8b]">&gt;&gt;</a>&nbsp;&nbsp;&nbsp;am_hal_uart_interrupt_enable
</UL>
<BR>[Called By]<UL><LI><a href="#[60]">&gt;&gt;</a>&nbsp;&nbsp;&nbsp;am_hal_uart_configure
</UL>

<P><STRONG><a name="[66]"></a>write_timeout</STRONG> (Thumb, 206 bytes, Stack size 56 bytes, am_hal_uart.o(.text.write_timeout))
<BR><BR>[Stack]<UL><LI>Max Depth = 184<LI>Call Chain = write_timeout &rArr; write_nonblocking &rArr; tx_queue_update &rArr; am_hal_queue_item_get
</UL>
<BR>[Calls]<UL><LI><a href="#[4b]">&gt;&gt;</a>&nbsp;&nbsp;&nbsp;am_hal_flash_delay
<LI><a href="#[b1]">&gt;&gt;</a>&nbsp;&nbsp;&nbsp;write_nonblocking
</UL>
<BR>[Called By]<UL><LI><a href="#[65]">&gt;&gt;</a>&nbsp;&nbsp;&nbsp;am_hal_uart_transfer
</UL>

<P><STRONG><a name="[67]"></a>read_timeout</STRONG> (Thumb, 206 bytes, Stack size 56 bytes, am_hal_uart.o(.text.read_timeout))
<BR><BR>[Stack]<UL><LI>Max Depth = 208<LI>Call Chain = read_timeout &rArr; read_nonblocking &rArr; rx_queue_update &rArr; am_hal_queue_item_add
</UL>
<BR>[Calls]<UL><LI><a href="#[4b]">&gt;&gt;</a>&nbsp;&nbsp;&nbsp;am_hal_flash_delay
<LI><a href="#[a7]">&gt;&gt;</a>&nbsp;&nbsp;&nbsp;read_nonblocking
</UL>
<BR>[Called By]<UL><LI><a href="#[65]">&gt;&gt;</a>&nbsp;&nbsp;&nbsp;am_hal_uart_transfer
</UL>

<P><STRONG><a name="[b1]"></a>write_nonblocking</STRONG> (Thumb, 210 bytes, Stack size 48 bytes, am_hal_uart.o(.text.write_nonblocking))
<BR><BR>[Stack]<UL><LI>Max Depth = 128<LI>Call Chain = write_nonblocking &rArr; tx_queue_update &rArr; am_hal_queue_item_get
</UL>
<BR>[Calls]<UL><LI><a href="#[5c]">&gt;&gt;</a>&nbsp;&nbsp;&nbsp;am_hal_queue_item_add
<LI><a href="#[ae]">&gt;&gt;</a>&nbsp;&nbsp;&nbsp;tx_queue_update
<LI><a href="#[af]">&gt;&gt;</a>&nbsp;&nbsp;&nbsp;uart_fifo_write
</UL>
<BR>[Called By]<UL><LI><a href="#[66]">&gt;&gt;</a>&nbsp;&nbsp;&nbsp;write_timeout
</UL>

<P><STRONG><a name="[a7]"></a>read_nonblocking</STRONG> (Thumb, 212 bytes, Stack size 48 bytes, am_hal_uart.o(.text.read_nonblocking))
<BR><BR>[Stack]<UL><LI>Max Depth = 152<LI>Call Chain = read_nonblocking &rArr; rx_queue_update &rArr; am_hal_queue_item_add
</UL>
<BR>[Calls]<UL><LI><a href="#[a8]">&gt;&gt;</a>&nbsp;&nbsp;&nbsp;rx_queue_update
<LI><a href="#[a9]">&gt;&gt;</a>&nbsp;&nbsp;&nbsp;uart_fifo_read
<LI><a href="#[5d]">&gt;&gt;</a>&nbsp;&nbsp;&nbsp;am_hal_queue_item_get
</UL>
<BR>[Called By]<UL><LI><a href="#[67]">&gt;&gt;</a>&nbsp;&nbsp;&nbsp;read_timeout
</UL>

<P><STRONG><a name="[a9]"></a>uart_fifo_read</STRONG> (Thumb, 134 bytes, Stack size 36 bytes, am_hal_uart.o(.text.uart_fifo_read))
<BR><BR>[Stack]<UL><LI>Max Depth = 36<LI>Call Chain = uart_fifo_read
</UL>
<BR>[Called By]<UL><LI><a href="#[a8]">&gt;&gt;</a>&nbsp;&nbsp;&nbsp;rx_queue_update
<LI><a href="#[a7]">&gt;&gt;</a>&nbsp;&nbsp;&nbsp;read_nonblocking
</UL>

<P><STRONG><a name="[af]"></a>uart_fifo_write</STRONG> (Thumb, 108 bytes, Stack size 28 bytes, am_hal_uart.o(.text.uart_fifo_write))
<BR><BR>[Stack]<UL><LI>Max Depth = 28<LI>Call Chain = uart_fifo_write
</UL>
<BR>[Called By]<UL><LI><a href="#[ae]">&gt;&gt;</a>&nbsp;&nbsp;&nbsp;tx_queue_update
<LI><a href="#[b1]">&gt;&gt;</a>&nbsp;&nbsp;&nbsp;write_nonblocking
</UL>

<P><STRONG><a name="[a8]"></a>rx_queue_update</STRONG> (Thumb, 76 bytes, Stack size 64 bytes, am_hal_uart.o(.text.rx_queue_update))
<BR><BR>[Stack]<UL><LI>Max Depth = 104<LI>Call Chain = rx_queue_update &rArr; am_hal_queue_item_add
</UL>
<BR>[Calls]<UL><LI><a href="#[5c]">&gt;&gt;</a>&nbsp;&nbsp;&nbsp;am_hal_queue_item_add
<LI><a href="#[45]">&gt;&gt;</a>&nbsp;&nbsp;&nbsp;am_hal_interrupt_master_set
<LI><a href="#[44]">&gt;&gt;</a>&nbsp;&nbsp;&nbsp;am_hal_interrupt_master_disable
<LI><a href="#[a9]">&gt;&gt;</a>&nbsp;&nbsp;&nbsp;uart_fifo_read
</UL>
<BR>[Called By]<UL><LI><a href="#[a7]">&gt;&gt;</a>&nbsp;&nbsp;&nbsp;read_nonblocking
</UL>

<P><STRONG><a name="[ae]"></a>tx_queue_update</STRONG> (Thumb, 110 bytes, Stack size 40 bytes, am_hal_uart.o(.text.tx_queue_update))
<BR><BR>[Stack]<UL><LI>Max Depth = 80<LI>Call Chain = tx_queue_update &rArr; am_hal_queue_item_get
</UL>
<BR>[Calls]<UL><LI><a href="#[45]">&gt;&gt;</a>&nbsp;&nbsp;&nbsp;am_hal_interrupt_master_set
<LI><a href="#[44]">&gt;&gt;</a>&nbsp;&nbsp;&nbsp;am_hal_interrupt_master_disable
<LI><a href="#[af]">&gt;&gt;</a>&nbsp;&nbsp;&nbsp;uart_fifo_write
<LI><a href="#[5d]">&gt;&gt;</a>&nbsp;&nbsp;&nbsp;am_hal_queue_item_get
</UL>
<BR>[Called By]<UL><LI><a href="#[b1]">&gt;&gt;</a>&nbsp;&nbsp;&nbsp;write_nonblocking
</UL>
<P>
<H3>
Undefined Global Symbols
</H3><HR></body></html>
