Component: Arm Compiler for Embedded 6.18 Tool: armlink [5e4cc100]

==============================================================================

Section Cross References

    main.o(.text.low_power_init) refers to am_hal_pwrctrl.o(.text.am_hal_pwrctrl_low_power_init) for am_hal_pwrctrl_low_power_init
    main.o(.text.low_power_init) refers to am_hal_rtc.o(.text.am_hal_rtc_osc_disable) for am_hal_rtc_osc_disable
    main.o(.ARM.exidx.text.low_power_init) refers to main.o(.text.low_power_init) for [Anonymous Symbol]
    main.o(.ARM.exidx.text.toVal) refers to main.o(.text.toVal) for [Anonymous Symbol]
    main.o(.text.mthToIndex) refers to main.o(.data.g_pcMonth) for g_pcMonth
    main.o(.text.mthToIndex) refers to am_util_string.o(.text.am_util_string_strnicmp) for am_util_string_strnicmp
    main.o(.ARM.exidx.text.mthToIndex) refers to main.o(.text.mthToIndex) for [Anonymous Symbol]
    main.o(.text.amx8x5_ext1_gen) refers to am_hal_gpio.o(.text.am_hal_gpio_state_write) for am_hal_gpio_state_write
    main.o(.text.amx8x5_ext1_gen) refers to am_util_delay.o(.text.am_util_delay_us) for am_util_delay_us
    main.o(.ARM.exidx.text.amx8x5_ext1_gen) refers to main.o(.text.amx8x5_ext1_gen) for [Anonymous Symbol]
    main.o(.text.amx8x5_init) refers to amx8x5_device.o(.text.amx8x5_reg_write) for amx8x5_reg_write
    main.o(.text.amx8x5_init) refers to am_util_delay.o(.text.am_util_delay_us) for am_util_delay_us
    main.o(.ARM.exidx.text.amx8x5_init) refers to main.o(.text.amx8x5_init) for [Anonymous Symbol]
    main.o(.text.amx8x5_ext_reset) refers to am_hal_gpio.o(.text.am_hal_gpio_state_write) for am_hal_gpio_state_write
    main.o(.text.amx8x5_ext_reset) refers to am_util_delay.o(.text.am_util_delay_ms) for am_util_delay_ms
    main.o(.ARM.exidx.text.amx8x5_ext_reset) refers to main.o(.text.amx8x5_ext_reset) for [Anonymous Symbol]
    main.o(.text.amx8x5_int_clear) refers to amx8x5_device.o(.text.amx8x5_reg_read) for amx8x5_reg_read
    main.o(.text.amx8x5_int_clear) refers to amx8x5_device.o(.text.amx8x5_reg_write) for amx8x5_reg_write
    main.o(.ARM.exidx.text.amx8x5_int_clear) refers to main.o(.text.amx8x5_int_clear) for [Anonymous Symbol]
    main.o(.text.amx8x5_wait_por_ready) refers to am_hal_gpio.o(.text.am_hal_gpio_state_read) for am_hal_gpio_state_read
    main.o(.text.amx8x5_wait_por_ready) refers to am_util_delay.o(.text.am_util_delay_ms) for am_util_delay_ms
    main.o(.ARM.exidx.text.amx8x5_wait_por_ready) refers to main.o(.text.amx8x5_wait_por_ready) for [Anonymous Symbol]
    main.o(.text.rtc_assa_abloy_test_loop) refers to amx8x5_device.o(.text.amx8x5_reg_write) for amx8x5_reg_write
    main.o(.text.rtc_assa_abloy_test_loop) refers to am_util_delay.o(.text.am_util_delay_us) for am_util_delay_us
    main.o(.text.rtc_assa_abloy_test_loop) refers to amx8x5_device.o(.text.amx8x5_reg_set) for amx8x5_reg_set
    main.o(.text.rtc_assa_abloy_test_loop) refers to amx8x5_device.o(.text.amx8x5_countdown_set) for amx8x5_countdown_set
    main.o(.text.rtc_assa_abloy_test_loop) refers to main.o(.text.amx8x5_int_clear) for amx8x5_int_clear
    main.o(.text.rtc_assa_abloy_test_loop) refers to amx8x5_device.o(.text.amx8x5_sleep_set) for amx8x5_sleep_set
    main.o(.text.rtc_assa_abloy_test_loop) refers to am_util_delay.o(.text.am_util_delay_ms) for am_util_delay_ms
    main.o(.text.rtc_assa_abloy_test_loop) refers to main.o(.text.amx8x5_ext1_gen) for amx8x5_ext1_gen
    main.o(.ARM.exidx.text.rtc_assa_abloy_test_loop) refers to main.o(.text.rtc_assa_abloy_test_loop) for [Anonymous Symbol]
    main.o(.text.sleep_loop) refers to main.o(.rodata.str1.1) for .L.str.19
    main.o(.text.sleep_loop) refers to main.o(.text.toVal) for toVal
    main.o(.text.sleep_loop) refers to main.o(.bss.g_psTimeRegs) for g_psTimeRegs
    main.o(.text.sleep_loop) refers to main.o(.text.mthToIndex) for mthToIndex
    main.o(.text.sleep_loop) refers to am_util_time.o(.text.am_util_time_computeDayofWeek) for am_util_time_computeDayofWeek
    main.o(.text.sleep_loop) refers to amx8x5_device.o(.text.amx8x5_time_set) for amx8x5_time_set
    main.o(.text.sleep_loop) refers to am_util_delay.o(.text.am_util_delay_us) for am_util_delay_us
    main.o(.text.sleep_loop) refers to amx8x5_device.o(.text.amx8x5_reg_set) for amx8x5_reg_set
    main.o(.text.sleep_loop) refers to main.o(.text.amx8x5_int_clear) for amx8x5_int_clear
    main.o(.text.sleep_loop) refers to amx8x5_device.o(.text.amx8x5_sleep_set) for amx8x5_sleep_set
    main.o(.text.sleep_loop) refers to am_util_delay.o(.text.am_util_delay_ms) for am_util_delay_ms
    main.o(.text.sleep_loop) refers to main.o(.text.amx8x5_ext1_gen) for amx8x5_ext1_gen
    main.o(.text.sleep_loop) refers to amx8x5_device.o(.text.amx8x5_time_get) for amx8x5_time_get
    main.o(.text.sleep_loop) refers to am_util_stdio.o(.text.am_util_stdio_printf) for am_util_stdio_printf
    main.o(.text.sleep_loop) refers to main.o(.data.g_pcWeekday) for g_pcWeekday
[...]
    !!!scatter                               0x0000c13c   Section       52  __scatter.o(!!!scatter)
    !!handler_copy                           0x0000c170   Section       26  __scatter_copy.o(!!handler_copy)
    !!handler_zi                             0x0000c18c   Section       28  __scatter_zi.o(!!handler_zi)
    .ARM.Collect$$libinit$$00000000          0x0000c1a8   Section        2  libinit.o(.ARM.Collect$$libinit$$00000000)
    .ARM.Collect$$libinit$$00000001          0x0000c1aa   Section        4  libinit2.o(.ARM.Collect$$libinit$$00000001)
    .ARM.Collect$$libinit$$00000004          0x0000c1ae   Section        0  libinit2.o(.ARM.Collect$$libinit$$00000004)
    .ARM.Collect$$libinit$$00000006          0x0000c1ae   Section        0  libinit2.o(.ARM.Collect$$libinit$$00000006)
    .ARM.Collect$$libinit$$0000000C          0x0000c1ae   Section        0  libinit2.o(.ARM.Collect$$libinit$$0000000C)
    .ARM.Collect$$libinit$$0000000E          0x0000c1ae   Section        0  libinit2.o(.ARM.Collect$$libinit$$0000000E)
    .ARM.Collect$$libinit$$00000010          0x0000c1ae   Section        0  libinit2.o(.ARM.Collect$$libinit$$00000010)
    .ARM.Collect$$libinit$$00000013          0x0000c1ae   Section        0  libinit2.o(.ARM.Collect$$libinit$$00000013)
    .ARM.Collect$$libinit$$00000015          0x0000c1ae   Section        0  libinit2.o(.ARM.Collect$$libinit$$00000015)
    .ARM.Collect$$libinit$$00000017          0x0000c1ae   Section        0  libinit2.o(.ARM.Collect$$libinit$$00000017)
    .ARM.Collect$$libinit$$00000019          0x0000c1ae   Section        0  libinit2.o(.ARM.Collect$$libinit$$00000019)
    .ARM.Collect$$libinit$$0000001B          0x0000c1ae   Section        0  libinit2.o(.ARM.Collect$$libinit$$0000001B)
    .ARM.Collect$$libinit$$0000001D          0x0000c1ae   Section        0  libinit2.o(.ARM.Collect$$libinit$$0000001D)
    .ARM.Collect$$libinit$$0000001F          0x0000c1ae   Section        0  libinit2.o(.ARM.Collect$$libinit$$0000001F)
    .ARM.Collect$$libinit$$00000021          0x0000c1ae   Section        0  libinit2.o(.ARM.Collect$$libinit$$00000021)
    .ARM.Collect$$libinit$$00000023          0x0000c1ae   Section        0  libinit2.o(.ARM.Collect$$libinit$$00000023)
    .ARM.Collect$$libinit$$00000025          0x0000c1ae   Section        0  libinit2.o(.ARM.Collect$$libinit$$00000025)
    .ARM.Collect$$libinit$$00000027          0x0000c1ae   Section        0  libinit2.o(.ARM.Collect$$libinit$$00000027)
    .ARM.Collect$$libinit$$0000002E          0x0000c1ae   Section        0  libinit2.o(.ARM.Collect$$libinit$$0000002E)
    .ARM.Collect$$libinit$$00000030          0x0000c1ae   Section        0  libinit2.o(.ARM.Collect$$libinit$$00000030)
    .ARM.Collect$$libinit$$00000032          0x0000c1ae   Section        0  libinit2.o(.ARM.Collect$$libinit$$00000032)
    .ARM.Collect$$libinit$$00000034          0x0000c1ae   Section        0  libinit2.o(.ARM.Collect$$libinit$$00000034)
    .ARM.Collect$$libinit$$00000035          0x0000c1ae   Section        2  libinit2.o(.ARM.Collect$$libinit$$00000035)
    .ARM.Collect$$libshutdown$$00000000      0x0000c1b0   Section        2  libshutdown.o(.ARM.Collect$$libshutdown$$00000000)
    .ARM.Collect$$libshutdown$$00000002      0x0000c1b2   Section        0  libshutdown2.o(.ARM.Collect$$libshutdown$$00000002)
    .ARM.Collect$$libshutdown$$00000004      0x0000c1b2   Section        0  libshutdown2.o(.ARM.Collect$$libshutdown$$00000004)
    .ARM.Collect$$libshutdown$$00000007      0x0000c1b2   Section        0  libshutdown2.o(.ARM.Collect$$libshutdown$$00000007)
    .ARM.Collect$$libshutdown$$0000000A      0x0000c1b2   Section        0  libshutdown2.o(.ARM.Collect$$libshutdown$$0000000A)
    .ARM.Collect$$libshutdown$$0000000C      0x0000c1b2   Section        0  libshutdown2.o(.ARM.Collect$$libshutdown$$0000000C)
    .ARM.Collect$$libshutdown$$0000000F      0x0000c1b2   Section        0  libshutdown2.o(.ARM.Collect$$libshutdown$$0000000F)
    .ARM.Collect$$libshutdown$$00000010      0x0000c1b2   Section        2  libshutdown2.o(.ARM.Collect$$libshutdown$$00000010)
    .ARM.Collect$$rtentry$$00000000          0x0000c1b4   Section        0  __rtentry.o(.ARM.Collect$$rtentry$$00000000)
    .ARM.Collect$$rtentry$$00000002          0x0000c1b4   Section        0  __rtentry2.o(.ARM.Collect$$rtentry$$00000002)
    .ARM.Collect$$rtentry$$00000004          0x0000c1b4   Section        6  __rtentry4.o(.ARM.Collect$$rtentry$$00000004)
    .ARM.Collect$$rtentry$$00000009          0x0000c1ba   Section        0  __rtentry2.o(.ARM.Collect$$rtentry$$00000009)
    .ARM.Collect$$rtentry$$0000000A          0x0000c1ba   Section        4  __rtentry2.o(.ARM.Collect$$rtentry$$0000000A)
    .ARM.Collect$$rtentry$$0000000C          0x0000c1be   Section        0  __rtentry2.o(.ARM.Collect$$rtentry$$0000000C)
    .ARM.Collect$$rtentry$$0000000D          0x0000c1be   Section        8  __rtentry2.o(.ARM.Collect$$rtentry$$0000000D)
    .ARM.Collect$$rtexit$$00000000           0x0000c1c6   Section        2  rtexit.o(.ARM.Collect$$rtexit$$00000000)
    .ARM.Collect$$rtexit$$00000002           0x0000c1c8   Section        0  rtexit2.o(.ARM.Collect$$rtexit$$00000002)
    .ARM.Collect$$rtexit$$00000003           0x0000c1c8   Section        4  rtexit2.o(.ARM.Collect$$rtexit$$00000003)
    .ARM.Collect$$rtexit$$00000004           0x0000c1cc   Section        6  rtexit2.o(.ARM.Collect$$rtexit$$00000004)
    $v0                                      0x0000c1d4   Number         0  startup_keil.o(.text)
    .text                                    0x0000c1d4   Section       24  startup_keil.o(.text)
    .text                                    0x0000c1ec   Section        0  heapauxi.o(.text)
    .text                                    0x0000c1f2   Section       74  sys_stackheap_outer.o(.text)
    .text                                    0x0000c23c   Section        0  exit.o(.text)
    .text                                    0x0000c250   Section        8  libspace.o(.text)
    .text                                    0x0000c258   Section        0  sys_exit.o(.text)
    .text                                    0x0000c264   Section        2  use_no_semi.o(.text)
    .text                                    0x0000c266   Section        0  indicate_semi.o(.text)
    __NVIC_EnableIRQ                         0x0000c269   Thumb Code    48  iom_dma.o(.text.__NVIC_EnableIRQ)
    [Anonymous Symbol]                       0x0000c268   Section        0  iom_dma.o(.text.__NVIC_EnableIRQ)
    [Anonymous Symbol]                       0x0000c298   Section        0  am_hal_cachectrl.o(.text.am_hal_cachectrl_config)
    [Anonymous Symbol]                       0x0000c2ec   Section        0  am_hal_cachectrl.o(.text.am_hal_cachectrl_control)
    [Anonymous Symbol]                       0x0000c58c   Section        0  am_hal_cachectrl.o(.text.am_hal_cachectrl_enable)
    [Anonymous Symbol]                       0x0000c5a0   Section        0  am_hal_clkgen.o(.text.am_hal_clkgen_control)
    [Anonymous Symbol]                       0x0000c734   Section        0  am_hal_clkgen.o(.text.am_hal_clkgen_status_get)
    [Anonymous Symbol]                       0x0000c798   Section        0  am_hal_cmdq.o(.text.am_hal_cmdq_disable)
    [Anonymous Symbol]                       0x0000c804   Section        0  am_hal_cmdq.o(.text.am_hal_cmdq_enable)
    [Anonymous Symbol]                       0x0000c870   Section        0  am_hal_flash.o(.text.am_hal_flash_delay)
    [Anonymous Symbol]                       0x0000c8c0   Section        0  am_hal_flash.o(.text.am_hal_flash_delay_status_check)
    [Anonymous Symbol]                       0x0000c934   Section        0  am_hal_flash.o(.text.am_hal_flash_load_ui32)
    [Anonymous Symbol]                       0x0000c94c   Section        0  am_hal_flash.o(.text.am_hal_flash_store_ui32)
    [Anonymous Symbol]                       0x0000c980   Section        0  am_hal_gpio.o(.text.am_hal_gpio_pinconfig)
    [Anonymous Symbol]                       0x0000cd44   Section        0  am_hal_gpio.o(.text.am_hal_gpio_state_read)
    [Anonymous Symbol]                       0x0000ce08   Section        0  am_hal_gpio.o(.text.am_hal_gpio_state_write)
    [Anonymous Symbol]                       0x0000cedc   Section        0  am_hal_interrupt.o(.text.am_hal_interrupt_master_disable)
    [Anonymous Symbol]                       0x0000cee4   Section        0  am_hal_interrupt.o(.text.am_hal_interrupt_master_enable)
    [Anonymous Symbol]                       0x0000ceec   Section        0  am_hal_interrupt.o(.text.am_hal_interrupt_master_set)
    [Anonymous Symbol]                       0x0000cef4   Section        0  am_hal_iom.o(.text.am_hal_iom_CQDisable)
    [Anonymous Symbol]                       0x0000cf0c   Section        0  am_hal_iom.o(.text.am_hal_iom_CQEnable)
    [Anonymous Symbol]                       0x0000cf50   Section        0  am_hal_iom.o(.text.am_hal_iom_initialize)
    [Anonymous Symbol]                       0x0000cff0   Section        0  am_hal_iom.o(.text.am_hal_iom_power_ctrl)
    [Anonymous Symbol]                       0x0000d35c   Section        0  am_hal_itm.o(.text.am_hal_itm_enable)
    [Anonymous Symbol]                       0x0000d3c4   Section        0  am_hal_itm.o(.text.am_hal_itm_print)
    [Anonymous Symbol]                       0x0000d404   Section        0  am_hal_itm.o(.text.am_hal_itm_stimulus_reg_byte_write)
    [Anonymous Symbol]                       0x0000d430   Section        0  am_hal_pwrctrl.o(.text.am_hal_pwrctrl_blebuck_trim)
    [Anonymous Symbol]                       0x0000d484   Section        0  am_hal_pwrctrl.o(.text.am_hal_pwrctrl_low_power_init)
    [Anonymous Symbol]                       0x0000d5a0   Section        0  am_hal_pwrctrl.o(.text.am_hal_pwrctrl_periph_disable)
    [Anonymous Symbol]                       0x0000d65c   Section        0  am_hal_pwrctrl.o(.text.am_hal_pwrctrl_periph_enable)
    [Anonymous Symbol]                       0x0000d740   Section        0  am_hal_queue.o(.text.am_hal_queue_init)
    [Anonymous Symbol]                       0x0000d770   Section        0  am_hal_queue.o(.text.am_hal_queue_item_add)
    [Anonymous Symbol]                       0x0000d814   Section        0  am_hal_queue.o(.text.am_hal_queue_item_get)
    [Anonymous Symbol]                       0x0000d8b4   Section        0  am_hal_rtc.o(.text.am_hal_rtc_osc_disable)
    [Anonymous Symbol]                       0x0000d8c8   Section        0  am_hal_tpiu.o(.text.am_hal_tpiu_enable)
    [Anonymous Symbol]                       0x0000d9c4   Section        0  am_hal_uart.o(.text.am_hal_uart_configure)
    [Anonymous Symbol]                       0x0000db94   Section        0  am_hal_uart.o(.text.am_hal_uart_initialize)
    [Anonymous Symbol]                       0x0000dc30   Section        0  am_hal_uart.o(.text.am_hal_uart_interrupt_clear)
    [Anonymous Symbol]                       0x0000dc8c   Section        0  am_hal_uart.o(.text.am_hal_uart_interrupt_disable)
    [Anonymous Symbol]                       0x0000dcec   Section        0  am_hal_uart.o(.text.am_hal_uart_interrupt_enable)
    [Anonymous Symbol]                       0x0000dd4c   Section        0  am_hal_uart.o(.text.am_hal_uart_power_control)
    [Anonymous Symbol]                       0x0000df48   Section        0  am_hal_uart.o(.text.am_hal_uart_transfer)
    [Anonymous Symbol]                       0x0000dfa8   Section        0  iom_dma.o(.text.am_iomaster0_isr)
    [Anonymous Symbol]                       0x0000e004   Section        0  iom_dma.o(.text.am_iomaster1_isr)
    [Anonymous Symbol]                       0x0000e074   Section        0  iom_dma.o(.text.am_iomaster2_isr)
    [Anonymous Symbol]                       0x0000e0d4   Section        0  iom_dma.o(.text.am_iomaster3_isr)
    [Anonymous Symbol]                       0x0000e134   Section        0  iom_dma.o(.text.am_iomaster4_isr)
    [Anonymous Symbol]                       0x0000e194   Section        0  iom_dma.o(.text.am_iomaster5_isr)
    [Anonymous Symbol]                       0x0000e1f4   Section        0  am_util_delay.o(.text.am_util_delay_ms)
    [Anonymous Symbol]                       0x0000e224   Section        0  am_util_delay.o(.text.am_util_delay_us)
    [Anonymous Symbol]                       0x0000e254   Section        0  am_util_stdio.o(.text.am_util_stdio_printf)
    [Anonymous Symbol]                       0x0000e2b0   Section        0  am_util_stdio.o(.text.am_util_stdio_printf_init)
    [Anonymous Symbol]                       0x0000e2c4   Section        0  am_util_stdio.o(.text.am_util_stdio_vsprintf)
    [Anonymous Symbol]                       0x0000e918   Section        0  am_util_string.o(.text.am_util_string_strnicmp)
    [Anonymous Symbol]                       0x0000e9d0   Section        0  am_util_time.o(.text.am_util_time_computeDayofWeek)
    [Anonymous Symbol]                       0x0000eba0   Section        0  main.o(.text.amx8x5_ext1_gen)
    [Anonymous Symbol]                       0x0000ebc8   Section        0  main.o(.text.amx8x5_ext_reset)
    [Anonymous Symbol]                       0x0000ec24   Section        0  main.o(.text.amx8x5_init)
    [Anonymous Symbol]                       0x0000ecbc   Section        0  main.o(.text.amx8x5_int_clear)
    [Anonymous Symbol]                       0x0000ecfc   Section        0  amx8x5_device.o(.text.amx8x5_reg_block_read)
    [Anonymous Symbol]                       0x0000ed60   Section        0  amx8x5_device.o(.text.amx8x5_reg_block_write)
    [Anonymous Symbol]                       0x0000edc4   Section        0  amx8x5_device.o(.text.amx8x5_reg_clear)
    [Anonymous Symbol]                       0x0000ee18   Section        0  amx8x5_device.o(.text.amx8x5_reg_read)
    [Anonymous Symbol]                       0x0000ee84   Section        0  amx8x5_device.o(.text.amx8x5_reg_set)
    [Anonymous Symbol]                       0x0000eed8   Section        0  amx8x5_device.o(.text.amx8x5_reg_write)
    [Anonymous Symbol]                       0x0000ef1c   Section        0  amx8x5_device.o(.text.amx8x5_reset)
    [Anonymous Symbol]                       0x0000ef58   Section        0  amx8x5_device.o(.text.amx8x5_sleep_set)
    [Anonymous Symbol]                       0x0000f0a4   Section        0  amx8x5_device.o(.text.amx8x5_time_get)
    [Anonymous Symbol]                       0x0000f1a4   Section        0  amx8x5_device.o(.text.amx8x5_time_set)
    [Anonymous Symbol]                       0x0000f37c   Section        0  main.o(.text.amx8x5_wait_por_ready)
    bcd_to_dec                               0x0000f3d5   Thumb Code    30  amx8x5_device.o(.text.bcd_to_dec)
    [Anonymous Symbol]                       0x0000f3d4   Section        0  amx8x5_device.o(.text.bcd_to_dec)
    buffer_configure                         0x0000f3f5   Thumb Code   254  am_hal_uart.o(.text.buffer_configure)
    [Anonymous Symbol]                       0x0000f3f4   Section        0  am_hal_uart.o(.text.buffer_configure)
    compute_freq                             0x0000f4f5   Thumb Code    84  iom_dma.o(.text.compute_freq)
    [Anonymous Symbol]                       0x0000f4f4   Section        0  iom_dma.o(.text.compute_freq)
    config_baudrate                          0x0000f549   Thumb Code   340  am_hal_uart.o(.text.config_baudrate)
    [Anonymous Symbol]                       0x0000f548   Section        0  am_hal_uart.o(.text.config_baudrate)
    [Anonymous Symbol]                       0x0000f69c   Section        0  uart_debug.o(.text.debug_printf_enable)
    dec_to_bcd                               0x0000f6d1   Thumb Code    46  amx8x5_device.o(.text.dec_to_bcd)
    [Anonymous Symbol]                       0x0000f6d0   Section        0  amx8x5_device.o(.text.dec_to_bcd)
    decstr_to_int                            0x0000f701   Thumb Code   166  am_util_stdio.o(.text.decstr_to_int)
    [Anonymous Symbol]                       0x0000f700   Section        0  am_util_stdio.o(.text.decstr_to_int)
    divu64_10                                0x0000f7a9   Thumb Code   280  am_util_stdio.o(.text.divu64_10)
    [Anonymous Symbol]                       0x0000f7a8   Section        0  am_util_stdio.o(.text.divu64_10)
    ftoa                                     0x0000f8c1   Thumb Code   560  am_util_stdio.o(.text.ftoa)
    [Anonymous Symbol]                       0x0000f8c0   Section        0  am_util_stdio.o(.text.ftoa)
    [Anonymous Symbol]                       0x0000faf0   Section        0  iom_dma.o(.text.iom_dma_configure)
    [Anonymous Symbol]                       0x0000fb30   Section        0  iom_dma.o(.text.iom_dma_enable)
    [Anonymous Symbol]                       0x0000fb98   Section        0  iom_dma.o(.text.iom_dma_i2c_configure)
    [Anonymous Symbol]                       0x0000fc9c   Section        0  iom_dma.o(.text.iom_dma_int_enable)
    [Anonymous Symbol]                       0x0000fcec   Section        0  iom_dma.o(.text.iom_dma_spi_configure)
    [Anonymous Symbol]                       0x0000fda0   Section        0  iom_dma.o(.text.iom_dma_start)
    iom_get_interface_clock_cfg              0x000100bd   Thumb Code   602  iom_dma.o(.text.iom_get_interface_clock_cfg)
    [Anonymous Symbol]                       0x000100bc   Section        0  iom_dma.o(.text.iom_get_interface_clock_cfg)
    [Anonymous Symbol]                       0x00010318   Section        0  iom_spi.o(.text.iom_gpio_config)
    [Anonymous Symbol]                       0x000103cc   Section        0  iom_spi.o(.text.iom_spi_init)
    [Anonymous Symbol]                       0x00010458   Section        0  iom_spi.o(.text.iom_spi_read)
    [Anonymous Symbol]                       0x00010550   Section        0  iom_spi.o(.text.iom_spi_write)
    [Anonymous Symbol]                       0x00010648   Section        0  uart_debug.o(.text.itm_printf_enable)
    [Anonymous Symbol]                       0x0001068c   Section        0  main.o(.text.low_power_init)
    [Anonymous Symbol]                       0x00010698   Section        0  main.o(.text.main)
    [Anonymous Symbol]                       0x00010734   Section        0  main.o(.text.mthToIndex)
    ndigits_in_hex                           0x00010781   Thumb Code    62  am_util_stdio.o(.text.ndigits_in_hex)
    [Anonymous Symbol]                       0x00010780   Section        0  am_util_stdio.o(.text.ndigits_in_hex)
    ndigits_in_i64                           0x000107c1   Thumb Code    48  am_util_stdio.o(.text.ndigits_in_i64)
    [Anonymous Symbol]                       0x000107c0   Section        0  am_util_stdio.o(.text.ndigits_in_i64)
    ndigits_in_u64                           0x000107f1   Thumb Code    60  am_util_stdio.o(.text.ndigits_in_u64)
    [Anonymous Symbol]                       0x000107f0   Section        0  am_util_stdio.o(.text.ndigits_in_u64)
    onebit                                   0x0001082d   Thumb Code    40  iom_dma.o(.text.onebit)
    [Anonymous Symbol]                       0x0001082c   Section        0  iom_dma.o(.text.onebit)
    padbuffer                                0x00010855   Thumb Code    80  am_util_stdio.o(.text.padbuffer)
    [Anonymous Symbol]                       0x00010854   Section        0  am_util_stdio.o(.text.padbuffer)
    pincfg_equ                               0x000108a5   Thumb Code    34  am_hal_gpio.o(.text.pincfg_equ)
    [Anonymous Symbol]                       0x000108a4   Section        0  am_hal_gpio.o(.text.pincfg_equ)
    pwrctrl_periph_disable_msk_check         0x000108c9   Thumb Code   222  am_hal_pwrctrl.o(.text.pwrctrl_periph_disable_msk_check)
    [Anonymous Symbol]                       0x000108c8   Section        0  am_hal_pwrctrl.o(.text.pwrctrl_periph_disable_msk_check)
    read_nonblocking                         0x000109a9   Thumb Code   212  am_hal_uart.o(.text.read_nonblocking)
    [Anonymous Symbol]                       0x000109a8   Section        0  am_hal_uart.o(.text.read_nonblocking)
    read_timeout                             0x00010a7d   Thumb Code   206  am_hal_uart.o(.text.read_timeout)
    [Anonymous Symbol]                       0x00010a7c   Section        0  am_hal_uart.o(.text.read_timeout)
    rx_queue_update                          0x00010b4d   Thumb Code    76  am_hal_uart.o(.text.rx_queue_update)
    [Anonymous Symbol]                       0x00010b4c   Section        0  am_hal_uart.o(.text.rx_queue_update)
    set_LPMMODE                              0x00010b99   Thumb Code   102  am_hal_cachectrl.o(.text.set_LPMMODE)
    [Anonymous Symbol]                       0x00010b98   Section        0  am_hal_cachectrl.o(.text.set_LPMMODE)
    set_RDWAIT                               0x00010c01   Thumb Code   102  am_hal_cachectrl.o(.text.set_RDWAIT)
    [Anonymous Symbol]                       0x00010c00   Section        0  am_hal_cachectrl.o(.text.set_RDWAIT)
    set_SEDELAY                              0x00010c69   Thumb Code   102  am_hal_cachectrl.o(.text.set_SEDELAY)
    [Anonymous Symbol]                       0x00010c68   Section        0  am_hal_cachectrl.o(.text.set_SEDELAY)
    simobuck_updates                         0x00010cd1   Thumb Code   160  am_hal_pwrctrl.o(.text.simobuck_updates)
    [Anonymous Symbol]                       0x00010cd0   Section        0  am_hal_pwrctrl.o(.text.simobuck_updates)
    simple_strlen                            0x00010d71   Thumb Code    54  am_util_stdio.o(.text.simple_strlen)
    [Anonymous Symbol]                       0x00010d70   Section        0  am_util_stdio.o(.text.simple_strlen)
    [Anonymous Symbol]                       0x00010da8   Section        0  main.o(.text.sleep_loop)
    [Anonymous Symbol]                       0x00010fb8   Section        0  iom_spi.o(.text.spi_callback)
    [Anonymous Symbol]                       0x000110b0   Section        0  main.o(.text.toVal)
    tx_queue_update                          0x000110fd   Thumb Code   110  am_hal_uart.o(.text.tx_queue_update)
    [Anonymous Symbol]                       0x000110fc   Section        0  am_hal_uart.o(.text.tx_queue_update)
    uart_fifo_read                           0x0001116d   Thumb Code   134  am_hal_uart.o(.text.uart_fifo_read)
    [Anonymous Symbol]                       0x0001116c   Section        0  am_hal_uart.o(.text.uart_fifo_read)
    uart_fifo_write                          0x000111f5   Thumb Code   108  am_hal_uart.o(.text.uart_fifo_write)
    [Anonymous Symbol]                       0x000111f4   Section        0  am_hal_uart.o(.text.uart_fifo_write)
    [Anonymous Symbol]                       0x00011260   Section        0  uart_debug.o(.text.uart_printf_enable)
    [Anonymous Symbol]                       0x000112d0   Section        0  uart_debug.o(.text.uart_string_print)
    uint64_to_hexstr                         0x0001131d   Thumb Code   192  am_util_stdio.o(.text.uint64_to_hexstr)
    [Anonymous Symbol]                       0x0001131c   Section        0  am_util_stdio.o(.text.uint64_to_hexstr)
    uint64_to_str                            0x000113dd   Thumb Code   136  am_util_stdio.o(.text.uint64_to_str)
    [Anonymous Symbol]                       0x000113dc   Section        0  am_util_stdio.o(.text.uint64_to_str)
    write_nonblocking                        0x00011465   Thumb Code   210  am_hal_uart.o(.text.write_nonblocking)
    [Anonymous Symbol]                       0x00011464   Section        0  am_hal_uart.o(.text.write_nonblocking)
    write_timeout                            0x00011539   Thumb Code   206  am_hal_uart.o(.text.write_timeout)
    [Anonymous Symbol]                       0x00011538   Section        0  am_hal_uart.o(.text.write_timeout)
    $v0                                      0x00011608   Number         0  d2f.o(x$fpl$d2f)
    x$fpl$d2f                                0x00011608   Section       98  d2f.o(x$fpl$d2f)
    $v0                                      0x0001166a   Number         0  dnaninf.o(x$fpl$dnaninf)
    x$fpl$dnaninf                            0x0001166a   Section      156  dnaninf.o(x$fpl$dnaninf)
    $v0                                      0x00011706   Number         0  fpinit.o(x$fpl$fpinit)
    x$fpl$fpinit                             0x00011706   Section       26  fpinit.o(x$fpl$fpinit)
    $v0                                      0x00011720   Number         0  fretinf.o(x$fpl$fretinf)
    x$fpl$fretinf                            0x00011720   Section       10  fretinf.o(x$fpl$fretinf)
    x$fpl$usenofp                            0x0001172a   Section        0  usenofp.o(x$fpl$usenofp)
    .L__const.am_hal_flash_store_ui32.SRAM_write_ui32 0x0001172c   Data          12  am_hal_flash.o(.rodata..L__const.am_hal_flash_store_ui32.SRAM_write_ui32)
    g_iDaysPerMonth                          0x0001198c   Data          48  am_util_time.o(.rodata.g_iDaysPerMonth)
    [Anonymous Symbol]                       0x0001198c   Section        0  am_util_time.o(.rodata.g_iDaysPerMonth)
    g_iMonthOffsets                          0x000119bc   Data          48  am_util_time.o(.rodata.g_iMonthOffsets)
    [Anonymous Symbol]                       0x000119bc   Section        0  am_util_time.o(.rodata.g_iMonthOffsets)
    g_sBspUartConfig                         0x000119ec   Data          40  uart_debug.o(.rodata.g_sBspUartConfig)
    [Anonymous Symbol]                       0x000119ec   Section        0  uart_debug.o(.rodata.g_sBspUartConfig)
    g_ui8Bit76Capabilities                   0x00011a14   Data          50  am_hal_gpio.o(.rodata.g_ui8Bit76Capabilities)
    [Anonymous Symbol]                       0x00011a14   Section        0  am_hal_gpio.o(.rodata.g_ui8Bit76Capabilities)
    g_ui8Inpen                               0x00011a46   Data          50  am_hal_gpio.o(.rodata.g_ui8Inpen)
    [Anonymous Symbol]                       0x00011a46   Section        0  am_hal_gpio.o(.rodata.g_ui8Inpen)
    g_ui8NCEtable                            0x00011a78   Data         200  am_hal_gpio.o(.rodata.g_ui8NCEtable)
    [Anonymous Symbol]                       0x00011a78   Section        0  am_hal_gpio.o(.rodata.g_ui8NCEtable)
    g_ui8nCEpins                             0x00011b40   Data          50  am_hal_gpio.o(.rodata.g_ui8nCEpins)
    [Anonymous Symbol]                       0x00011b40   Section        0  am_hal_gpio.o(.rodata.g_ui8nCEpins)
    .L.str.30                                0x00011b72   Data          35  main.o(.rodata.str1.1)
    [Anonymous Symbol]                       0x00011b72   Section        0  main.o(.rodata.str1.1)
    .L.str.29                                0x00011b93   Data           2  main.o(.rodata.str1.1)
    .L.str.27                                0x00011b95   Data           5  main.o(.rodata.str1.1)
    .L.str.22                                0x00011b9a   Data           6  main.o(.rodata.str1.1)
    .L.str.23                                0x00011ba0   Data           8  main.o(.rodata.str1.1)
    .L.str.21                                0x00011ba8   Data          25  main.o(.rodata.str1.1)
    .L.str.25                                0x00011bc1   Data           6  main.o(.rodata.str1.1)
    .L.str.26                                0x00011bc5   Data           2  main.o(.rodata.str1.1)
    .L.str.24                                0x00011bc7   Data           6  main.o(.rodata.str1.1)
    .L.str.20                                0x00011bcd   Data          12  main.o(.rodata.str1.1)
    .L.str.19                                0x00011bd9   Data           9  main.o(.rodata.str1.1)
    .L.str.28                                0x00011be2   Data           7  main.o(.rodata.str1.1)
    .data                                    0x10000000   Section        4  am_hal_global.o(.data)
    g_sIOMSpiConfig                          0x10000050   Data           8  iom_spi.o(.data.g_sIOMSpiConfig)
    [Anonymous Symbol]                       0x10000050   Section        0  iom_spi.o(.data.g_sIOMSpiConfig)
    g_ui32PrintInterface                     0x10000058   Data           4  uart_debug.o(.data.g_ui32PrintInterface)
    [Anonymous Symbol]                       0x10000058   Section        0  uart_debug.o(.data.g_ui32PrintInterface)
    .bss                                     0x10000060   Section       96  libspace.o(.bss)
    g_am_hal_uart_states                     0x100034b8   Data         208  am_hal_uart.o(.bss.g_am_hal_uart_states)
    [Anonymous Symbol]                       0x100034b8   Section        0  am_hal_uart.o(.bss.g_am_hal_uart_states)
    g_bTxtXlate                              0x10003588   Data           1  am_util_stdio.o(.bss.g_bTxtXlate)
    [Anonymous Symbol]                       0x10003588   Section        0  am_util_stdio.o(.bss.g_bTxtXlate)
    g_prfbuf                                 0x10003590   Data        1024  am_util_stdio.o(.bss.g_prfbuf)
    [Anonymous Symbol]                       0x10003590   Section        0  am_util_stdio.o(.bss.g_prfbuf)
    g_sCOMUART                               0x1000399c   Data           4  uart_debug.o(.bss.g_sCOMUART)
    [Anonymous Symbol]                       0x1000399c   Section        0  uart_debug.o(.bss.g_sCOMUART)
    HeapMem                                  0x100039c8   Data           0  startup_keil.o(HEAP)
    StackMem                                 0x100039c8   Data           0  startup_keil.o(STACK)
    HEAP                                     0x100039c8   Section        0  startup_keil.o(HEAP)
    STACK                                    0x100039c8   Section     4096  startup_keil.o(STACK)

    Global Symbols

    Symbol Name                              Value     Ov Type        Size  Object(Section)

    BuildAttributes$$THM_ISAv4$E$P$D$K$B$S$7EM$VFPi3$EXTD16$VFPS$VFMA$PE$A:L22UL41UL21$X:L11$S22US41US21$IEEE1$IW$~IW$USESV6$~STKCKD$USESV7$~SHL$OTIME$ROPI$EBA8$UX$STANDARDLIB$REQ8$PRES8$EABIv2 0x00000000   Number         0  anon$$obj.o ABSOLUTE
    __ARM_exceptions_init                     - Undefined Weak Reference
    __alloca_initialize                       - Undefined Weak Reference
    __arm_preinit_                            - Undefined Weak Reference
    __arm_relocate_pie_                       - Undefined Weak Reference
    __cpp_initialize__aeabi_                  - Undefined Weak Reference
    __cxa_finalize                            - Undefined Weak Reference
    __rt_locale                               - Undefined Weak Reference
    __sigvec_lookup                           - Undefined Weak Reference
    _atexit_init                              - Undefined Weak Reference
    _call_atexit_fns                          - Undefined Weak Reference
    _clock_init                               - Undefined Weak Reference
    _fp_trap_init                             - Undefined Weak Reference
    _fp_trap_shutdown                         - Undefined Weak Reference
    _get_lc_collate                           - Undefined Weak Reference
    _get_lc_ctype                             - Undefined Weak Reference
    _get_lc_monetary                          - Undefined Weak Reference
    _get_lc_numeric                           - Undefined Weak Reference
    _get_lc_time                              - Undefined Weak Reference
    _getenv_init                              - Undefined Weak Reference
    _handle_redirection                       - Undefined Weak Reference
    _init_alloc                               - Undefined Weak Reference
    _init_user_alloc                          - Undefined Weak Reference
    _initio                                   - Undefined Weak Reference
    _rand_init                                - Undefined Weak Reference
    _signal_finish                            - Undefined Weak Reference
    _signal_init                              - Undefined Weak Reference
    _terminate_alloc                          - Undefined Weak Reference
    _terminate_user_alloc                     - Undefined Weak Reference
    _terminateio                              - Undefined Weak Reference
    __Vectors                                0x0000c000   Data           0  startup_keil.o(RESET)
    __Patchable                              0x0000c0c0   Data           0  startup_keil.o(RESET)
    Reset_Handler                            0x0000c101   Thumb Code    28  startup_keil.o(RESET)
    HardFault_Handler                        0x0000c11d   Thumb Code     2  startup_keil.o(RESET)
    NMI_Handler                              0x0000c11f   Thumb Code     2  startup_keil.o(RESET)
    MemManage_Handler                        0x0000c121   Thumb Code     2  startup_keil.o(RESET)
    BusFault_Handler                         0x0000c123   Thumb Code     2  startup_keil.o(RESET)
    UsageFault_Handler                       0x0000c125   Thumb Code     2  startup_keil.o(RESET)
    SVC_Handler                              0x0000c127   Thumb Code     2  startup_keil.o(RESET)
    DebugMon_Handler                         0x0000c129   Thumb Code     2  startup_keil.o(RESET)
    PendSV_Handler                           0x0000c12b   Thumb Code     2  startup_keil.o(RESET)
    SysTick_Handler                          0x0000c12d   Thumb Code     2  startup_keil.o(RESET)
    am_adc_isr                               0x0000c12f   Thumb Code     0  startup_keil.o(RESET)
    am_ble_isr                               0x0000c12f   Thumb Code     0  startup_keil.o(RESET)
    am_brownout_isr                          0x0000c12f   Thumb Code     0  startup_keil.o(RESET)
    am_clkgen_isr                            0x0000c12f   Thumb Code     0  startup_keil.o(RESET)
    am_ctimer_isr                            0x0000c12f   Thumb Code     0  startup_keil.o(RESET)
    am_gpio_isr                              0x0000c12f   Thumb Code     0  startup_keil.o(RESET)
    am_ioslave_acc_isr                       0x0000c12f   Thumb Code     0  startup_keil.o(RESET)
    am_ioslave_ios_isr                       0x0000c12f   Thumb Code     0  startup_keil.o(RESET)
    am_mspi0_isr                             0x0000c12f   Thumb Code     0  startup_keil.o(RESET)
    am_pdm0_isr                              0x0000c12f   Thumb Code     0  startup_keil.o(RESET)
    am_rtc_isr                               0x0000c12f   Thumb Code     0  startup_keil.o(RESET)
    am_scard_isr                             0x0000c12f   Thumb Code     0  startup_keil.o(RESET)
    am_software0_isr                         0x0000c12f   Thumb Code     0  startup_keil.o(RESET)
    am_stimer_cmpr0_isr                      0x0000c12f   Thumb Code     0  startup_keil.o(RESET)
    am_stimer_cmpr1_isr                      0x0000c12f   Thumb Code     0  startup_keil.o(RESET)
    am_stimer_cmpr2_isr                      0x0000c12f   Thumb Code     0  startup_keil.o(RESET)
    am_stimer_cmpr3_isr                      0x0000c12f   Thumb Code     0  startup_keil.o(RESET)
    am_stimer_cmpr4_isr                      0x0000c12f   Thumb Code     0  startup_keil.o(RESET)
    am_stimer_cmpr5_isr                      0x0000c12f   Thumb Code     0  startup_keil.o(RESET)
    am_stimer_cmpr6_isr                      0x0000c12f   Thumb Code     0  startup_keil.o(RESET)
    am_stimer_cmpr7_isr                      0x0000c12f   Thumb Code     0  startup_keil.o(RESET)
    am_stimer_isr                            0x0000c12f   Thumb Code     0  startup_keil.o(RESET)
    am_uart0_isr                             0x0000c12f   Thumb Code     0  startup_keil.o(RESET)
    am_uart1_isr                             0x0000c12f   Thumb Code     0  startup_keil.o(RESET)
    am_uart_isr                              0x0000c12f   Thumb Code     0  startup_keil.o(RESET)
    am_vcomp_isr                             0x0000c12f   Thumb Code     0  startup_keil.o(RESET)
    am_watchdog_isr                          0x0000c12f   Thumb Code     0  startup_keil.o(RESET)
    __main                                   0x0000c135   Thumb Code     8  __main.o(!!!main)
    __scatterload                            0x0000c13d   Thumb Code     0  __scatter.o(!!!scatter)
    __scatterload_rt2                        0x0000c13d   Thumb Code    44  __scatter.o(!!!scatter)
    __scatterload_rt2_thumb_only             0x0000c13d   Thumb Code     0  __scatter.o(!!!scatter)
    __scatterload_null                       0x0000c14b   Thumb Code     0  __scatter.o(!!!scatter)
    __scatterload_copy                       0x0000c171   Thumb Code    26  __scatter_copy.o(!!handler_copy)
    __scatterload_zeroinit                   0x0000c18d   Thumb Code    28  __scatter_zi.o(!!handler_zi)
    __rt_lib_init                            0x0000c1a9   Thumb Code     0  libinit.o(.ARM.Collect$$libinit$$00000000)
    __rt_lib_init_fp_1                       0x0000c1ab   Thumb Code     0  libinit2.o(.ARM.Collect$$libinit$$00000001)
    __rt_lib_init_alloca_1                   0x0000c1af   Thumb Code     0  libinit2.o(.ARM.Collect$$libinit$$00000030)
    __rt_lib_init_argv_1                     0x0000c1af   Thumb Code     0  libinit2.o(.ARM.Collect$$libinit$$0000002E)
    __rt_lib_init_atexit_1                   0x0000c1af   Thumb Code     0  libinit2.o(.ARM.Collect$$libinit$$0000001D)
    __rt_lib_init_clock_1                    0x0000c1af   Thumb Code     0  libinit2.o(.ARM.Collect$$libinit$$00000023)
    __rt_lib_init_cpp_1                      0x0000c1af   Thumb Code     0  libinit2.o(.ARM.Collect$$libinit$$00000034)
    __rt_lib_init_exceptions_1               0x0000c1af   Thumb Code     0  libinit2.o(.ARM.Collect$$libinit$$00000032)
    __rt_lib_init_fp_trap_1                  0x0000c1af   Thumb Code     0  libinit2.o(.ARM.Collect$$libinit$$00000021)
    __rt_lib_init_getenv_1                   0x0000c1af   Thumb Code     0  libinit2.o(.ARM.Collect$$libinit$$00000025)
    __rt_lib_init_heap_1                     0x0000c1af   Thumb Code     0  libinit2.o(.ARM.Collect$$libinit$$0000000C)
    __rt_lib_init_lc_collate_1               0x0000c1af   Thumb Code     0  libinit2.o(.ARM.Collect$$libinit$$00000013)
    __rt_lib_init_lc_ctype_1                 0x0000c1af   Thumb Code     0  libinit2.o(.ARM.Collect$$libinit$$00000015)
    __rt_lib_init_lc_monetary_1              0x0000c1af   Thumb Code     0  libinit2.o(.ARM.Collect$$libinit$$00000017)
    __rt_lib_init_lc_numeric_1               0x0000c1af   Thumb Code     0  libinit2.o(.ARM.Collect$$libinit$$00000019)
    __rt_lib_init_lc_time_1                  0x0000c1af   Thumb Code     0  libinit2.o(.ARM.Collect$$libinit$$0000001B)
    __rt_lib_init_preinit_1                  0x0000c1af   Thumb Code     0  libinit2.o(.ARM.Collect$$libinit$$00000006)
    __rt_lib_init_rand_1                     0x0000c1af   Thumb Code     0  libinit2.o(.ARM.Collect$$libinit$$00000010)
    __rt_lib_init_relocate_pie_1             0x0000c1af   Thumb Code     0  libinit2.o(.ARM.Collect$$libinit$$00000004)
    __rt_lib_init_return                     0x0000c1af   Thumb Code     0  libinit2.o(.ARM.Collect$$libinit$$00000035)
    __rt_lib_init_signal_1                   0x0000c1af   Thumb Code     0  libinit2.o(.ARM.Collect$$libinit$$0000001F)
    __rt_lib_init_stdio_1                    0x0000c1af   Thumb Code     0  libinit2.o(.ARM.Collect$$libinit$$00000027)
    __rt_lib_init_user_alloc_1               0x0000c1af   Thumb Code     0  libinit2.o(.ARM.Collect$$libinit$$0000000E)
    __rt_lib_shutdown                        0x0000c1b1   Thumb Code     0  libshutdown.o(.ARM.Collect$$libshutdown$$00000000)
    __rt_lib_shutdown_cpp_1                  0x0000c1b3   Thumb Code     0  libshutdown2.o(.ARM.Collect$$libshutdown$$00000002)
    __rt_lib_shutdown_fp_trap_1              0x0000c1b3   Thumb Code     0  libshutdown2.o(.ARM.Collect$$libshutdown$$00000007)
    __rt_lib_shutdown_heap_1                 0x0000c1b3   Thumb Code     0  libshutdown2.o(.ARM.Collect$$libshutdown$$0000000F)
    __rt_lib_shutdown_return                 0x0000c1b3   Thumb Code     0  libshutdown2.o(.ARM.Collect$$libshutdown$$00000010)
    __rt_lib_shutdown_signal_1               0x0000c1b3   Thumb Code     0  libshutdown2.o(.ARM.Collect$$libshutdown$$0000000A)
    __rt_lib_shutdown_stdio_1                0x0000c1b3   Thumb Code     0  libshutdown2.o(.ARM.Collect$$libshutdown$$00000004)
    __rt_lib_shutdown_user_alloc_1           0x0000c1b3   Thumb Code     0  libshutdown2.o(.ARM.Collect$$libshutdown$$0000000C)
    __rt_entry                               0x0000c1b5   Thumb Code     0  __rtentry.o(.ARM.Collect$$rtentry$$00000000)
    __rt_entry_presh_1                       0x0000c1b5   Thumb Code     0  __rtentry2.o(.ARM.Collect$$rtentry$$00000002)
    __rt_entry_sh                            0x0000c1b5   Thumb Code     0  __rtentry4.o(.ARM.Collect$$rtentry$$00000004)
    __rt_entry_li                            0x0000c1bb   Thumb Code     0  __rtentry2.o(.ARM.Collect$$rtentry$$0000000A)
    __rt_entry_postsh_1                      0x0000c1bb   Thumb Code     0  __rtentry2.o(.ARM.Collect$$rtentry$$00000009)
    __rt_entry_main                          0x0000c1bf   Thumb Code     0  __rtentry2.o(.ARM.Collect$$rtentry$$0000000D)
    __rt_entry_postli_1                      0x0000c1bf   Thumb Code     0  __rtentry2.o(.ARM.Collect$$rtentry$$0000000C)
    __rt_exit                                0x0000c1c7   Thumb Code     0  rtexit.o(.ARM.Collect$$rtexit$$00000000)
    __rt_exit_ls                             0x0000c1c9   Thumb Code     0  rtexit2.o(.ARM.Collect$$rtexit$$00000003)
    __rt_exit_prels_1                        0x0000c1c9   Thumb Code     0  rtexit2.o(.ARM.Collect$$rtexit$$00000002)
    __rt_exit_exit                           0x0000c1cd   Thumb Code     0  rtexit2.o(.ARM.Collect$$rtexit$$00000004)
    __user_initial_stackheap                 0x0000c1d5   Thumb Code    10  startup_keil.o(.text)
    __use_two_region_memory                  0x0000c1ed   Thumb Code     2  heapauxi.o(.text)
    __rt_heap_escrow$2region                 0x0000c1ef   Thumb Code     2  heapauxi.o(.text)
    __rt_heap_expand$2region                 0x0000c1f1   Thumb Code     2  heapauxi.o(.text)
    __user_setup_stackheap                   0x0000c1f3   Thumb Code    74  sys_stackheap_outer.o(.text)
    exit                                     0x0000c23d   Thumb Code    18  exit.o(.text)
    __user_libspace                          0x0000c251   Thumb Code     8  libspace.o(.text)
    __user_perproc_libspace                  0x0000c251   Thumb Code     0  libspace.o(.text)
    __user_perthread_libspace                0x0000c251   Thumb Code     0  libspace.o(.text)
    _sys_exit                                0x0000c259   Thumb Code     8  sys_exit.o(.text)
    __I$use$semihosting                      0x0000c265   Thumb Code     0  use_no_semi.o(.text)
    __use_no_semihosting_swi                 0x0000c265   Thumb Code     2  use_no_semi.o(.text)
    __semihosting_library_function           0x0000c267   Thumb Code     0  indicate_semi.o(.text)
    am_hal_cachectrl_config                  0x0000c299   Thumb Code    84  am_hal_cachectrl.o(.text.am_hal_cachectrl_config)
    am_hal_cachectrl_control                 0x0000c2ed   Thumb Code   672  am_hal_cachectrl.o(.text.am_hal_cachectrl_control)
    am_hal_cachectrl_enable                  0x0000c58d   Thumb Code    20  am_hal_cachectrl.o(.text.am_hal_cachectrl_enable)
    am_hal_clkgen_control                    0x0000c5a1   Thumb Code   404  am_hal_clkgen.o(.text.am_hal_clkgen_control)
    am_hal_clkgen_status_get                 0x0000c735   Thumb Code    98  am_hal_clkgen.o(.text.am_hal_clkgen_status_get)
    am_hal_cmdq_disable                      0x0000c799   Thumb Code   108  am_hal_cmdq.o(.text.am_hal_cmdq_disable)
    am_hal_cmdq_enable                       0x0000c805   Thumb Code   108  am_hal_cmdq.o(.text.am_hal_cmdq_enable)
    am_hal_flash_delay                       0x0000c871   Thumb Code    80  am_hal_flash.o(.text.am_hal_flash_delay)
    am_hal_flash_delay_status_check          0x0000c8c1   Thumb Code   116  am_hal_flash.o(.text.am_hal_flash_delay_status_check)
    am_hal_flash_load_ui32                   0x0000c935   Thumb Code    24  am_hal_flash.o(.text.am_hal_flash_load_ui32)
    am_hal_flash_store_ui32                  0x0000c94d   Thumb Code    50  am_hal_flash.o(.text.am_hal_flash_store_ui32)
    am_hal_gpio_pinconfig                    0x0000c981   Thumb Code   964  am_hal_gpio.o(.text.am_hal_gpio_pinconfig)
    am_hal_gpio_state_read                   0x0000cd45   Thumb Code   196  am_hal_gpio.o(.text.am_hal_gpio_state_read)
    am_hal_gpio_state_write                  0x0000ce09   Thumb Code   212  am_hal_gpio.o(.text.am_hal_gpio_state_write)
    am_hal_interrupt_master_disable          0x0000cedd   Thumb Code     8  am_hal_interrupt.o(.text.am_hal_interrupt_master_disable)
    am_hal_interrupt_master_enable           0x0000cee5   Thumb Code     8  am_hal_interrupt.o(.text.am_hal_interrupt_master_enable)
    am_hal_interrupt_master_set              0x0000ceed   Thumb Code     6  am_hal_interrupt.o(.text.am_hal_interrupt_master_set)
    am_hal_iom_CQDisable                     0x0000cef5   Thumb Code    24  am_hal_iom.o(.text.am_hal_iom_CQDisable)
    am_hal_iom_CQEnable                      0x0000cf0d   Thumb Code    68  am_hal_iom.o(.text.am_hal_iom_CQEnable)
    am_hal_iom_initialize                    0x0000cf51   Thumb Code   158  am_hal_iom.o(.text.am_hal_iom_initialize)
    am_hal_iom_power_ctrl                    0x0000cff1   Thumb Code   874  am_hal_iom.o(.text.am_hal_iom_power_ctrl)
    am_hal_itm_enable                        0x0000d35d   Thumb Code   102  am_hal_itm.o(.text.am_hal_itm_enable)
    am_hal_itm_print                         0x0000d3c5   Thumb Code    64  am_hal_itm.o(.text.am_hal_itm_print)
    am_hal_itm_stimulus_reg_byte_write       0x0000d405   Thumb Code    44  am_hal_itm.o(.text.am_hal_itm_stimulus_reg_byte_write)
    am_hal_pwrctrl_blebuck_trim              0x0000d431   Thumb Code    82  am_hal_pwrctrl.o(.text.am_hal_pwrctrl_blebuck_trim)
    am_hal_pwrctrl_low_power_init            0x0000d485   Thumb Code   282  am_hal_pwrctrl.o(.text.am_hal_pwrctrl_low_power_init)
    am_hal_pwrctrl_periph_disable            0x0000d5a1   Thumb Code   186  am_hal_pwrctrl.o(.text.am_hal_pwrctrl_periph_disable)
    am_hal_pwrctrl_periph_enable             0x0000d65d   Thumb Code   226  am_hal_pwrctrl.o(.text.am_hal_pwrctrl_periph_enable)
    am_hal_queue_init                        0x0000d741   Thumb Code    46  am_hal_queue.o(.text.am_hal_queue_init)
    am_hal_queue_item_add                    0x0000d771   Thumb Code   162  am_hal_queue.o(.text.am_hal_queue_item_add)
    am_hal_queue_item_get                    0x0000d815   Thumb Code   158  am_hal_queue.o(.text.am_hal_queue_item_get)
    am_hal_rtc_osc_disable                   0x0000d8b5   Thumb Code    18  am_hal_rtc.o(.text.am_hal_rtc_osc_disable)
    am_hal_tpiu_enable                       0x0000d8c9   Thumb Code   252  am_hal_tpiu.o(.text.am_hal_tpiu_enable)
    am_hal_uart_configure                    0x0000d9c5   Thumb Code   464  am_hal_uart.o(.text.am_hal_uart_configure)
    am_hal_uart_initialize                   0x0000db95   Thumb Code   156  am_hal_uart.o(.text.am_hal_uart_initialize)
    am_hal_uart_interrupt_clear              0x0000dc31   Thumb Code    90  am_hal_uart.o(.text.am_hal_uart_interrupt_clear)
    am_hal_uart_interrupt_disable            0x0000dc8d   Thumb Code    94  am_hal_uart.o(.text.am_hal_uart_interrupt_disable)
    am_hal_uart_interrupt_enable             0x0000dced   Thumb Code    94  am_hal_uart.o(.text.am_hal_uart_interrupt_enable)
    am_hal_uart_power_control                0x0000dd4d   Thumb Code   506  am_hal_uart.o(.text.am_hal_uart_power_control)
    am_hal_uart_transfer                     0x0000df49   Thumb Code    96  am_hal_uart.o(.text.am_hal_uart_transfer)
    am_iomaster0_isr                         0x0000dfa9   Thumb Code    92  iom_dma.o(.text.am_iomaster0_isr)
    am_iomaster1_isr                         0x0000e005   Thumb Code   110  iom_dma.o(.text.am_iomaster1_isr)
    am_iomaster2_isr                         0x0000e075   Thumb Code    94  iom_dma.o(.text.am_iomaster2_isr)
    am_iomaster3_isr                         0x0000e0d5   Thumb Code    94  iom_dma.o(.text.am_iomaster3_isr)
    am_iomaster4_isr                         0x0000e135   Thumb Code    94  iom_dma.o(.text.am_iomaster4_isr)
    am_iomaster5_isr                         0x0000e195   Thumb Code    94  iom_dma.o(.text.am_iomaster5_isr)
    am_util_delay_ms                         0x0000e1f5   Thumb Code    48  am_util_delay.o(.text.am_util_delay_ms)
    am_util_delay_us                         0x0000e225   Thumb Code    48  am_util_delay.o(.text.am_util_delay_us)
    am_util_stdio_printf                     0x0000e255   Thumb Code    92  am_util_stdio.o(.text.am_util_stdio_printf)
    am_util_stdio_printf_init                0x0000e2b1   Thumb Code    20  am_util_stdio.o(.text.am_util_stdio_printf_init)
    am_util_stdio_vsprintf                   0x0000e2c5   Thumb Code  1620  am_util_stdio.o(.text.am_util_stdio_vsprintf)
    am_util_string_strnicmp                  0x0000e919   Thumb Code   182  am_util_string.o(.text.am_util_string_strnicmp)
    am_util_time_computeDayofWeek            0x0000e9d1   Thumb Code   462  am_util_time.o(.text.am_util_time_computeDayofWeek)
    amx8x5_ext1_gen                          0x0000eba1   Thumb Code    40  main.o(.text.amx8x5_ext1_gen)
    amx8x5_ext_reset                         0x0000ebc9   Thumb Code    90  main.o(.text.amx8x5_ext_reset)
    amx8x5_init                              0x0000ec25   Thumb Code   152  main.o(.text.amx8x5_init)
    amx8x5_int_clear                         0x0000ecbd   Thumb Code    62  main.o(.text.amx8x5_int_clear)
    amx8x5_reg_block_read                    0x0000ecfd   Thumb Code   100  amx8x5_device.o(.text.amx8x5_reg_block_read)
    amx8x5_reg_block_write                   0x0000ed61   Thumb Code   100  amx8x5_device.o(.text.amx8x5_reg_block_write)
    amx8x5_reg_clear                         0x0000edc5   Thumb Code    82  amx8x5_device.o(.text.amx8x5_reg_clear)
    amx8x5_reg_read                          0x0000ee19   Thumb Code   106  amx8x5_device.o(.text.amx8x5_reg_read)
    amx8x5_reg_set                           0x0000ee85   Thumb Code    82  amx8x5_device.o(.text.amx8x5_reg_set)
    amx8x5_reg_write                         0x0000eed9   Thumb Code    68  amx8x5_device.o(.text.amx8x5_reg_write)
    amx8x5_reset                             0x0000ef1d   Thumb Code    58  amx8x5_device.o(.text.amx8x5_reset)
    amx8x5_sleep_set                         0x0000ef59   Thumb Code   330  amx8x5_device.o(.text.amx8x5_sleep_set)
    amx8x5_time_get                          0x0000f0a5   Thumb Code   254  amx8x5_device.o(.text.amx8x5_time_get)
    amx8x5_time_set                          0x0000f1a5   Thumb Code   472  amx8x5_device.o(.text.amx8x5_time_set)
    amx8x5_wait_por_ready                    0x0000f37d   Thumb Code    86  main.o(.text.amx8x5_wait_por_ready)
    debug_printf_enable                      0x0000f69d   Thumb Code    50  uart_debug.o(.text.debug_printf_enable)
    iom_dma_configure                        0x0000faf1   Thumb Code    64  iom_dma.o(.text.iom_dma_configure)
    iom_dma_enable                           0x0000fb31   Thumb Code   104  iom_dma.o(.text.iom_dma_enable)
    iom_dma_i2c_configure                    0x0000fb99   Thumb Code   260  iom_dma.o(.text.iom_dma_i2c_configure)
    iom_dma_int_enable                       0x0000fc9d   Thumb Code    78  iom_dma.o(.text.iom_dma_int_enable)
    iom_dma_spi_configure                    0x0000fced   Thumb Code   178  iom_dma.o(.text.iom_dma_spi_configure)
    iom_dma_start                            0x0000fda1   Thumb Code   796  iom_dma.o(.text.iom_dma_start)
    iom_gpio_config                          0x00010319   Thumb Code   180  iom_spi.o(.text.iom_gpio_config)
    iom_spi_init                             0x000103cd   Thumb Code   138  iom_spi.o(.text.iom_spi_init)
    iom_spi_read                             0x00010459   Thumb Code   248  iom_spi.o(.text.iom_spi_read)
    iom_spi_write                            0x00010551   Thumb Code   246  iom_spi.o(.text.iom_spi_write)
    itm_printf_enable                        0x00010649   Thumb Code    68  uart_debug.o(.text.itm_printf_enable)
    low_power_init                           0x0001068d   Thumb Code    12  main.o(.text.low_power_init)
    main                                     0x00010699   Thumb Code   156  main.o(.text.main)
    mthToIndex                               0x00010735   Thumb Code    74  main.o(.text.mthToIndex)
    sleep_loop                               0x00010da9   Thumb Code   528  main.o(.text.sleep_loop)
    spi_callback                             0x00010fb9   Thumb Code   246  iom_spi.o(.text.spi_callback)
    toVal                                    0x000110b1   Thumb Code    74  main.o(.text.toVal)
    uart_printf_enable                       0x00011261   Thumb Code   110  uart_debug.o(.text.uart_printf_enable)
    uart_string_print                        0x000112d1   Thumb Code    74  uart_debug.o(.text.uart_string_print)
    __aeabi_d2f                              0x00011609   Thumb Code     0  d2f.o(x$fpl$d2f)
    _d2f                                     0x00011609   Thumb Code    98  d2f.o(x$fpl$d2f)
    __fpl_dnaninf                            0x0001166b   Thumb Code   156  dnaninf.o(x$fpl$dnaninf)
    _fp_init                                 0x00011707   Thumb Code    26  fpinit.o(x$fpl$fpinit)
    __fplib_config_fpu_vfp                   0x0001171f   Thumb Code     0  fpinit.o(x$fpl$fpinit)
    __fplib_config_pureend_doubles           0x0001171f   Thumb Code     0  fpinit.o(x$fpl$fpinit)
    __fpl_fretinf                            0x00011721   Thumb Code    10  fretinf.o(x$fpl$fretinf)
    __I$use$fp                               0x0001172a   Number         0  usenofp.o(x$fpl$usenofp)
    am_cattr                                 0x00011738   Data         256  am_util_string.o(.rodata.am_cattr)
    am_hal_cachectrl_defaults                0x00011838   Data           3  am_hal_cachectrl.o(.rodata.am_hal_cachectrl_defaults)
    am_hal_pwrctrl_peripheral_control        0x0001183c   Data         180  am_hal_pwrctrl.o(.rodata.am_hal_pwrctrl_peripheral_control)
    g_AM_HAL_GPIO_DISABLE                    0x000118f0   Data           4  am_hal_gpio.o(.rodata.g_AM_HAL_GPIO_DISABLE)
    g_GPIO_COM_UART_RX                       0x000118f4   Data           4  uart_debug.o(.rodata.g_GPIO_COM_UART_RX)
    g_GPIO_COM_UART_TX                       0x000118f8   Data           4  uart_debug.o(.rodata.g_GPIO_COM_UART_TX)
    g_GPIO_ITM_SWO                           0x000118fc   Data           4  uart_debug.o(.rodata.g_GPIO_ITM_SWO)
    g_GPIO_RTC_CLKOUT                        0x00011900   Data           4  iom_spi.o(.rodata.g_GPIO_RTC_CLKOUT)
    g_GPIO_RTC_CS                            0x00011904   Data           4  iom_spi.o(.rodata.g_GPIO_RTC_CS)
    g_GPIO_RTC_EXTI                          0x00011908   Data           4  iom_spi.o(.rodata.g_GPIO_RTC_EXTI)
    g_GPIO_RTC_EXTR                          0x0001190c   Data           4  iom_spi.o(.rodata.g_GPIO_RTC_EXTR)
    g_GPIO_RTC_FOUT                          0x00011910   Data           4  iom_spi.o(.rodata.g_GPIO_RTC_FOUT)
    g_GPIO_RTC_MISO                          0x00011914   Data           4  iom_spi.o(.rodata.g_GPIO_RTC_MISO)
    g_GPIO_RTC_MOSI                          0x00011918   Data           4  iom_spi.o(.rodata.g_GPIO_RTC_MOSI)
    g_GPIO_RTC_PSW                           0x0001191c   Data           4  iom_spi.o(.rodata.g_GPIO_RTC_PSW)
    g_GPIO_RTC_RST                           0x00011920   Data           4  iom_spi.o(.rodata.g_GPIO_RTC_RST)
    g_GPIO_RTC_SCK                           0x00011924   Data           4  iom_spi.o(.rodata.g_GPIO_RTC_SCK)
    g_GPIO_RTC_WDI                           0x00011928   Data           4  iom_spi.o(.rodata.g_GPIO_RTC_WDI)
    g_am_hal_flash                           0x0001192c   Data          96  am_hal_flash.o(.rodata.g_am_hal_flash)
    Region$$Table$$Base                      0x00011c78   Number         0  anon$$obj.o(Region$$Table)
    Region$$Table$$Limit                     0x00011c98   Number         0  anon$$obj.o(Region$$Table)
    g_ui32HALflags                           0x10000000   Data           4  am_hal_global.o(.data)
    g_pcMonth                                0x10000004   Data          48  main.o(.data.g_pcMonth)
    g_pcWeekday                              0x10000034   Data          28  main.o(.data.g_pcWeekday)
    spi_rd_callback_cntx                     0x1000005c   Data           1  iom_spi.o(.data.spi_rd_callback_cntx)
    spi_wr_callback_cntx                     0x1000005d   Data           1  iom_spi.o(.data.spi_wr_callback_cntx)
    __libspace_start                         0x10000060   Data          96  libspace.o(.bss)
    __temporary_stack_top$libspace           0x100000c0   Data           0  libspace.o(.bss)
    callback_cntx                            0x100000c0   Data          24  iom_dma.o(.bss.callback_cntx)
    gAmHalResetStatus                        0x100000d8   Data           4  am_hal_reset.o(.bss.gAmHalResetStatus)
    g_IOMHandle                              0x100000dc   Data           4  iom_spi.o(.bss.g_IOMHandle)
    g_IOMhandles                             0x100000e0   Data       13272  am_hal_iom.o(.bss.g_IOMhandles)
    g_pfnCharPrint                           0x1000358c   Data           4  am_util_stdio.o(.bss.g_pfnCharPrint)
    g_psTimeRegs                             0x10003990   Data          10  main.o(.bss.g_psTimeRegs)
    pop_tail                                 0x100039a0   Data           1  iom_dma.o(.bss.pop_tail)
    spi_cmd_completed                        0x100039a1   Data           1  iom_spi.o(.bss.spi_cmd_completed)
    spi_cmd_error                            0x100039a2   Data           1  iom_spi.o(.bss.spi_cmd_error)
    spi_dma_completed                        0x100039a3   Data           1  iom_spi.o(.bss.spi_dma_completed)
    transaction_rx_buff                      0x100039a4   Data           4  iom_dma.o(.bss.transaction_rx_buff)
    transaction_rx_size                      0x100039a8   Data           4  iom_dma.o(.bss.transaction_rx_size)
    user_callbacks                           0x100039ac   Data          24  iom_dma.o(.bss.user_callbacks)



==============================================================================

Memory Map of the image

  Image Entry point : 0x0000c135

  Load Region LR_IROM1 (Base: 0x0000c000, Size: 0x00005cf8, Max: 0x000f4000, ABSOLUTE)

    Execution Region ER_IROM1 (Exec base: 0x0000c000, Load base: 0x0000c000, Size: 0x00005c98, Max: 0x000f4000, ABSOLUTE)

    Exec Addr    Load Addr    Size         Type   Attr      Idx    E Section Name        Object

    0x0000c000   0x0000c000   0x00000134   Code   RO          202    RESET               startup_keil.o
    0x0000c134   0x0000c134   0x00000008   Code   RO         1556  * !!!main             c_w.l(__main.o)
    0x0000c13c   0x0000c13c   0x00000034   Code   RO         1730    !!!scatter          c_w.l(__scatter.o)
    0x0000c170   0x0000c170   0x0000001a   Code   RO         1732    !!handler_copy      c_w.l(__scatter_copy.o)
    0x0000c18a   0x0000c18a   0x00000002   PAD
    0x0000c18c   0x0000c18c   0x0000001c   Code   RO         1734    !!handler_zi        c_w.l(__scatter_zi.o)
    0x0000c1a8   0x0000c1a8   0x00000002   Code   RO         1592    .ARM.Collect$$libinit$$00000000  c_w.l(libinit.o)
    0x0000c1aa   0x0000c1aa   0x00000004   Code   RO         1598    .ARM.Collect$$libinit$$00000001  c_w.l(libinit2.o)
    0x0000c1ae   0x0000c1ae   0x00000000   Code   RO         1601    .ARM.Collect$$libinit$$00000004  c_w.l(libinit2.o)
    0x0000c1ae   0x0000c1ae   0x00000000   Code   RO         1603    .ARM.Collect$$libinit$$00000006  c_w.l(libinit2.o)
    0x0000c1ae   0x0000c1ae   0x00000000   Code   RO         1606    .ARM.Collect$$libinit$$0000000C  c_w.l(libinit2.o)
    0x0000c1ae   0x0000c1ae   0x00000000   Code   RO         1608    .ARM.Collect$$libinit$$0000000E  c_w.l(libinit2.o)
    0x0000c1ae   0x0000c1ae   0x00000000   Code   RO         1610    .ARM.Collect$$libinit$$00000010  c_w.l(libinit2.o)
    0x0000c1ae   0x0000c1ae   0x00000000   Code   RO         1613    .ARM.Collect$$libinit$$00000013  c_w.l(libinit2.o)
    0x0000c1ae   0x0000c1ae   0x00000000   Code   RO         1615    .ARM.Collect$$libinit$$00000015  c_w.l(libinit2.o)
    0x0000c1ae   0x0000c1ae   0x00000000   Code   RO         1617    .ARM.Collect$$libinit$$00000017  c_w.l(libinit2.o)
    0x0000c1ae   0x0000c1ae   0x00000000   Code   RO         1619    .ARM.Collect$$libinit$$00000019  c_w.l(libinit2.o)
    0x0000c1ae   0x0000c1ae   0x00000000   Code   RO         1621    .ARM.Collect$$libinit$$0000001B  c_w.l(libinit2.o)
    0x0000c1ae   0x0000c1ae   0x00000000   Code   RO         1623    .ARM.Collect$$libinit$$0000001D  c_w.l(libinit2.o)
    0x0000c1ae   0x0000c1ae   0x00000000   Code   RO         1625    .ARM.Collect$$libinit$$0000001F  c_w.l(libinit2.o)
    0x0000c1ae   0x0000c1ae   0x00000000   Code   RO         1627    .ARM.Collect$$libinit$$00000021  c_w.l(libinit2.o)
    0x0000c1ae   0x0000c1ae   0x00000000   Code   RO         1629    .ARM.Collect$$libinit$$00000023  c_w.l(libinit2.o)
    0x0000c1ae   0x0000c1ae   0x00000000   Code   RO         1631    .ARM.Collect$$libinit$$00000025  c_w.l(libinit2.o)
    0x0000c1ae   0x0000c1ae   0x00000000   Code   RO         1633    .ARM.Collect$$libinit$$00000027  c_w.l(libinit2.o)
    0x0000c1ae   0x0000c1ae   0x00000000   Code   RO         1637    .ARM.Collect$$libinit$$0000002E  c_w.l(libinit2.o)
    0x0000c1ae   0x0000c1ae   0x00000000   Code   RO         1639    .ARM.Collect$$libinit$$00000030  c_w.l(libinit2.o)
    0x0000c1ae   0x0000c1ae   0x00000000   Code   RO         1641    .ARM.Collect$$libinit$$00000032  c_w.l(libinit2.o)
    0x0000c1ae   0x0000c1ae   0x00000000   Code   RO         1643    .ARM.Collect$$libinit$$00000034  c_w.l(libinit2.o)
    0x0000c1ae   0x0000c1ae   0x00000002   Code   RO         1644    .ARM.Collect$$libinit$$00000035  c_w.l(libinit2.o)
    0x0000c1b0   0x0000c1b0   0x00000002   Code   RO         1666    .ARM.Collect$$libshutdown$$00000000  c_w.l(libshutdown.o)
    0x0000c1b2   0x0000c1b2   0x00000000   Code   RO         1681    .ARM.Collect$$libshutdown$$00000002  c_w.l(libshutdown2.o)
    0x0000c1b2   0x0000c1b2   0x00000000   Code   RO         1683    .ARM.Collect$$libshutdown$$00000004  c_w.l(libshutdown2.o)
    0x0000c1b2   0x0000c1b2   0x00000000   Code   RO         1686    .ARM.Collect$$libshutdown$$00000007  c_w.l(libshutdown2.o)
    0x0000c1b2   0x0000c1b2   0x00000000   Code   RO         1689    .ARM.Collect$$libshutdown$$0000000A  c_w.l(libshutdown2.o)
    0x0000c1b2   0x0000c1b2   0x00000000   Code   RO         1691    .ARM.Collect$$libshutdown$$0000000C  c_w.l(libshutdown2.o)
    0x0000c1b2   0x0000c1b2   0x00000000   Code   RO         1694    .ARM.Collect$$libshutdown$$0000000F  c_w.l(libshutdown2.o)
    0x0000c1b2   0x0000c1b2   0x00000002   Code   RO         1695    .ARM.Collect$$libshutdown$$00000010  c_w.l(libshutdown2.o)
    0x0000c1b4   0x0000c1b4   0x00000000   Code   RO         1560    .ARM.Collect$$rtentry$$00000000  c_w.l(__rtentry.o)
    0x0000c1b4   0x0000c1b4   0x00000000   Code   RO         1569    .ARM.Collect$$rtentry$$00000002  c_w.l(__rtentry2.o)
    0x0000c1b4   0x0000c1b4   0x00000006   Code   RO         1581    .ARM.Collect$$rtentry$$00000004  c_w.l(__rtentry4.o)
    0x0000c1ba   0x0000c1ba   0x00000000   Code   RO         1571    .ARM.Collect$$rtentry$$00000009  c_w.l(__rtentry2.o)
    0x0000c1ba   0x0000c1ba   0x00000004   Code   RO         1572    .ARM.Collect$$rtentry$$0000000A  c_w.l(__rtentry2.o)
    0x0000c1be   0x0000c1be   0x00000000   Code   RO         1574    .ARM.Collect$$rtentry$$0000000C  c_w.l(__rtentry2.o)
    0x0000c1be   0x0000c1be   0x00000008   Code   RO         1575    .ARM.Collect$$rtentry$$0000000D  c_w.l(__rtentry2.o)
    0x0000c1c6   0x0000c1c6   0x00000002   Code   RO         1596    .ARM.Collect$$rtexit$$00000000  c_w.l(rtexit.o)
    0x0000c1c8   0x0000c1c8   0x00000000   Code   RO         1646    .ARM.Collect$$rtexit$$00000002  c_w.l(rtexit2.o)
    0x0000c1c8   0x0000c1c8   0x00000004   Code   RO         1647    .ARM.Collect$$rtexit$$00000003  c_w.l(rtexit2.o)
    0x0000c1cc   0x0000c1cc   0x00000006   Code   RO         1648    .ARM.Collect$$rtexit$$00000004  c_w.l(rtexit2.o)
    0x0000c1d2   0x0000c1d2   0x00000002   PAD
    0x0000c1d4   0x0000c1d4   0x00000018   Code   RO          203    .text               startup_keil.o
    0x0000c1ec   0x0000c1ec   0x00000006   Code   RO         1554    .text               c_w.l(heapauxi.o)
    0x0000c1f2   0x0000c1f2   0x0000004a   Code   RO         1583    .text               c_w.l(sys_stackheap_outer.o)
    0x0000c23c   0x0000c23c   0x00000012   Code   RO         1585    .text               c_w.l(exit.o)
    0x0000c24e   0x0000c24e   0x00000002   PAD
    0x0000c250   0x0000c250   0x00000008   Code   RO         1593    .text               c_w.l(libspace.o)
    0x0000c258   0x0000c258   0x0000000c   Code   RO         1656    .text               c_w.l(sys_exit.o)
    0x0000c264   0x0000c264   0x00000002   Code   RO         1671    .text               c_w.l(use_no_semi.o)
    0x0000c266   0x0000c266   0x00000000   Code   RO         1673    .text               c_w.l(indicate_semi.o)
    0x0000c266   0x0000c266   0x00000002   PAD
    0x0000c268   0x0000c268   0x00000030   Code   RO           92    .text.__NVIC_EnableIRQ  iom_dma.o
    0x0000c298   0x0000c298   0x00000054   Code   RO          312    .text.am_hal_cachectrl_config  am_hal_cachectrl.o
    0x0000c2ec   0x0000c2ec   0x000002a0   Code   RO          318    .text.am_hal_cachectrl_control  am_hal_cachectrl.o
    0x0000c58c   0x0000c58c   0x00000014   Code   RO          314    .text.am_hal_cachectrl_enable  am_hal_cachectrl.o
    0x0000c5a0   0x0000c5a0   0x00000194   Code   RO          336    .text.am_hal_clkgen_control  am_hal_clkgen.o
    0x0000c734   0x0000c734   0x00000062   Code   RO          338    .text.am_hal_clkgen_status_get  am_hal_clkgen.o
    0x0000c796   0x0000c796   0x00000002   PAD
    0x0000c798   0x0000c798   0x0000006c   Code   RO         1432    .text.am_hal_cmdq_disable  am_hal_cmdq.o
    0x0000c804   0x0000c804   0x0000006c   Code   RO         1430    .text.am_hal_cmdq_enable  am_hal_cmdq.o
    0x0000c870   0x0000c870   0x00000050   Code   RO         1176    .text.am_hal_flash_delay  am_hal_flash.o
    0x0000c8c0   0x0000c8c0   0x00000074   Code   RO         1180    .text.am_hal_flash_delay_status_check  am_hal_flash.o
    0x0000c934   0x0000c934   0x00000018   Code   RO         1224    .text.am_hal_flash_load_ui32  am_hal_flash.o
    0x0000c94c   0x0000c94c   0x00000032   Code   RO         1226    .text.am_hal_flash_store_ui32  am_hal_flash.o
    0x0000c97e   0x0000c97e   0x00000002   PAD
    0x0000c980   0x0000c980   0x000003c4   Code   RO          431    .text.am_hal_gpio_pinconfig  am_hal_gpio.o
    0x0000cd44   0x0000cd44   0x000000c4   Code   RO          439    .text.am_hal_gpio_state_read  am_hal_gpio.o
    0x0000ce08   0x0000ce08   0x000000d4   Code   RO          441    .text.am_hal_gpio_state_write  am_hal_gpio.o
    0x0000cedc   0x0000cedc   0x00000008   Code   RO          489    .text.am_hal_interrupt_master_disable  am_hal_interrupt.o
    0x0000cee4   0x0000cee4   0x00000008   Code   RO          487    .text.am_hal_interrupt_master_enable  am_hal_interrupt.o
    0x0000ceec   0x0000ceec   0x00000006   Code   RO          491    .text.am_hal_interrupt_master_set  am_hal_interrupt.o
    0x0000cef2   0x0000cef2   0x00000002   PAD
    0x0000cef4   0x0000cef4   0x00000018   Code   RO          512    .text.am_hal_iom_CQDisable  am_hal_iom.o
    0x0000cf0c   0x0000cf0c   0x00000044   Code   RO          510    .text.am_hal_iom_CQEnable  am_hal_iom.o
    0x0000cf50   0x0000cf50   0x0000009e   Code   RO          520    .text.am_hal_iom_initialize  am_hal_iom.o
    0x0000cfee   0x0000cfee   0x00000002   PAD
    0x0000cff0   0x0000cff0   0x0000036a   Code   RO          542    .text.am_hal_iom_power_ctrl  am_hal_iom.o
    0x0000d35a   0x0000d35a   0x00000002   PAD
    0x0000d35c   0x0000d35c   0x00000066   Code   RO          633    .text.am_hal_itm_enable  am_hal_itm.o
    0x0000d3c2   0x0000d3c2   0x00000002   PAD
    0x0000d3c4   0x0000d3c4   0x00000040   Code   RO          655    .text.am_hal_itm_print  am_hal_itm.o
    0x0000d404   0x0000d404   0x0000002c   Code   RO          649    .text.am_hal_itm_stimulus_reg_byte_write  am_hal_itm.o
    0x0000d430   0x0000d430   0x00000052   Code   RO          775    .text.am_hal_pwrctrl_blebuck_trim  am_hal_pwrctrl.o
    0x0000d482   0x0000d482   0x00000002   PAD
    0x0000d484   0x0000d484   0x0000011a   Code   RO          771    .text.am_hal_pwrctrl_low_power_init  am_hal_pwrctrl.o
    0x0000d59e   0x0000d59e   0x00000002   PAD
    0x0000d5a0   0x0000d5a0   0x000000ba   Code   RO          759    .text.am_hal_pwrctrl_periph_disable  am_hal_pwrctrl.o
    0x0000d65a   0x0000d65a   0x00000002   PAD
    0x0000d65c   0x0000d65c   0x000000e2   Code   RO          757    .text.am_hal_pwrctrl_periph_enable  am_hal_pwrctrl.o
    0x0000d73e   0x0000d73e   0x00000002   PAD
    0x0000d740   0x0000d740   0x0000002e   Code   RO         1527    .text.am_hal_queue_init  am_hal_queue.o
    0x0000d76e   0x0000d76e   0x00000002   PAD
    0x0000d770   0x0000d770   0x000000a2   Code   RO         1529    .text.am_hal_queue_item_add  am_hal_queue.o
    0x0000d812   0x0000d812   0x00000002   PAD
    0x0000d814   0x0000d814   0x0000009e   Code   RO         1531    .text.am_hal_queue_item_get  am_hal_queue.o
    0x0000d8b2   0x0000d8b2   0x00000002   PAD
    0x0000d8b4   0x0000d8b4   0x00000012   Code   RO          813    .text.am_hal_rtc_osc_disable  am_hal_rtc.o
    0x0000d8c6   0x0000d8c6   0x00000002   PAD
    0x0000d8c8   0x0000d8c8   0x000000fc   Code   RO         1057    .text.am_hal_tpiu_enable  am_hal_tpiu.o
    0x0000d9c4   0x0000d9c4   0x000001d0   Code   RO         1076    .text.am_hal_uart_configure  am_hal_uart.o
    0x0000db94   0x0000db94   0x0000009c   Code   RO         1068    .text.am_hal_uart_initialize  am_hal_uart.o
    0x0000dc30   0x0000dc30   0x0000005a   Code   RO         1074    .text.am_hal_uart_interrupt_clear  am_hal_uart.o
    0x0000dc8a   0x0000dc8a   0x00000002   PAD
    0x0000dc8c   0x0000dc8c   0x0000005e   Code   RO         1108    .text.am_hal_uart_interrupt_disable  am_hal_uart.o
    0x0000dcea   0x0000dcea   0x00000002   PAD
    0x0000dcec   0x0000dcec   0x0000005e   Code   RO         1106    .text.am_hal_uart_interrupt_enable  am_hal_uart.o
    0x0000dd4a   0x0000dd4a   0x00000002   PAD
    0x0000dd4c   0x0000dd4c   0x000001fa   Code   RO         1072    .text.am_hal_uart_power_control  am_hal_uart.o
    0x0000df46   0x0000df46   0x00000002   PAD
    0x0000df48   0x0000df48   0x00000060   Code   RO         1082    .text.am_hal_uart_transfer  am_hal_uart.o
    0x0000dfa8   0x0000dfa8   0x0000005c   Code   RO           78    .text.am_iomaster0_isr  iom_dma.o
    0x0000e004   0x0000e004   0x0000006e   Code   RO           80    .text.am_iomaster1_isr  iom_dma.o
    0x0000e072   0x0000e072   0x00000002   PAD
    0x0000e074   0x0000e074   0x0000005e   Code   RO           82    .text.am_iomaster2_isr  iom_dma.o
    0x0000e0d2   0x0000e0d2   0x00000002   PAD
    0x0000e0d4   0x0000e0d4   0x0000005e   Code   RO           84    .text.am_iomaster3_isr  iom_dma.o
    0x0000e132   0x0000e132   0x00000002   PAD
    0x0000e134   0x0000e134   0x0000005e   Code   RO           86    .text.am_iomaster4_isr  iom_dma.o
    0x0000e192   0x0000e192   0x00000002   PAD
    0x0000e194   0x0000e194   0x0000005e   Code   RO           88    .text.am_iomaster5_isr  iom_dma.o
    0x0000e1f2   0x0000e1f2   0x00000002   PAD
    0x0000e1f4   0x0000e1f4   0x00000030   Code   RO          215    .text.am_util_delay_ms  am_util_delay.o
    0x0000e224   0x0000e224   0x00000030   Code   RO          217    .text.am_util_delay_us  am_util_delay.o
    0x0000e254   0x0000e254   0x0000005c   Code   RO          254    .text.am_util_stdio_printf  am_util_stdio.o
    0x0000e2b0   0x0000e2b0   0x00000014   Code   RO          226    .text.am_util_stdio_printf_init  am_util_stdio.o
    0x0000e2c4   0x0000e2c4   0x00000654   Code   RO          232    .text.am_util_stdio_vsprintf  am_util_stdio.o
    0x0000e918   0x0000e918   0x000000b6   Code   RO          281    .text.am_util_string_strnicmp  am_util_string.o
    0x0000e9ce   0x0000e9ce   0x00000002   PAD
    0x0000e9d0   0x0000e9d0   0x000001ce   Code   RO          301    .text.am_util_time_computeDayofWeek  am_util_time.o
    0x0000eb9e   0x0000eb9e   0x00000002   PAD
    0x0000eba0   0x0000eba0   0x00000028   Code   RO            8    .text.amx8x5_ext1_gen  main.o
    0x0000ebc8   0x0000ebc8   0x0000005a   Code   RO           12    .text.amx8x5_ext_reset  main.o
    0x0000ec22   0x0000ec22   0x00000002   PAD
    0x0000ec24   0x0000ec24   0x00000098   Code   RO           10    .text.amx8x5_init   main.o
    0x0000ecbc   0x0000ecbc   0x0000003e   Code   RO           14    .text.amx8x5_int_clear  main.o
    0x0000ecfa   0x0000ecfa   0x00000002   PAD
    0x0000ecfc   0x0000ecfc   0x00000064   Code   RO          122    .text.amx8x5_reg_block_read  amx8x5_device.o
    0x0000ed60   0x0000ed60   0x00000064   Code   RO          124    .text.amx8x5_reg_block_write  amx8x5_device.o
    0x0000edc4   0x0000edc4   0x00000052   Code   RO          114    .text.amx8x5_reg_clear  amx8x5_device.o
    0x0000ee16   0x0000ee16   0x00000002   PAD
    0x0000ee18   0x0000ee18   0x0000006a   Code   RO          116    .text.amx8x5_reg_read  amx8x5_device.o
    0x0000ee82   0x0000ee82   0x00000002   PAD
    0x0000ee84   0x0000ee84   0x00000052   Code   RO          120    .text.amx8x5_reg_set  amx8x5_device.o
    0x0000eed6   0x0000eed6   0x00000002   PAD
    0x0000eed8   0x0000eed8   0x00000044   Code   RO          118    .text.amx8x5_reg_write  amx8x5_device.o
    0x0000ef1c   0x0000ef1c   0x0000003a   Code   RO          126    .text.amx8x5_reset  amx8x5_device.o
    0x0000ef56   0x0000ef56   0x00000002   PAD
    0x0000ef58   0x0000ef58   0x0000014a   Code   RO          146    .text.amx8x5_sleep_set  amx8x5_device.o
    0x0000f0a2   0x0000f0a2   0x00000002   PAD
    0x0000f0a4   0x0000f0a4   0x000000fe   Code   RO          128    .text.amx8x5_time_get  amx8x5_device.o
    0x0000f1a2   0x0000f1a2   0x00000002   PAD
    0x0000f1a4   0x0000f1a4   0x000001d8   Code   RO          132    .text.amx8x5_time_set  amx8x5_device.o
    0x0000f37c   0x0000f37c   0x00000056   Code   RO           16    .text.amx8x5_wait_por_ready  main.o
    0x0000f3d2   0x0000f3d2   0x00000002   PAD
    0x0000f3d4   0x0000f3d4   0x0000001e   Code   RO          130    .text.bcd_to_dec    amx8x5_device.o
    0x0000f3f2   0x0000f3f2   0x00000002   PAD
    0x0000f3f4   0x0000f3f4   0x000000fe   Code   RO         1080    .text.buffer_configure  am_hal_uart.o
    0x0000f4f2   0x0000f4f2   0x00000002   PAD
    0x0000f4f4   0x0000f4f4   0x00000054   Code   RO           98    .text.compute_freq  iom_dma.o
    0x0000f548   0x0000f548   0x00000154   Code   RO         1078    .text.config_baudrate  am_hal_uart.o
    0x0000f69c   0x0000f69c   0x00000032   Code   RO           44    .text.debug_printf_enable  uart_debug.o
    0x0000f6ce   0x0000f6ce   0x00000002   PAD
    0x0000f6d0   0x0000f6d0   0x0000002e   Code   RO          134    .text.dec_to_bcd    amx8x5_device.o
    0x0000f6fe   0x0000f6fe   0x00000002   PAD
    0x0000f700   0x0000f700   0x000000a6   Code   RO          234    .text.decstr_to_int  am_util_stdio.o
    0x0000f7a6   0x0000f7a6   0x00000002   PAD
    0x0000f7a8   0x0000f7a8   0x00000118   Code   RO          264    .text.divu64_10     am_util_stdio.o
    0x0000f8c0   0x0000f8c0   0x00000230   Code   RO          250    .text.ftoa          am_util_stdio.o
    0x0000faf0   0x0000faf0   0x00000040   Code   RO           68    .text.iom_dma_configure  iom_dma.o
    0x0000fb30   0x0000fb30   0x00000068   Code   RO           70    .text.iom_dma_enable  iom_dma.o
    0x0000fb98   0x0000fb98   0x00000104   Code   RO           66    .text.iom_dma_i2c_configure  iom_dma.o
    0x0000fc9c   0x0000fc9c   0x0000004e   Code   RO           90    .text.iom_dma_int_enable  iom_dma.o
    0x0000fcea   0x0000fcea   0x00000002   PAD
    0x0000fcec   0x0000fcec   0x000000b2   Code   RO           62    .text.iom_dma_spi_configure  iom_dma.o
    0x0000fd9e   0x0000fd9e   0x00000002   PAD
    0x0000fda0   0x0000fda0   0x0000031c   Code   RO           74    .text.iom_dma_start  iom_dma.o
    0x000100bc   0x000100bc   0x0000025a   Code   RO           64    .text.iom_get_interface_clock_cfg  iom_dma.o
    0x00010316   0x00010316   0x00000002   PAD
    0x00010318   0x00010318   0x000000b4   Code   RO          168    .text.iom_gpio_config  iom_spi.o
    0x000103cc   0x000103cc   0x0000008a   Code   RO          174    .text.iom_spi_init  iom_spi.o
    0x00010456   0x00010456   0x00000002   PAD
    0x00010458   0x00010458   0x000000f8   Code   RO          172    .text.iom_spi_read  iom_spi.o
    0x00010550   0x00010550   0x000000f6   Code   RO          170    .text.iom_spi_write  iom_spi.o
    0x00010646   0x00010646   0x00000002   PAD
    0x00010648   0x00010648   0x00000044   Code   RO           36    .text.itm_printf_enable  uart_debug.o
    0x0001068c   0x0001068c   0x0000000c   Code   RO            2    .text.low_power_init  main.o
    0x00010698   0x00010698   0x0000009c   Code   RO           22    .text.main          main.o
    0x00010734   0x00010734   0x0000004a   Code   RO            6    .text.mthToIndex    main.o
    0x0001077e   0x0001077e   0x00000002   PAD
    0x00010780   0x00010780   0x0000003e   Code   RO          240    .text.ndigits_in_hex  am_util_stdio.o
    0x000107be   0x000107be   0x00000002   PAD
    0x000107c0   0x000107c0   0x00000030   Code   RO          248    .text.ndigits_in_i64  am_util_stdio.o
    0x000107f0   0x000107f0   0x0000003c   Code   RO          244    .text.ndigits_in_u64  am_util_stdio.o
    0x0001082c   0x0001082c   0x00000028   Code   RO          100    .text.onebit        iom_dma.o
    0x00010854   0x00010854   0x00000050   Code   RO          238    .text.padbuffer     am_util_stdio.o
    0x000108a4   0x000108a4   0x00000022   Code   RO          433    .text.pincfg_equ    am_hal_gpio.o
    0x000108c6   0x000108c6   0x00000002   PAD
    0x000108c8   0x000108c8   0x000000de   Code   RO          761    .text.pwrctrl_periph_disable_msk_check  am_hal_pwrctrl.o
    0x000109a6   0x000109a6   0x00000002   PAD
    0x000109a8   0x000109a8   0x000000d4   Code   RO         1118    .text.read_nonblocking  am_hal_uart.o
    0x00010a7c   0x00010a7c   0x000000ce   Code   RO         1086    .text.read_timeout  am_hal_uart.o
    0x00010b4a   0x00010b4a   0x00000002   PAD
    0x00010b4c   0x00010b4c   0x0000004c   Code   RO         1102    .text.rx_queue_update  am_hal_uart.o
    0x00010b98   0x00010b98   0x00000066   Code   RO          320    .text.set_LPMMODE   am_hal_cachectrl.o
    0x00010bfe   0x00010bfe   0x00000002   PAD
    0x00010c00   0x00010c00   0x00000066   Code   RO          324    .text.set_RDWAIT    am_hal_cachectrl.o
    0x00010c66   0x00010c66   0x00000002   PAD
    0x00010c68   0x00010c68   0x00000066   Code   RO          322    .text.set_SEDELAY   am_hal_cachectrl.o
    0x00010cce   0x00010cce   0x00000002   PAD
    0x00010cd0   0x00010cd0   0x000000a0   Code   RO          773    .text.simobuck_updates  am_hal_pwrctrl.o
    0x00010d70   0x00010d70   0x00000036   Code   RO          236    .text.simple_strlen  am_util_stdio.o
    0x00010da6   0x00010da6   0x00000002   PAD
    0x00010da8   0x00010da8   0x00000210   Code   RO           20    .text.sleep_loop    main.o
    0x00010fb8   0x00010fb8   0x000000f6   Code   RO          166    .text.spi_callback  iom_spi.o
    0x000110ae   0x000110ae   0x00000002   PAD
    0x000110b0   0x000110b0   0x0000004a   Code   RO            4    .text.toVal         main.o
    0x000110fa   0x000110fa   0x00000002   PAD
    0x000110fc   0x000110fc   0x0000006e   Code   RO         1104    .text.tx_queue_update  am_hal_uart.o
    0x0001116a   0x0001116a   0x00000002   PAD
    0x0001116c   0x0001116c   0x00000086   Code   RO         1094    .text.uart_fifo_read  am_hal_uart.o
    0x000111f2   0x000111f2   0x00000002   PAD
    0x000111f4   0x000111f4   0x0000006c   Code   RO         1098    .text.uart_fifo_write  am_hal_uart.o
    0x00011260   0x00011260   0x0000006e   Code   RO           40    .text.uart_printf_enable  uart_debug.o
    0x000112ce   0x000112ce   0x00000002   PAD
    0x000112d0   0x000112d0   0x0000004a   Code   RO           38    .text.uart_string_print  uart_debug.o
    0x0001131a   0x0001131a   0x00000002   PAD
    0x0001131c   0x0001131c   0x000000c0   Code   RO          242    .text.uint64_to_hexstr  am_util_stdio.o
    0x000113dc   0x000113dc   0x00000088   Code   RO          246    .text.uint64_to_str  am_util_stdio.o
    0x00011464   0x00011464   0x000000d2   Code   RO         1116    .text.write_nonblocking  am_hal_uart.o
    0x00011536   0x00011536   0x00000002   PAD
    0x00011538   0x00011538   0x000000ce   Code   RO         1084    .text.write_timeout  am_hal_uart.o
    0x00011606   0x00011606   0x00000002   PAD
    0x00011608   0x00011608   0x00000062   Code   RO         1558    x$fpl$d2f           fz_wm.l(d2f.o)
    0x0001166a   0x0001166a   0x0000009c   Code   RO         1563    x$fpl$dnaninf       fz_wm.l(dnaninf.o)
    0x00011706   0x00011706   0x0000001a   Code   RO         1654    x$fpl$fpinit        fz_wm.l(fpinit.o)
    0x00011720   0x00011720   0x0000000a   Code   RO         1565    x$fpl$fretinf       fz_wm.l(fretinf.o)
    0x0001172a   0x0001172a   0x00000000   Code   RO         1567    x$fpl$usenofp       fz_wm.l(usenofp.o)
    0x0001172a   0x0001172a   0x00000002   PAD
    0x0001172c   0x0001172c   0x0000000c   Data   RO         1231    .rodata..L__const.am_hal_flash_store_ui32.SRAM_write_ui32  am_hal_flash.o
    0x00011738   0x00011738   0x00000100   Data   RO          293    .rodata.am_cattr    am_util_string.o
    0x00011838   0x00011838   0x00000003   Data   RO          328    .rodata.am_hal_cachectrl_defaults  am_hal_cachectrl.o
    0x0001183b   0x0001183b   0x00000001   PAD
    0x0001183c   0x0001183c   0x000000b4   Data   RO          778    .rodata.am_hal_pwrctrl_peripheral_control  am_hal_pwrctrl.o
    0x000118f0   0x000118f0   0x00000004   Data   RO          461    .rodata.g_AM_HAL_GPIO_DISABLE  am_hal_gpio.o
    0x000118f4   0x000118f4   0x00000004   Data   RO           50    .rodata.g_GPIO_COM_UART_RX  uart_debug.o
    0x000118f8   0x000118f8   0x00000004   Data   RO           49    .rodata.g_GPIO_COM_UART_TX  uart_debug.o
    0x000118fc   0x000118fc   0x00000004   Data   RO           48    .rodata.g_GPIO_ITM_SWO  uart_debug.o
    0x00011900   0x00011900   0x00000004   Data   RO          187    .rodata.g_GPIO_RTC_CLKOUT  iom_spi.o
    0x00011904   0x00011904   0x00000004   Data   RO          184    .rodata.g_GPIO_RTC_CS  iom_spi.o
    0x00011908   0x00011908   0x00000004   Data   RO          188    .rodata.g_GPIO_RTC_EXTI  iom_spi.o
    0x0001190c   0x0001190c   0x00000004   Data   RO          186    .rodata.g_GPIO_RTC_EXTR  iom_spi.o
    0x00011910   0x00011910   0x00000004   Data   RO          185    .rodata.g_GPIO_RTC_FOUT  iom_spi.o
    0x00011914   0x00011914   0x00000004   Data   RO          182    .rodata.g_GPIO_RTC_MISO  iom_spi.o
    0x00011918   0x00011918   0x00000004   Data   RO          181    .rodata.g_GPIO_RTC_MOSI  iom_spi.o
    0x0001191c   0x0001191c   0x00000004   Data   RO          189    .rodata.g_GPIO_RTC_PSW  iom_spi.o
    0x00011920   0x00011920   0x00000004   Data   RO          191    .rodata.g_GPIO_RTC_RST  iom_spi.o
    0x00011924   0x00011924   0x00000004   Data   RO          183    .rodata.g_GPIO_RTC_SCK  iom_spi.o
    0x00011928   0x00011928   0x00000004   Data   RO          190    .rodata.g_GPIO_RTC_WDI  iom_spi.o
    0x0001192c   0x0001192c   0x00000060   Data   RO         1228    .rodata.g_am_hal_flash  am_hal_flash.o
    0x0001198c   0x0001198c   0x00000030   Data   RO          303    .rodata.g_iDaysPerMonth  am_util_time.o
    0x000119bc   0x000119bc   0x00000030   Data   RO          304    .rodata.g_iMonthOffsets  am_util_time.o
    0x000119ec   0x000119ec   0x00000028   Data   RO           54    .rodata.g_sBspUartConfig  uart_debug.o
    0x00011a14   0x00011a14   0x00000032   Data   RO          474    .rodata.g_ui8Bit76Capabilities  am_hal_gpio.o
    0x00011a46   0x00011a46   0x00000032   Data   RO          475    .rodata.g_ui8Inpen  am_hal_gpio.o
    0x00011a78   0x00011a78   0x000000c8   Data   RO          477    .rodata.g_ui8NCEtable  am_hal_gpio.o
    0x00011b40   0x00011b40   0x00000032   Data   RO          476    .rodata.g_ui8nCEpins  am_hal_gpio.o
    0x00011b72   0x00011b72   0x00000106   Data   RO           24    .rodata.str1.1      main.o
    0x00011c78   0x00011c78   0x00000020   Data   RO         1729    Region$$Table       anon$$obj.o


    Execution Region RW_IRAM1 (Exec base: 0x10000000, Load base: 0x00011c98, Size: 0x000049c8, Max: 0x00060000, ABSOLUTE)

    Exec Addr    Load Addr    Size         Type   Attr      Idx    E Section Name        Object

    0x10000000   0x00011c98   0x00000004   Data   RW         1545    .data               libam_hal.lib(am_hal_global.o)
    0x10000004   0x00011c9c   0x00000030   Data   RW           26    .data.g_pcMonth     main.o
    0x10000034   0x00011ccc   0x0000001c   Data   RW           25    .data.g_pcWeekday   main.o
    0x10000050   0x00011ce8   0x00000008   Data   RW          193    .data.g_sIOMSpiConfig  iom_spi.o
    0x10000058   0x00011cf0   0x00000004   Data   RW           52    .data.g_ui32PrintInterface  uart_debug.o
    0x1000005c   0x00011cf4   0x00000001   Data   RW          177    .data.spi_rd_callback_cntx  iom_spi.o
    0x1000005d   0x00011cf5   0x00000001   Data   RW          176    .data.spi_wr_callback_cntx  iom_spi.o
    0x1000005e   0x00011cf6   0x00000002   PAD
    0x10000060        -       0x00000060   Zero   RW         1594    .bss                c_w.l(libspace.o)
    0x100000c0        -       0x00000018   Zero   RW          103    .bss.callback_cntx  iom_dma.o
    0x100000d8        -       0x00000004   Zero   RW          801    .bss.gAmHalResetStatus  am_hal_reset.o
    0x100000dc        -       0x00000004   Zero   RW          192    .bss.g_IOMHandle    iom_spi.o
    0x100000e0        -       0x000033d8   Zero   RW          576    .bss.g_IOMhandles   am_hal_iom.o
    0x100034b8        -       0x000000d0   Zero   RW         1120    .bss.g_am_hal_uart_states  am_hal_uart.o
    0x10003588        -       0x00000001   Zero   RW          267    .bss.g_bTxtXlate    am_util_stdio.o
    0x10003589   0x00011cf6   0x00000003   PAD
    0x1000358c        -       0x00000004   Zero   RW          266    .bss.g_pfnCharPrint  am_util_stdio.o
    0x10003590        -       0x00000400   Zero   RW          268    .bss.g_prfbuf       am_util_stdio.o
    0x10003990        -       0x0000000a   Zero   RW           27    .bss.g_psTimeRegs   main.o
    0x1000399a   0x00011cf6   0x00000002   PAD
    0x1000399c        -       0x00000004   Zero   RW           53    .bss.g_sCOMUART     uart_debug.o
    0x100039a0        -       0x00000001   Zero   RW          104    .bss.pop_tail       iom_dma.o
    0x100039a1        -       0x00000001   Zero   RW          178    .bss.spi_cmd_completed  iom_spi.o
    0x100039a2        -       0x00000001   Zero   RW          179    .bss.spi_cmd_error  iom_spi.o
    0x100039a3        -       0x00000001   Zero   RW          180    .bss.spi_dma_completed  iom_spi.o
    0x100039a4        -       0x00000004   Zero   RW          105    .bss.transaction_rx_buff  iom_dma.o
    0x100039a8        -       0x00000004   Zero   RW          106    .bss.transaction_rx_size  iom_dma.o
    0x100039ac        -       0x00000018   Zero   RW          102    .bss.user_callbacks  iom_dma.o
    0x100039c4   0x00011cf6   0x00000004   PAD
    0x100039c8        -       0x00000000   Zero   RW          201    HEAP                startup_keil.o
    0x100039c8        -       0x00001000   Zero   RW          200    STACK               startup_keil.o


==============================================================================

Image component sizes


      Code (inc. data)   RO Data    RW Data    ZI Data      Debug   Object Name

      1082         18          3          0          0       7662   am_hal_cachectrl.o
       502         10          0          0          0      18042   am_hal_clkgen.o
       216          0          0          0          0       7245   am_hal_cmdq.o
       270          0        108          0          0      20492   am_hal_flash.o
      1406         10        354          0          0      31158   am_hal_gpio.o
        22          0          0          0          0        774   am_hal_interrupt.o
      1124          0          0          0      13272      41722   am_hal_iom.o
       210          0          0          0          0      11088   am_hal_itm.o
      1158          0        180          0          0      21483   am_hal_pwrctrl.o
       366          0          0          0          0       1952   am_hal_queue.o
         0          0          0          0          4       5104   am_hal_reset.o
        18          0          0          0          0       7883   am_hal_rtc.o
       252          0          0          0          0      10647   am_hal_tpiu.o
      3356          4          0          0        208      23507   am_hal_uart.o
        96          0          0          0          0       1225   am_util_delay.o
      3370        102          0          0       1029       8594   am_util_stdio.o
       182          0        256          0          0       2461   am_util_string.o
       462          0         96          0          0       1181   am_util_time.o
      1728          0          0          0          0      10693   amx8x5_device.o
      2832          6          0          0         57      16632   iom_dma.o
      1058          0         44         10          7       4369   iom_spi.o
      1274          0        262         76         10       4710   main.o
       332        274          0          0       4096       1244   startup_keil.o
       302          0         52          4          4       2983   uart_debug.o

    ----------------------------------------------------------------------
     21740        424       1388         92      18696     262851   Object Totals
         0          0         32          0          0          0   (incl. Generated)
       122          0          1          2          9          0   (incl. Padding)

    ----------------------------------------------------------------------

      Code (inc. data)   RO Data    RW Data    ZI Data      Debug   Library Member Name

         8          0          0          0          0         68   __main.o
         0          0          0          0          0          0   __rtentry.o
        12          0          0          0          0          0   __rtentry2.o
         6          0          0          0          0          0   __rtentry4.o
        52          8          0          0          0          0   __scatter.o
        26          0          0          0          0          0   __scatter_copy.o
        28          0          0          0          0          0   __scatter_zi.o
        18          0          0          0          0         80   exit.o
         6          0          0          0          0        152   heapauxi.o
         0          0          0          0          0          0   indicate_semi.o
         2          0          0          0          0          0   libinit.o
         6          0          0          0          0          0   libinit2.o
         2          0          0          0          0          0   libshutdown.o
         2          0          0          0          0          0   libshutdown2.o
         8          4          0          0         96         68   libspace.o
         2          0          0          0          0          0   rtexit.o
        10          0          0          0          0          0   rtexit2.o
        12          4          0          0          0         68   sys_exit.o
        74          0          0          0          0         80   sys_stackheap_outer.o
         2          0          0          0          0         68   use_no_semi.o
        98          4          0          0          0        140   d2f.o
       156          4          0          0          0        140   dnaninf.o
        26          0          0          0          0        116   fpinit.o
        10          0          0          0          0        116   fretinf.o
         0          0          0          0          0          0   usenofp.o
         0          0          0          4          0          0   am_hal_global.o

    ----------------------------------------------------------------------
       576         24          0          4         96       1096   Library Totals
        10          0          0          0          0          0   (incl. Padding)

    ----------------------------------------------------------------------

      Code (inc. data)   RO Data    RW Data    ZI Data      Debug   Library Name

       276         16          0          0         96        584   c_w.l
       290          8          0          0          0        512   fz_wm.l
         0          0          0          4          0          0   libam_hal.lib

    ----------------------------------------------------------------------
       576         24          0          4         96       1096   Library Totals

    ----------------------------------------------------------------------

==============================================================================


      Code (inc. data)   RO Data    RW Data    ZI Data      Debug   

     22316        448       1388         96      18792     262971   Grand Totals
     22316        448       1388         96      18792     262971   ELF Image Totals
     22316        448       1388         96          0          0   ROM Totals

==============================================================================

    Total RO  Size (Code + RO Data)                23704 (  23.15kB)
    Total RW  Size (RW Data + ZI Data)             18888 (  18.45kB)
    Total ROM Size (Code + RO Data + RW Data)      23800 (  23.24kB)

==============================================================================

